// Jest Snapshot v1, https://goo.gl/fbAQLP

exports[`BreakTimeNotificationContent should render 1`] = `
<div>
  <div
    class="max-h-[90vh] pb-4 portrait:max-w-[90vw]"
  >
    <div
      class="slider-wrapper mx-0 my-auto flex flex-col items-center gap-6"
    >
      <div
        class="slider flex max-h-[90vh] flex-col items-center justify-center gap-4 overflow-y-auto portrait:max-w-[90vw]"
      >
        <p
          class="w-full max-w-[60vw] pb-4 pl-6 text-sm font-bold text-adlerdarkblue md:text-xl lg:text-xl ultraWide:max-w-[40vw] mobile-landscape:pb-0 mobile-landscape:text-2xs mobile-portrait:max-w-[90dvw]"
        >
          shortBreakBase 
          infoMobilization 
        </p>
        <div
          class="align-center flex w-full flex-row justify-center"
        >
          <div
            class="flex w-12 items-center justify-start"
          />
          <img
            alt=""
            class="max-h-[60vh] rounded-lg object-cover portrait:max-w-[70vw]"
            id="slide-2"
            src="smallBreakContent-B3-slide1.png"
            title="Pausenhinweis"
          />
          <div
            class="flex w-12 items-center justify-end"
          >
            <div
              class=""
            >
              <button
                class="w-full justify-center px-2 py-1 aspect-square flex items-center text-sm rounded-lg hover:cursor-pointer lg:text-xl transition ease-in-out duration-75 active:translate-x-[1px] active:translate-y-[1px] active:border-b-2 active:border-r-2 active:border-transparent text-adlerdarkblue font-regular border-b-2 border-r-2 border-adlerdarkblue overflow-hidden box-border cursor-pointer bg-buttonbgblue landscape:hover:bg-adleryellow active:bg-adleryellow"
                data-testid="breaktime-nextSlide"
                title="nextSlideToolTip"
              >
                <p
                  class=""
                >
                  ➜
                </p>
              </button>
            </div>
          </div>
        </div>
      </div>
      <div
        class="slider-nav z-10 flex gap-4 lg:gap-6"
      >
        <button
          class="bg-yellow-400 h-2 w-2 rounded-full opacity-75 transition duration-200 ease-in-out hover:opacity-100 lg:h-4 lg:w-4"
          data-testid="breakSliderButton0"
        />
        <button
          class="bg-white h-2 w-2 rounded-full opacity-75 transition duration-200 ease-in-out hover:opacity-100 lg:h-4 lg:w-4"
          data-testid="breakSliderButton1"
        />
      </div>
    </div>
  </div>
</div>
`;
