// Jest Snapshot v1, https://goo.gl/fbAQLP

exports[`AvatarEditorClothingCategory should render 1`] = `
<div>
  <div
    class="flex flex-col"
  >
    <div
      class="border-b border-gray-500 pb-2 mobile-landscape:ml-6"
    >
      <button
        class="w-full content-start text-left"
        title="accordionCategoryToolTip"
      >
        <h1
          class="text-lg font-bold xl:text-2xl"
        >
          ▼ shirtsTitle
        </h1>
      </button>
    </div>
    <div>
      <div
        class="accordionOpening"
      >
        <div
          class="grid gap-5 pt-4 rounded-lg p-4 portrait:grid-cols-3 grid-cols-5"
        >
          <div
            class="w-full h-full"
          >
            <button
              class="flex-col px-2 py-1 justify-center flex items-center text-sm rounded-lg hover:cursor-pointer lg:text-xl transition ease-in-out duration-75 active:translate-x-[1px] active:translate-y-[1px] active:border-b-2 active:border-r-2 active:border-transparent text-adlerdarkblue font-regular border-b-2 border-r-2 border-adlerdarkblue overflow-hidden box-border cursor-pointer bg-buttonbgblue landscape:hover:bg-adleryellow active:bg-adleryellow"
              data-testid="shirts-topcloud"
              title="shirts-topcloud"
            >
              <div
                class="flex flex-col"
              >
                <img
                  alt="shirts-topcloudThumbnail"
                  class="w-full h-full"
                  src="aa-none_Thumbnail.png"
                />
              </div>
            </button>
          </div>
          <div
            class="w-full h-full"
          >
            <button
              class="flex-col px-2 py-1 justify-center flex items-center text-sm rounded-lg hover:cursor-pointer lg:text-xl transition ease-in-out duration-75 active:translate-x-[1px] active:translate-y-[1px] active:border-b-2 active:border-r-2 active:border-transparent text-adlerdarkblue font-regular border-b-2 border-r-2 border-adlerdarkblue overflow-hidden box-border cursor-pointer bg-buttonbgblue landscape:hover:bg-adleryellow active:bg-adleryellow"
              data-testid="shirts-dress"
              title="shirts-dress"
            >
              <div
                class="flex flex-col"
              >
                <img
                  alt="shirts-dressThumbnail"
                  class="w-full h-full"
                  src="aa-shirts-dress.png"
                />
              </div>
            </button>
          </div>
          <div
            class="w-full h-full"
          >
            <button
              class="flex-col px-2 py-1 justify-center flex items-center text-sm rounded-lg hover:cursor-pointer lg:text-xl transition ease-in-out duration-75 active:translate-x-[1px] active:translate-y-[1px] active:border-b-2 active:border-r-2 active:border-transparent text-adlerdarkblue font-regular border-b-2 border-r-2 border-adlerdarkblue overflow-hidden box-border cursor-pointer bg-buttonbgblue landscape:hover:bg-adleryellow active:bg-adleryellow"
              data-testid="shirts-hoodie"
              title="shirts-hoodie"
            >
              <div
                class="flex flex-col"
              >
                <img
                  alt="shirts-hoodieThumbnail"
                  class="w-full h-full"
                  src="aa-shirts-hoodie.png"
                />
              </div>
            </button>
          </div>
          <div
            class="w-full h-full"
          >
            <button
              class="flex-col px-2 py-1 justify-center flex items-center text-sm rounded-lg hover:cursor-pointer lg:text-xl transition ease-in-out duration-75 active:translate-x-[1px] active:translate-y-[1px] active:border-b-2 active:border-r-2 active:border-transparent text-adlerdarkblue font-regular border-b-2 border-r-2 border-adlerdarkblue overflow-hidden box-border cursor-pointer bg-buttonbgblue landscape:hover:bg-adleryellow active:bg-adleryellow"
              data-testid="shirts-longdress"
              title="shirts-longdress"
            >
              <div
                class="flex flex-col"
              >
                <img
                  alt="shirts-longdressThumbnail"
                  class="w-full h-full"
                  src="aa-shirts-longdress.png"
                />
              </div>
            </button>
          </div>
          <div
            class="w-full h-full"
          >
            <button
              class="flex-col px-2 py-1 justify-center flex items-center text-sm rounded-lg hover:cursor-pointer lg:text-xl transition ease-in-out duration-75 active:translate-x-[1px] active:translate-y-[1px] active:border-b-2 active:border-r-2 active:border-transparent text-adlerdarkblue font-regular border-b-2 border-r-2 border-adlerdarkblue overflow-hidden box-border cursor-pointer bg-buttonbgblue landscape:hover:bg-adleryellow active:bg-adleryellow"
              data-testid="shirts-sweatshirt"
              title="shirts-sweatshirt"
            >
              <div
                class="flex flex-col"
              >
                <img
                  alt="shirts-sweatshirtThumbnail"
                  class="w-full h-full"
                  src="aa-shirts-sweatshirt.png"
                />
              </div>
            </button>
          </div>
          <div
            class="w-full h-full"
          >
            <button
              class="flex-col px-2 py-1 justify-center flex items-center text-sm rounded-lg hover:cursor-pointer lg:text-xl transition ease-in-out duration-75 active:translate-x-[1px] active:translate-y-[1px] active:border-b-2 active:border-r-2 active:border-transparent text-adlerdarkblue font-regular border-b-2 border-r-2 border-adlerdarkblue overflow-hidden box-border cursor-pointer bg-buttonbgblue landscape:hover:bg-adleryellow active:bg-adleryellow"
              data-testid="shirts-topcoatsanta"
              title="shirts-topcoatsanta"
            >
              <div
                class="flex flex-col"
              >
                <img
                  alt="shirts-topcoatsantaThumbnail"
                  class="w-full h-full"
                  src="aa-shirts-topcoatsanta.png"
                />
              </div>
            </button>
          </div>
          <div
            class="w-full h-full"
          >
            <button
              class="flex-col px-2 py-1 justify-center flex items-center text-sm rounded-lg hover:cursor-pointer lg:text-xl transition ease-in-out duration-75 active:translate-x-[1px] active:translate-y-[1px] active:border-b-2 active:border-r-2 active:border-transparent text-adlerdarkblue font-regular border-b-2 border-r-2 border-adlerdarkblue overflow-hidden box-border cursor-pointer bg-buttonbgblue landscape:hover:bg-adleryellow active:bg-adleryellow"
              data-testid="shirts-topdresssanta"
              title="shirts-topdresssanta"
            >
              <div
                class="flex flex-col"
              >
                <img
                  alt="shirts-topdresssantaThumbnail"
                  class="w-full h-full"
                  src="aa-shirts-topdresssanta.png"
                />
              </div>
            </button>
          </div>
          <div
            class="w-full h-full"
          >
            <button
              class="flex-col px-2 py-1 justify-center flex items-center text-sm rounded-lg hover:cursor-pointer lg:text-xl transition ease-in-out duration-75 active:translate-x-[1px] active:translate-y-[1px] active:border-b-2 active:border-r-2 active:border-transparent text-adlerdarkblue font-regular border-b-2 border-r-2 border-adlerdarkblue overflow-hidden box-border cursor-pointer bg-buttonbgblue landscape:hover:bg-adleryellow active:bg-adleryellow"
              data-testid="shirts-vest"
              title="shirts-vest"
            >
              <div
                class="flex flex-col"
              >
                <img
                  alt="shirts-vestThumbnail"
                  class="w-full h-full"
                  src="aa-shirts-vest.png"
                />
              </div>
            </button>
          </div>
        </div>
        <div
          class="m-2 w-full p-2"
        >
          <div
            class=""
          >
            <div
              class=""
            >
              <button
                class="px-2 py-1 justify-center flex items-center text-sm rounded-lg hover:cursor-pointer lg:text-xl transition ease-in-out duration-75 active:translate-x-[1px] active:translate-y-[1px] active:border-b-2 active:border-r-2 active:border-transparent text-adlerdarkblue font-regular border-b-2 border-r-2 border-adlerdarkblue overflow-hidden box-border cursor-pointer bg-buttonbgblue landscape:hover:bg-adleryellow active:bg-adleryellow"
                title="ColorButtonToolTip"
              >
                <div
                  class="border-2 border-black rounded m-2 h-5 w-5"
                  style="background-color: rgb(75, 42, 26);"
                />
                Brown 2
              </button>
            </div>
          </div>
        </div>
      </div>
    </div>
    <div
      class="border-b border-gray-500 pb-2 mobile-landscape:ml-6"
    >
      <button
        class="w-full content-start text-left"
        title="accordionCategoryToolTip"
      >
        <h1
          class="text-lg font-bold xl:text-2xl"
        >
          ▼ pantsTitle
        </h1>
      </button>
    </div>
    <div>
      <div
        class="accordionOpening"
      >
        <div
          class="grid gap-5 pt-4 rounded-lg p-4 portrait:grid-cols-3 grid-cols-5"
        >
          <div
            class="w-full h-full"
          >
            <button
              class="flex-col px-2 py-1 justify-center flex items-center text-sm rounded-lg hover:cursor-pointer lg:text-xl transition ease-in-out duration-75 active:translate-x-[1px] active:translate-y-[1px] active:border-b-2 active:border-r-2 active:border-transparent text-adlerdarkblue font-regular border-b-2 border-r-2 border-adlerdarkblue overflow-hidden box-border cursor-pointer bg-buttonbgblue landscape:hover:bg-adleryellow active:bg-adleryellow"
              data-testid="pants-pantscloud"
              title="pants-pantscloud"
            >
              <div
                class="flex flex-col"
              >
                <img
                  alt="pants-pantscloudThumbnail"
                  class="w-full h-full"
                  src="aa-none_Thumbnail.png"
                />
              </div>
            </button>
          </div>
          <div
            class="w-full h-full"
          >
            <button
              class="flex-col px-2 py-1 justify-center flex items-center text-sm rounded-lg hover:cursor-pointer lg:text-xl transition ease-in-out duration-75 active:translate-x-[1px] active:translate-y-[1px] active:border-b-2 active:border-r-2 active:border-transparent text-adlerdarkblue font-regular border-b-2 border-r-2 border-adlerdarkblue overflow-hidden box-border cursor-pointer bg-buttonbgblue landscape:hover:bg-adleryellow active:bg-adleryellow"
              data-testid="pants-cargo"
              title="pants-cargo"
            >
              <div
                class="flex flex-col"
              >
                <img
                  alt="pants-cargoThumbnail"
                  class="w-full h-full"
                  src="aa-pants-cargo.png"
                />
              </div>
            </button>
          </div>
          <div
            class="w-full h-full"
          >
            <button
              class="flex-col px-2 py-1 justify-center flex items-center text-sm rounded-lg hover:cursor-pointer lg:text-xl transition ease-in-out duration-75 active:translate-x-[1px] active:translate-y-[1px] active:border-b-2 active:border-r-2 active:border-transparent text-adlerdarkblue font-regular border-b-2 border-r-2 border-adlerdarkblue overflow-hidden box-border cursor-pointer bg-buttonbgblue landscape:hover:bg-adleryellow active:bg-adleryellow"
              data-testid="pants-flared"
              title="pants-flared"
            >
              <div
                class="flex flex-col"
              >
                <img
                  alt="pants-flaredThumbnail"
                  class="w-full h-full"
                  src="aa-pants-flared.png"
                />
              </div>
            </button>
          </div>
          <div
            class="w-full h-full"
          >
            <button
              class="flex-col px-2 py-1 justify-center flex items-center text-sm rounded-lg hover:cursor-pointer lg:text-xl transition ease-in-out duration-75 active:translate-x-[1px] active:translate-y-[1px] active:border-b-2 active:border-r-2 active:border-transparent text-adlerdarkblue font-regular border-b-2 border-r-2 border-adlerdarkblue overflow-hidden box-border cursor-pointer bg-buttonbgblue landscape:hover:bg-adleryellow active:bg-adleryellow"
              data-testid="pants-jeans"
              title="pants-jeans"
            >
              <div
                class="flex flex-col"
              >
                <img
                  alt="pants-jeansThumbnail"
                  class="w-full h-full"
                  src="aa-pants-jeans.png"
                />
              </div>
            </button>
          </div>
          <div
            class="w-full h-full"
          >
            <button
              class="flex-col px-2 py-1 justify-center flex items-center text-sm rounded-lg hover:cursor-pointer lg:text-xl transition ease-in-out duration-75 active:translate-x-[1px] active:translate-y-[1px] active:border-b-2 active:border-r-2 active:border-transparent text-adlerdarkblue font-regular border-b-2 border-r-2 border-adlerdarkblue overflow-hidden box-border cursor-pointer bg-buttonbgblue landscape:hover:bg-adleryellow active:bg-adleryellow"
              data-testid="pants-santa"
              title="pants-santa"
            >
              <div
                class="flex flex-col"
              >
                <img
                  alt="pants-santaThumbnail"
                  class="w-full h-full"
                  src="aa-pants-santa.png"
                />
              </div>
            </button>
          </div>
          <div
            class="w-full h-full"
          >
            <button
              class="flex-col px-2 py-1 justify-center flex items-center text-sm rounded-lg hover:cursor-pointer lg:text-xl transition ease-in-out duration-75 active:translate-x-[1px] active:translate-y-[1px] active:border-b-2 active:border-r-2 active:border-transparent text-adlerdarkblue font-regular border-b-2 border-r-2 border-adlerdarkblue overflow-hidden box-border cursor-pointer bg-buttonbgblue landscape:hover:bg-adleryellow active:bg-adleryellow"
              data-testid="pants-stockings"
              title="pants-stockings"
            >
              <div
                class="flex flex-col"
              >
                <img
                  alt="pants-stockingsThumbnail"
                  class="w-full h-full"
                  src="aa-pants-stockings.png"
                />
              </div>
            </button>
          </div>
        </div>
        <div
          class="m-2 w-full p-2"
        >
          <div
            class=""
          >
            <div
              class=""
            >
              <button
                class="px-2 py-1 justify-center flex items-center text-sm rounded-lg hover:cursor-pointer lg:text-xl transition ease-in-out duration-75 active:translate-x-[1px] active:translate-y-[1px] active:border-b-2 active:border-r-2 active:border-transparent text-adlerdarkblue font-regular border-b-2 border-r-2 border-adlerdarkblue overflow-hidden box-border cursor-pointer bg-buttonbgblue landscape:hover:bg-adleryellow active:bg-adleryellow"
                title="ColorButtonToolTip"
              >
                <div
                  class="border-2 border-black rounded m-2 h-5 w-5"
                  style="background-color: rgb(75, 42, 26);"
                />
                Brown 2
              </button>
            </div>
          </div>
        </div>
      </div>
    </div>
    <div
      class="border-b border-gray-500 pb-2 mobile-landscape:ml-6"
    >
      <button
        class="w-full content-start text-left"
        title="accordionCategoryToolTip"
      >
        <h1
          class="text-lg font-bold xl:text-2xl"
        >
          ▼ shoesTitle
        </h1>
      </button>
    </div>
    <div>
      <div
        class="accordionOpening"
      >
        <div
          class="grid gap-5 pt-4 rounded-lg p-4 portrait:grid-cols-3 grid-cols-5"
        >
          <div
            class="w-full h-full"
          >
            <button
              class="flex-col px-2 py-1 justify-center flex items-center text-sm rounded-lg hover:cursor-pointer lg:text-xl transition ease-in-out duration-75 active:translate-x-[1px] active:translate-y-[1px] active:border-b-2 active:border-r-2 active:border-transparent text-adlerdarkblue font-regular border-b-2 border-r-2 border-adlerdarkblue overflow-hidden box-border cursor-pointer bg-buttonbgblue landscape:hover:bg-adleryellow active:bg-adleryellow"
              data-testid="shoes-shoescloud"
              title="shoes-shoescloud"
            >
              <div
                class="flex flex-col"
              >
                <img
                  alt="shoes-shoescloudThumbnail"
                  class="w-full h-full"
                  src="aa-none_Thumbnail.png"
                />
              </div>
            </button>
          </div>
          <div
            class="w-full h-full"
          >
            <button
              class="flex-col px-2 py-1 justify-center flex items-center text-sm rounded-lg hover:cursor-pointer lg:text-xl transition ease-in-out duration-75 active:translate-x-[1px] active:translate-y-[1px] active:border-b-2 active:border-r-2 active:border-transparent text-adlerdarkblue font-regular border-b-2 border-r-2 border-adlerdarkblue overflow-hidden box-border cursor-pointer bg-buttonbgblue landscape:hover:bg-adleryellow active:bg-adleryellow"
              data-testid="shoes-boots"
              title="shoes-boots"
            >
              <div
                class="flex flex-col"
              >
                <img
                  alt="shoes-bootsThumbnail"
                  class="w-full h-full"
                  src="aa-shoes-boots.png"
                />
              </div>
            </button>
          </div>
          <div
            class="w-full h-full"
          >
            <button
              class="flex-col px-2 py-1 justify-center flex items-center text-sm rounded-lg hover:cursor-pointer lg:text-xl transition ease-in-out duration-75 active:translate-x-[1px] active:translate-y-[1px] active:border-b-2 active:border-r-2 active:border-transparent text-adlerdarkblue font-regular border-b-2 border-r-2 border-adlerdarkblue overflow-hidden box-border cursor-pointer bg-buttonbgblue landscape:hover:bg-adleryellow active:bg-adleryellow"
              data-testid="shoes-santaboots"
              title="shoes-santaboots"
            >
              <div
                class="flex flex-col"
              >
                <img
                  alt="shoes-santabootsThumbnail"
                  class="w-full h-full"
                  src="aa-shoes-santaboots.png"
                />
              </div>
            </button>
          </div>
          <div
            class="w-full h-full"
          >
            <button
              class="flex-col px-2 py-1 justify-center flex items-center text-sm rounded-lg hover:cursor-pointer lg:text-xl transition ease-in-out duration-75 active:translate-x-[1px] active:translate-y-[1px] active:border-b-2 active:border-r-2 active:border-transparent text-adlerdarkblue font-regular border-b-2 border-r-2 border-adlerdarkblue overflow-hidden box-border cursor-pointer bg-buttonbgblue landscape:hover:bg-adleryellow active:bg-adleryellow"
              data-testid="shoes-santaheels"
              title="shoes-santaheels"
            >
              <div
                class="flex flex-col"
              >
                <img
                  alt="shoes-santaheelsThumbnail"
                  class="w-full h-full"
                  src="aa-shoes-santaheels.png"
                />
              </div>
            </button>
          </div>
          <div
            class="w-full h-full"
          >
            <button
              class="flex-col px-2 py-1 justify-center flex items-center text-sm rounded-lg hover:cursor-pointer lg:text-xl transition ease-in-out duration-75 active:translate-x-[1px] active:translate-y-[1px] active:border-b-2 active:border-r-2 active:border-transparent text-adlerdarkblue font-regular border-b-2 border-r-2 border-adlerdarkblue overflow-hidden box-border cursor-pointer bg-buttonbgblue landscape:hover:bg-adleryellow active:bg-adleryellow"
              data-testid="shoes-trainers"
              title="shoes-trainers"
            >
              <div
                class="flex flex-col"
              >
                <img
                  alt="shoes-trainersThumbnail"
                  class="w-full h-full"
                  src="aa-shoes-trainers.png"
                />
              </div>
            </button>
          </div>
        </div>
        <div
          class="m-2 w-full p-2"
        >
          <div
            class=""
          >
            <div
              class=""
            >
              <button
                class="px-2 py-1 justify-center flex items-center text-sm rounded-lg hover:cursor-pointer lg:text-xl transition ease-in-out duration-75 active:translate-x-[1px] active:translate-y-[1px] active:border-b-2 active:border-r-2 active:border-transparent text-adlerdarkblue font-regular border-b-2 border-r-2 border-adlerdarkblue overflow-hidden box-border cursor-pointer bg-buttonbgblue landscape:hover:bg-adleryellow active:bg-adleryellow"
                title="ColorButtonToolTip"
              >
                <div
                  class="border-2 border-black rounded m-2 h-5 w-5"
                  style="background-color: rgb(75, 42, 26);"
                />
                Brown 2
              </button>
            </div>
          </div>
        </div>
      </div>
    </div>
  </div>
</div>
`;
