// Jest Snapshot v1, https://goo.gl/fbAQLP

exports[`AvatarEditorHairCategory should render 1`] = `
<div>
  <div
    class="flex flex-col"
  >
    <div
      class="border-b border-gray-500 pb-2 mobile-landscape:ml-6"
    >
      <button
        class="w-full content-start text-left"
        data-testid="hair_accordion"
        title="accordionCategoryToolTip"
      >
        <h1
          class="text-lg font-bold xl:text-2xl"
        >
          ▼ hairstylesTitle
        </h1>
      </button>
    </div>
    <div>
      <div
        class="accordionOpening"
      >
        <div
          class="grid gap-5 pt-4 rounded-lg p-4 portrait:grid-cols-3 grid-cols-5"
        >
          <div
            class="w-full h-full"
          >
            <button
              class="flex-col px-2 py-1 justify-center flex items-center text-sm rounded-lg hover:cursor-pointer lg:text-xl transition ease-in-out duration-75 active:translate-x-[1px] active:translate-y-[1px] active:border-b-2 active:border-r-2 active:border-transparent text-adlerdarkblue font-regular border-b-2 border-r-2 border-adlerdarkblue overflow-hidden box-border cursor-pointer bg-adleryellow landscape:hover:bg-adleryellow active:bg-adleryellow"
              data-testid="none"
              title="none"
            >
              <div
                class="flex flex-col"
              >
                <img
                  alt="noneThumbnail"
                  class="w-full h-full"
                  src="aa-none_Thumbnail.png"
                />
              </div>
            </button>
          </div>
          <div
            class="w-full h-full"
          >
            <button
              class="flex-col px-2 py-1 justify-center flex items-center text-sm rounded-lg hover:cursor-pointer lg:text-xl transition ease-in-out duration-75 active:translate-x-[1px] active:translate-y-[1px] active:border-b-2 active:border-r-2 active:border-transparent text-adlerdarkblue font-regular border-b-2 border-r-2 border-adlerdarkblue overflow-hidden box-border cursor-pointer bg-buttonbgblue landscape:hover:bg-adleryellow active:bg-adleryellow"
              data-testid="hair-backhead"
              title="hair-backhead"
            >
              <div
                class="flex flex-col"
              >
                <img
                  alt="hair-backheadThumbnail"
                  class="w-full h-full"
                  src="aa-hair-backhead.png"
                />
              </div>
            </button>
          </div>
          <div
            class="w-full h-full"
          >
            <button
              class="flex-col px-2 py-1 justify-center flex items-center text-sm rounded-lg hover:cursor-pointer lg:text-xl transition ease-in-out duration-75 active:translate-x-[1px] active:translate-y-[1px] active:border-b-2 active:border-r-2 active:border-transparent text-adlerdarkblue font-regular border-b-2 border-r-2 border-adlerdarkblue overflow-hidden box-border cursor-pointer bg-buttonbgblue landscape:hover:bg-adleryellow active:bg-adleryellow"
              data-testid="hair-dreads-bandana"
              title="hair-dreads-bandana"
            >
              <div
                class="flex flex-col"
              >
                <img
                  alt="hair-dreads-bandanaThumbnail"
                  class="w-full h-full"
                  src="aa-hair-dreads-bandana.png"
                />
              </div>
            </button>
          </div>
          <div
            class="w-full h-full"
          >
            <button
              class="flex-col px-2 py-1 justify-center flex items-center text-sm rounded-lg hover:cursor-pointer lg:text-xl transition ease-in-out duration-75 active:translate-x-[1px] active:translate-y-[1px] active:border-b-2 active:border-r-2 active:border-transparent text-adlerdarkblue font-regular border-b-2 border-r-2 border-adlerdarkblue overflow-hidden box-border cursor-pointer bg-buttonbgblue landscape:hover:bg-adleryellow active:bg-adleryellow"
              data-testid="hair-dreads-downknot"
              title="hair-dreads-downknot"
            >
              <div
                class="flex flex-col"
              >
                <img
                  alt="hair-dreads-downknotThumbnail"
                  class="w-full h-full"
                  src="aa-hair-dreads-downknot.png"
                />
              </div>
            </button>
          </div>
          <div
            class="w-full h-full"
          >
            <button
              class="flex-col px-2 py-1 justify-center flex items-center text-sm rounded-lg hover:cursor-pointer lg:text-xl transition ease-in-out duration-75 active:translate-x-[1px] active:translate-y-[1px] active:border-b-2 active:border-r-2 active:border-transparent text-adlerdarkblue font-regular border-b-2 border-r-2 border-adlerdarkblue overflow-hidden box-border cursor-pointer bg-buttonbgblue landscape:hover:bg-adleryellow active:bg-adleryellow"
              data-testid="hair-dreads-topback"
              title="hair-dreads-topback"
            >
              <div
                class="flex flex-col"
              >
                <img
                  alt="hair-dreads-topbackThumbnail"
                  class="w-full h-full"
                  src="aa-hair-dreads-topback.png"
                />
              </div>
            </button>
          </div>
          <div
            class="w-full h-full"
          >
            <button
              class="flex-col px-2 py-1 justify-center flex items-center text-sm rounded-lg hover:cursor-pointer lg:text-xl transition ease-in-out duration-75 active:translate-x-[1px] active:translate-y-[1px] active:border-b-2 active:border-r-2 active:border-transparent text-adlerdarkblue font-regular border-b-2 border-r-2 border-adlerdarkblue overflow-hidden box-border cursor-pointer bg-buttonbgblue landscape:hover:bg-adleryellow active:bg-adleryellow"
              data-testid="hair-long-bangs"
              title="hair-long-bangs"
            >
              <div
                class="flex flex-col"
              >
                <img
                  alt="hair-long-bangsThumbnail"
                  class="w-full h-full"
                  src="aa-hair-long-bangs.png"
                />
              </div>
            </button>
          </div>
          <div
            class="w-full h-full"
          >
            <button
              class="flex-col px-2 py-1 justify-center flex items-center text-sm rounded-lg hover:cursor-pointer lg:text-xl transition ease-in-out duration-75 active:translate-x-[1px] active:translate-y-[1px] active:border-b-2 active:border-r-2 active:border-transparent text-adlerdarkblue font-regular border-b-2 border-r-2 border-adlerdarkblue overflow-hidden box-border cursor-pointer bg-buttonbgblue landscape:hover:bg-adleryellow active:bg-adleryellow"
              data-testid="hair-long-clampback"
              title="hair-long-clampback"
            >
              <div
                class="flex flex-col"
              >
                <img
                  alt="hair-long-clampbackThumbnail"
                  class="w-full h-full"
                  src="aa-hair-long-clampback.png"
                />
              </div>
            </button>
          </div>
          <div
            class="w-full h-full"
          >
            <button
              class="flex-col px-2 py-1 justify-center flex items-center text-sm rounded-lg hover:cursor-pointer lg:text-xl transition ease-in-out duration-75 active:translate-x-[1px] active:translate-y-[1px] active:border-b-2 active:border-r-2 active:border-transparent text-adlerdarkblue font-regular border-b-2 border-r-2 border-adlerdarkblue overflow-hidden box-border cursor-pointer bg-buttonbgblue landscape:hover:bg-adleryellow active:bg-adleryellow"
              data-testid="hair-long-wavy"
              title="hair-long-wavy"
            >
              <div
                class="flex flex-col"
              >
                <img
                  alt="hair-long-wavyThumbnail"
                  class="w-full h-full"
                  src="aa-hair-long-wavy.png"
                />
              </div>
            </button>
          </div>
          <div
            class="w-full h-full"
          >
            <button
              class="flex-col px-2 py-1 justify-center flex items-center text-sm rounded-lg hover:cursor-pointer lg:text-xl transition ease-in-out duration-75 active:translate-x-[1px] active:translate-y-[1px] active:border-b-2 active:border-r-2 active:border-transparent text-adlerdarkblue font-regular border-b-2 border-r-2 border-adlerdarkblue overflow-hidden box-border cursor-pointer bg-buttonbgblue landscape:hover:bg-adleryellow active:bg-adleryellow"
              data-testid="hair-long"
              title="hair-long"
            >
              <div
                class="flex flex-col"
              >
                <img
                  alt="hair-longThumbnail"
                  class="w-full h-full"
                  src="aa-hair-long.png"
                />
              </div>
            </button>
          </div>
          <div
            class="w-full h-full"
          >
            <button
              class="flex-col px-2 py-1 justify-center flex items-center text-sm rounded-lg hover:cursor-pointer lg:text-xl transition ease-in-out duration-75 active:translate-x-[1px] active:translate-y-[1px] active:border-b-2 active:border-r-2 active:border-transparent text-adlerdarkblue font-regular border-b-2 border-r-2 border-adlerdarkblue overflow-hidden box-border cursor-pointer bg-buttonbgblue landscape:hover:bg-adleryellow active:bg-adleryellow"
              data-testid="hair-medium-dut"
              title="hair-medium-dut"
            >
              <div
                class="flex flex-col"
              >
                <img
                  alt="hair-medium-dutThumbnail"
                  class="w-full h-full"
                  src="aa-hair-medium-dut.png"
                />
              </div>
            </button>
          </div>
          <div
            class="w-full h-full"
          >
            <button
              class="flex-col px-2 py-1 justify-center flex items-center text-sm rounded-lg hover:cursor-pointer lg:text-xl transition ease-in-out duration-75 active:translate-x-[1px] active:translate-y-[1px] active:border-b-2 active:border-r-2 active:border-transparent text-adlerdarkblue font-regular border-b-2 border-r-2 border-adlerdarkblue overflow-hidden box-border cursor-pointer bg-buttonbgblue landscape:hover:bg-adleryellow active:bg-adleryellow"
              data-testid="hair-medium-napoleon"
              title="hair-medium-napoleon"
            >
              <div
                class="flex flex-col"
              >
                <img
                  alt="hair-medium-napoleonThumbnail"
                  class="w-full h-full"
                  src="aa-hair-medium-napoleon.png"
                />
              </div>
            </button>
          </div>
          <div
            class="w-full h-full"
          >
            <button
              class="flex-col px-2 py-1 justify-center flex items-center text-sm rounded-lg hover:cursor-pointer lg:text-xl transition ease-in-out duration-75 active:translate-x-[1px] active:translate-y-[1px] active:border-b-2 active:border-r-2 active:border-transparent text-adlerdarkblue font-regular border-b-2 border-r-2 border-adlerdarkblue overflow-hidden box-border cursor-pointer bg-buttonbgblue landscape:hover:bg-adleryellow active:bg-adleryellow"
              data-testid="hair-medium-ponytail"
              title="hair-medium-ponytail"
            >
              <div
                class="flex flex-col"
              >
                <img
                  alt="hair-medium-ponytailThumbnail"
                  class="w-full h-full"
                  src="aa-hair-medium-ponytail.png"
                />
              </div>
            </button>
          </div>
          <div
            class="w-full h-full"
          >
            <button
              class="flex-col px-2 py-1 justify-center flex items-center text-sm rounded-lg hover:cursor-pointer lg:text-xl transition ease-in-out duration-75 active:translate-x-[1px] active:translate-y-[1px] active:border-b-2 active:border-r-2 active:border-transparent text-adlerdarkblue font-regular border-b-2 border-r-2 border-adlerdarkblue overflow-hidden box-border cursor-pointer bg-buttonbgblue landscape:hover:bg-adleryellow active:bg-adleryellow"
              data-testid="hair-medium-pushed-back"
              title="hair-medium-pushed-back"
            >
              <div
                class="flex flex-col"
              >
                <img
                  alt="hair-medium-pushed-backThumbnail"
                  class="w-full h-full"
                  src="aa-hair-medium-pushed-back.png"
                />
              </div>
            </button>
          </div>
          <div
            class="w-full h-full"
          >
            <button
              class="flex-col px-2 py-1 justify-center flex items-center text-sm rounded-lg hover:cursor-pointer lg:text-xl transition ease-in-out duration-75 active:translate-x-[1px] active:translate-y-[1px] active:border-b-2 active:border-r-2 active:border-transparent text-adlerdarkblue font-regular border-b-2 border-r-2 border-adlerdarkblue overflow-hidden box-border cursor-pointer bg-buttonbgblue landscape:hover:bg-adleryellow active:bg-adleryellow"
              data-testid="hair-medium-shaggy"
              title="hair-medium-shaggy"
            >
              <div
                class="flex flex-col"
              >
                <img
                  alt="hair-medium-shaggyThumbnail"
                  class="w-full h-full"
                  src="aa-hair-medium-shaggy.png"
                />
              </div>
            </button>
          </div>
          <div
            class="w-full h-full"
          >
            <button
              class="flex-col px-2 py-1 justify-center flex items-center text-sm rounded-lg hover:cursor-pointer lg:text-xl transition ease-in-out duration-75 active:translate-x-[1px] active:translate-y-[1px] active:border-b-2 active:border-r-2 active:border-transparent text-adlerdarkblue font-regular border-b-2 border-r-2 border-adlerdarkblue overflow-hidden box-border cursor-pointer bg-buttonbgblue landscape:hover:bg-adleryellow active:bg-adleryellow"
              data-testid="hair-medium-straight"
              title="hair-medium-straight"
            >
              <div
                class="flex flex-col"
              >
                <img
                  alt="hair-medium-straightThumbnail"
                  class="w-full h-full"
                  src="aa-hair-medium-straight.png"
                />
              </div>
            </button>
          </div>
          <div
            class="w-full h-full"
          >
            <button
              class="flex-col px-2 py-1 justify-center flex items-center text-sm rounded-lg hover:cursor-pointer lg:text-xl transition ease-in-out duration-75 active:translate-x-[1px] active:translate-y-[1px] active:border-b-2 active:border-r-2 active:border-transparent text-adlerdarkblue font-regular border-b-2 border-r-2 border-adlerdarkblue overflow-hidden box-border cursor-pointer bg-buttonbgblue landscape:hover:bg-adleryellow active:bg-adleryellow"
              data-testid="hair-short-bald"
              title="hair-short-bald"
            >
              <div
                class="flex flex-col"
              >
                <img
                  alt="hair-short-baldThumbnail"
                  class="w-full h-full"
                  src="aa-hair-short-bald.png"
                />
              </div>
            </button>
          </div>
          <div
            class="w-full h-full"
          >
            <button
              class="flex-col px-2 py-1 justify-center flex items-center text-sm rounded-lg hover:cursor-pointer lg:text-xl transition ease-in-out duration-75 active:translate-x-[1px] active:translate-y-[1px] active:border-b-2 active:border-r-2 active:border-transparent text-adlerdarkblue font-regular border-b-2 border-r-2 border-adlerdarkblue overflow-hidden box-border cursor-pointer bg-buttonbgblue landscape:hover:bg-adleryellow active:bg-adleryellow"
              data-testid="hair-short-balding"
              title="hair-short-balding"
            >
              <div
                class="flex flex-col"
              >
                <img
                  alt="hair-short-baldingThumbnail"
                  class="w-full h-full"
                  src="aa-hair-short-balding.png"
                />
              </div>
            </button>
          </div>
          <div
            class="w-full h-full"
          >
            <button
              class="flex-col px-2 py-1 justify-center flex items-center text-sm rounded-lg hover:cursor-pointer lg:text-xl transition ease-in-out duration-75 active:translate-x-[1px] active:translate-y-[1px] active:border-b-2 active:border-r-2 active:border-transparent text-adlerdarkblue font-regular border-b-2 border-r-2 border-adlerdarkblue overflow-hidden box-border cursor-pointer bg-buttonbgblue landscape:hover:bg-adleryellow active:bg-adleryellow"
              data-testid="hair-short-baldtop"
              title="hair-short-baldtop"
            >
              <div
                class="flex flex-col"
              >
                <img
                  alt="hair-short-baldtopThumbnail"
                  class="w-full h-full"
                  src="aa-hair-short-baldtop.png"
                />
              </div>
            </button>
          </div>
          <div
            class="w-full h-full"
          >
            <button
              class="flex-col px-2 py-1 justify-center flex items-center text-sm rounded-lg hover:cursor-pointer lg:text-xl transition ease-in-out duration-75 active:translate-x-[1px] active:translate-y-[1px] active:border-b-2 active:border-r-2 active:border-transparent text-adlerdarkblue font-regular border-b-2 border-r-2 border-adlerdarkblue overflow-hidden box-border cursor-pointer bg-buttonbgblue landscape:hover:bg-adleryellow active:bg-adleryellow"
              data-testid="hair-short-curly"
              title="hair-short-curly"
            >
              <div
                class="flex flex-col"
              >
                <img
                  alt="hair-short-curlyThumbnail"
                  class="w-full h-full"
                  src="aa-hair-short-curly.png"
                />
              </div>
            </button>
          </div>
          <div
            class="w-full h-full"
          >
            <button
              class="flex-col px-2 py-1 justify-center flex items-center text-sm rounded-lg hover:cursor-pointer lg:text-xl transition ease-in-out duration-75 active:translate-x-[1px] active:translate-y-[1px] active:border-b-2 active:border-r-2 active:border-transparent text-adlerdarkblue font-regular border-b-2 border-r-2 border-adlerdarkblue overflow-hidden box-border cursor-pointer bg-buttonbgblue landscape:hover:bg-adleryellow active:bg-adleryellow"
              data-testid="hair-short-faux"
              title="hair-short-faux"
            >
              <div
                class="flex flex-col"
              >
                <img
                  alt="hair-short-fauxThumbnail"
                  class="w-full h-full"
                  src="aa-hair-short-faux.png"
                />
              </div>
            </button>
          </div>
          <div
            class="w-full h-full"
          >
            <button
              class="flex-col px-2 py-1 justify-center flex items-center text-sm rounded-lg hover:cursor-pointer lg:text-xl transition ease-in-out duration-75 active:translate-x-[1px] active:translate-y-[1px] active:border-b-2 active:border-r-2 active:border-transparent text-adlerdarkblue font-regular border-b-2 border-r-2 border-adlerdarkblue overflow-hidden box-border cursor-pointer bg-buttonbgblue landscape:hover:bg-adleryellow active:bg-adleryellow"
              data-testid="hair-short-fringe-parted"
              title="hair-short-fringe-parted"
            >
              <div
                class="flex flex-col"
              >
                <img
                  alt="hair-short-fringe-partedThumbnail"
                  class="w-full h-full"
                  src="aa-hair-short-fringe-parted.png"
                />
              </div>
            </button>
          </div>
          <div
            class="w-full h-full"
          >
            <button
              class="flex-col px-2 py-1 justify-center flex items-center text-sm rounded-lg hover:cursor-pointer lg:text-xl transition ease-in-out duration-75 active:translate-x-[1px] active:translate-y-[1px] active:border-b-2 active:border-r-2 active:border-transparent text-adlerdarkblue font-regular border-b-2 border-r-2 border-adlerdarkblue overflow-hidden box-border cursor-pointer bg-buttonbgblue landscape:hover:bg-adleryellow active:bg-adleryellow"
              data-testid="hair-short-front-parting"
              title="hair-short-front-parting"
            >
              <div
                class="flex flex-col"
              >
                <img
                  alt="hair-short-front-partingThumbnail"
                  class="w-full h-full"
                  src="aa-hair-short-front-parting.png"
                />
              </div>
            </button>
          </div>
          <div
            class="w-full h-full"
          >
            <button
              class="flex-col px-2 py-1 justify-center flex items-center text-sm rounded-lg hover:cursor-pointer lg:text-xl transition ease-in-out duration-75 active:translate-x-[1px] active:translate-y-[1px] active:border-b-2 active:border-r-2 active:border-transparent text-adlerdarkblue font-regular border-b-2 border-r-2 border-adlerdarkblue overflow-hidden box-border cursor-pointer bg-buttonbgblue landscape:hover:bg-adleryellow active:bg-adleryellow"
              data-testid="hair-short-nerdy"
              title="hair-short-nerdy"
            >
              <div
                class="flex flex-col"
              >
                <img
                  alt="hair-short-nerdyThumbnail"
                  class="w-full h-full"
                  src="aa-hair-short-nerdy.png"
                />
              </div>
            </button>
          </div>
          <div
            class="w-full h-full"
          >
            <button
              class="flex-col px-2 py-1 justify-center flex items-center text-sm rounded-lg hover:cursor-pointer lg:text-xl transition ease-in-out duration-75 active:translate-x-[1px] active:translate-y-[1px] active:border-b-2 active:border-r-2 active:border-transparent text-adlerdarkblue font-regular border-b-2 border-r-2 border-adlerdarkblue overflow-hidden box-border cursor-pointer bg-buttonbgblue landscape:hover:bg-adleryellow active:bg-adleryellow"
              data-testid="hair-short-pigtails"
              title="hair-short-pigtails"
            >
              <div
                class="flex flex-col"
              >
                <img
                  alt="hair-short-pigtailsThumbnail"
                  class="w-full h-full"
                  src="aa-hair-short-pigtails.png"
                />
              </div>
            </button>
          </div>
          <div
            class="w-full h-full"
          >
            <button
              class="flex-col px-2 py-1 justify-center flex items-center text-sm rounded-lg hover:cursor-pointer lg:text-xl transition ease-in-out duration-75 active:translate-x-[1px] active:translate-y-[1px] active:border-b-2 active:border-r-2 active:border-transparent text-adlerdarkblue font-regular border-b-2 border-r-2 border-adlerdarkblue overflow-hidden box-border cursor-pointer bg-buttonbgblue landscape:hover:bg-adleryellow active:bg-adleryellow"
              data-testid="hair-short-pigtails-punk"
              title="hair-short-pigtails-punk"
            >
              <div
                class="flex flex-col"
              >
                <img
                  alt="hair-short-pigtails-punkThumbnail"
                  class="w-full h-full"
                  src="aa-hair-short-pigtails-punk.png"
                />
              </div>
            </button>
          </div>
          <div
            class="w-full h-full"
          >
            <button
              class="flex-col px-2 py-1 justify-center flex items-center text-sm rounded-lg hover:cursor-pointer lg:text-xl transition ease-in-out duration-75 active:translate-x-[1px] active:translate-y-[1px] active:border-b-2 active:border-r-2 active:border-transparent text-adlerdarkblue font-regular border-b-2 border-r-2 border-adlerdarkblue overflow-hidden box-border cursor-pointer bg-buttonbgblue landscape:hover:bg-adleryellow active:bg-adleryellow"
              data-testid="hair-short-receding"
              title="hair-short-receding"
            >
              <div
                class="flex flex-col"
              >
                <img
                  alt="hair-short-recedingThumbnail"
                  class="w-full h-full"
                  src="aa-hair-short-receding.png"
                />
              </div>
            </button>
          </div>
          <div
            class="w-full h-full"
          >
            <button
              class="flex-col px-2 py-1 justify-center flex items-center text-sm rounded-lg hover:cursor-pointer lg:text-xl transition ease-in-out duration-75 active:translate-x-[1px] active:translate-y-[1px] active:border-b-2 active:border-r-2 active:border-transparent text-adlerdarkblue font-regular border-b-2 border-r-2 border-adlerdarkblue overflow-hidden box-border cursor-pointer bg-buttonbgblue landscape:hover:bg-adleryellow active:bg-adleryellow"
              data-testid="hair-short-side-fling"
              title="hair-short-side-fling"
            >
              <div
                class="flex flex-col"
              >
                <img
                  alt="hair-short-side-flingThumbnail"
                  class="w-full h-full"
                  src="aa-hair-short-side-fling.png"
                />
              </div>
            </button>
          </div>
          <div
            class="w-full h-full"
          >
            <button
              class="flex-col px-2 py-1 justify-center flex items-center text-sm rounded-lg hover:cursor-pointer lg:text-xl transition ease-in-out duration-75 active:translate-x-[1px] active:translate-y-[1px] active:border-b-2 active:border-r-2 active:border-transparent text-adlerdarkblue font-regular border-b-2 border-r-2 border-adlerdarkblue overflow-hidden box-border cursor-pointer bg-buttonbgblue landscape:hover:bg-adleryellow active:bg-adleryellow"
              data-testid="hair-short-side-fringe"
              title="hair-short-side-fringe"
            >
              <div
                class="flex flex-col"
              >
                <img
                  alt="hair-short-side-fringeThumbnail"
                  class="w-full h-full"
                  src="aa-hair-short-side-fringe.png"
                />
              </div>
            </button>
          </div>
          <div
            class="w-full h-full"
          >
            <button
              class="flex-col px-2 py-1 justify-center flex items-center text-sm rounded-lg hover:cursor-pointer lg:text-xl transition ease-in-out duration-75 active:translate-x-[1px] active:translate-y-[1px] active:border-b-2 active:border-r-2 active:border-transparent text-adlerdarkblue font-regular border-b-2 border-r-2 border-adlerdarkblue overflow-hidden box-border cursor-pointer bg-buttonbgblue landscape:hover:bg-adleryellow active:bg-adleryellow"
              data-testid="hair-short-side-parting"
              title="hair-short-side-parting"
            >
              <div
                class="flex flex-col"
              >
                <img
                  alt="hair-short-side-partingThumbnail"
                  class="w-full h-full"
                  src="aa-hair-short-side-parting.png"
                />
              </div>
            </button>
          </div>
          <div
            class="w-full h-full"
          >
            <button
              class="flex-col px-2 py-1 justify-center flex items-center text-sm rounded-lg hover:cursor-pointer lg:text-xl transition ease-in-out duration-75 active:translate-x-[1px] active:translate-y-[1px] active:border-b-2 active:border-r-2 active:border-transparent text-adlerdarkblue font-regular border-b-2 border-r-2 border-adlerdarkblue overflow-hidden box-border cursor-pointer bg-buttonbgblue landscape:hover:bg-adleryellow active:bg-adleryellow"
              data-testid="hair-short-vanilla"
              title="hair-short-vanilla"
            >
              <div
                class="flex flex-col"
              >
                <img
                  alt="hair-short-vanillaThumbnail"
                  class="w-full h-full"
                  src="aa-hair-short-vanilla.png"
                />
              </div>
            </button>
          </div>
        </div>
      </div>
    </div>
    <div
      class="border-b border-gray-500 pb-2 mobile-landscape:ml-6"
    >
      <button
        class="w-full content-start text-left"
        data-testid="beard_accordion"
        title="accordionCategoryToolTip"
      >
        <h1
          class="text-lg font-bold xl:text-2xl"
        >
          ▼ beardsTitle
        </h1>
      </button>
    </div>
    <div>
      <div
        class="accordionOpening"
      >
        <div
          class="grid gap-5 pt-4 rounded-lg p-4 portrait:grid-cols-3 grid-cols-5"
        >
          <div
            class="w-full h-full"
          >
            <button
              class="flex-col px-2 py-1 justify-center flex items-center text-sm rounded-lg hover:cursor-pointer lg:text-xl transition ease-in-out duration-75 active:translate-x-[1px] active:translate-y-[1px] active:border-b-2 active:border-r-2 active:border-transparent text-adlerdarkblue font-regular border-b-2 border-r-2 border-adlerdarkblue overflow-hidden box-border cursor-pointer bg-adleryellow landscape:hover:bg-adleryellow active:bg-adleryellow"
              data-testid="none"
              title="none"
            >
              <div
                class="flex flex-col"
              >
                <img
                  alt="noneThumbnail"
                  class="w-full h-full"
                  src="aa-none_Thumbnail.png"
                />
              </div>
            </button>
          </div>
          <div
            class="w-full h-full"
          >
            <button
              class="flex-col px-2 py-1 justify-center flex items-center text-sm rounded-lg hover:cursor-pointer lg:text-xl transition ease-in-out duration-75 active:translate-x-[1px] active:translate-y-[1px] active:border-b-2 active:border-r-2 active:border-transparent text-adlerdarkblue font-regular border-b-2 border-r-2 border-adlerdarkblue overflow-hidden box-border cursor-pointer bg-buttonbgblue landscape:hover:bg-adleryellow active:bg-adleryellow"
              data-testid="beard-full-friendly-muttonchops"
              title="beard-full-friendly-muttonchops"
            >
              <div
                class="flex flex-col"
              >
                <img
                  alt="beard-full-friendly-muttonchopsThumbnail"
                  class="w-full h-full"
                  src="aa-beard-full-friendly-muttonchops.png"
                />
              </div>
            </button>
          </div>
          <div
            class="w-full h-full"
          >
            <button
              class="flex-col px-2 py-1 justify-center flex items-center text-sm rounded-lg hover:cursor-pointer lg:text-xl transition ease-in-out duration-75 active:translate-x-[1px] active:translate-y-[1px] active:border-b-2 active:border-r-2 active:border-transparent text-adlerdarkblue font-regular border-b-2 border-r-2 border-adlerdarkblue overflow-hidden box-border cursor-pointer bg-buttonbgblue landscape:hover:bg-adleryellow active:bg-adleryellow"
              data-testid="beard-full-long"
              title="beard-full-long"
            >
              <div
                class="flex flex-col"
              >
                <img
                  alt="beard-full-longThumbnail"
                  class="w-full h-full"
                  src="aa-beard-full-long.png"
                />
              </div>
            </button>
          </div>
          <div
            class="w-full h-full"
          >
            <button
              class="flex-col px-2 py-1 justify-center flex items-center text-sm rounded-lg hover:cursor-pointer lg:text-xl transition ease-in-out duration-75 active:translate-x-[1px] active:translate-y-[1px] active:border-b-2 active:border-r-2 active:border-transparent text-adlerdarkblue font-regular border-b-2 border-r-2 border-adlerdarkblue overflow-hidden box-border cursor-pointer bg-buttonbgblue landscape:hover:bg-adleryellow active:bg-adleryellow"
              data-testid="beard-full-muttonchops"
              title="beard-full-muttonchops"
            >
              <div
                class="flex flex-col"
              >
                <img
                  alt="beard-full-muttonchopsThumbnail"
                  class="w-full h-full"
                  src="aa-beard-full-muttonchops.png"
                />
              </div>
            </button>
          </div>
          <div
            class="w-full h-full"
          >
            <button
              class="flex-col px-2 py-1 justify-center flex items-center text-sm rounded-lg hover:cursor-pointer lg:text-xl transition ease-in-out duration-75 active:translate-x-[1px] active:translate-y-[1px] active:border-b-2 active:border-r-2 active:border-transparent text-adlerdarkblue font-regular border-b-2 border-r-2 border-adlerdarkblue overflow-hidden box-border cursor-pointer bg-buttonbgblue landscape:hover:bg-adleryellow active:bg-adleryellow"
              data-testid="beard-full-short"
              title="beard-full-short"
            >
              <div
                class="flex flex-col"
              >
                <img
                  alt="beard-full-shortThumbnail"
                  class="w-full h-full"
                  src="aa-beard-full-short.png"
                />
              </div>
            </button>
          </div>
          <div
            class="w-full h-full"
          >
            <button
              class="flex-col px-2 py-1 justify-center flex items-center text-sm rounded-lg hover:cursor-pointer lg:text-xl transition ease-in-out duration-75 active:translate-x-[1px] active:translate-y-[1px] active:border-b-2 active:border-r-2 active:border-transparent text-adlerdarkblue font-regular border-b-2 border-r-2 border-adlerdarkblue overflow-hidden box-border cursor-pointer bg-buttonbgblue landscape:hover:bg-adleryellow active:bg-adleryellow"
              data-testid="beard-full-stubble"
              title="beard-full-stubble"
            >
              <div
                class="flex flex-col"
              >
                <img
                  alt="beard-full-stubbleThumbnail"
                  class="w-full h-full"
                  src="aa-beard-full-stubble.png"
                />
              </div>
            </button>
          </div>
          <div
            class="w-full h-full"
          >
            <button
              class="flex-col px-2 py-1 justify-center flex items-center text-sm rounded-lg hover:cursor-pointer lg:text-xl transition ease-in-out duration-75 active:translate-x-[1px] active:translate-y-[1px] active:border-b-2 active:border-r-2 active:border-transparent text-adlerdarkblue font-regular border-b-2 border-r-2 border-adlerdarkblue overflow-hidden box-border cursor-pointer bg-buttonbgblue landscape:hover:bg-adleryellow active:bg-adleryellow"
              data-testid="beard-medium-anchor"
              title="beard-medium-anchor"
            >
              <div
                class="flex flex-col"
              >
                <img
                  alt="beard-medium-anchorThumbnail"
                  class="w-full h-full"
                  src="aa-beard-medium-anchor.png"
                />
              </div>
            </button>
          </div>
          <div
            class="w-full h-full"
          >
            <button
              class="flex-col px-2 py-1 justify-center flex items-center text-sm rounded-lg hover:cursor-pointer lg:text-xl transition ease-in-out duration-75 active:translate-x-[1px] active:translate-y-[1px] active:border-b-2 active:border-r-2 active:border-transparent text-adlerdarkblue font-regular border-b-2 border-r-2 border-adlerdarkblue overflow-hidden box-border cursor-pointer bg-buttonbgblue landscape:hover:bg-adleryellow active:bg-adleryellow"
              data-testid="beard-medium-circle"
              title="beard-medium-circle"
            >
              <div
                class="flex flex-col"
              >
                <img
                  alt="beard-medium-circleThumbnail"
                  class="w-full h-full"
                  src="aa-beard-medium-circle.png"
                />
              </div>
            </button>
          </div>
          <div
            class="w-full h-full"
          >
            <button
              class="flex-col px-2 py-1 justify-center flex items-center text-sm rounded-lg hover:cursor-pointer lg:text-xl transition ease-in-out duration-75 active:translate-x-[1px] active:translate-y-[1px] active:border-b-2 active:border-r-2 active:border-transparent text-adlerdarkblue font-regular border-b-2 border-r-2 border-adlerdarkblue overflow-hidden box-border cursor-pointer bg-buttonbgblue landscape:hover:bg-adleryellow active:bg-adleryellow"
              data-testid="beard-mustache-dad"
              title="beard-mustache-dad"
            >
              <div
                class="flex flex-col"
              >
                <img
                  alt="beard-mustache-dadThumbnail"
                  class="w-full h-full"
                  src="aa-beard-mustache-dad.png"
                />
              </div>
            </button>
          </div>
          <div
            class="w-full h-full"
          >
            <button
              class="flex-col px-2 py-1 justify-center flex items-center text-sm rounded-lg hover:cursor-pointer lg:text-xl transition ease-in-out duration-75 active:translate-x-[1px] active:translate-y-[1px] active:border-b-2 active:border-r-2 active:border-transparent text-adlerdarkblue font-regular border-b-2 border-r-2 border-adlerdarkblue overflow-hidden box-border cursor-pointer bg-buttonbgblue landscape:hover:bg-adleryellow active:bg-adleryellow"
              data-testid="beard-mustache-hogan"
              title="beard-mustache-hogan"
            >
              <div
                class="flex flex-col"
              >
                <img
                  alt="beard-mustache-hoganThumbnail"
                  class="w-full h-full"
                  src="aa-beard-mustache-hogan.png"
                />
              </div>
            </button>
          </div>
          <div
            class="w-full h-full"
          >
            <button
              class="flex-col px-2 py-1 justify-center flex items-center text-sm rounded-lg hover:cursor-pointer lg:text-xl transition ease-in-out duration-75 active:translate-x-[1px] active:translate-y-[1px] active:border-b-2 active:border-r-2 active:border-transparent text-adlerdarkblue font-regular border-b-2 border-r-2 border-adlerdarkblue overflow-hidden box-border cursor-pointer bg-buttonbgblue landscape:hover:bg-adleryellow active:bg-adleryellow"
              data-testid="beard-mustache-horseshoe"
              title="beard-mustache-horseshoe"
            >
              <div
                class="flex flex-col"
              >
                <img
                  alt="beard-mustache-horseshoeThumbnail"
                  class="w-full h-full"
                  src="aa-beard-mustache-horseshoe.png"
                />
              </div>
            </button>
          </div>
          <div
            class="w-full h-full"
          >
            <button
              class="flex-col px-2 py-1 justify-center flex items-center text-sm rounded-lg hover:cursor-pointer lg:text-xl transition ease-in-out duration-75 active:translate-x-[1px] active:translate-y-[1px] active:border-b-2 active:border-r-2 active:border-transparent text-adlerdarkblue font-regular border-b-2 border-r-2 border-adlerdarkblue overflow-hidden box-border cursor-pointer bg-buttonbgblue landscape:hover:bg-adleryellow active:bg-adleryellow"
              data-testid="beard-mustache-knightly"
              title="beard-mustache-knightly"
            >
              <div
                class="flex flex-col"
              >
                <img
                  alt="beard-mustache-knightlyThumbnail"
                  class="w-full h-full"
                  src="aa-beard-mustache-knightly.png"
                />
              </div>
            </button>
          </div>
          <div
            class="w-full h-full"
          >
            <button
              class="flex-col px-2 py-1 justify-center flex items-center text-sm rounded-lg hover:cursor-pointer lg:text-xl transition ease-in-out duration-75 active:translate-x-[1px] active:translate-y-[1px] active:border-b-2 active:border-r-2 active:border-transparent text-adlerdarkblue font-regular border-b-2 border-r-2 border-adlerdarkblue overflow-hidden box-border cursor-pointer bg-buttonbgblue landscape:hover:bg-adleryellow active:bg-adleryellow"
              data-testid="beard-mustache-pencil"
              title="beard-mustache-pencil"
            >
              <div
                class="flex flex-col"
              >
                <img
                  alt="beard-mustache-pencilThumbnail"
                  class="w-full h-full"
                  src="aa-beard-mustache-pencil.png"
                />
              </div>
            </button>
          </div>
          <div
            class="w-full h-full"
          >
            <button
              class="flex-col px-2 py-1 justify-center flex items-center text-sm rounded-lg hover:cursor-pointer lg:text-xl transition ease-in-out duration-75 active:translate-x-[1px] active:translate-y-[1px] active:border-b-2 active:border-r-2 active:border-transparent text-adlerdarkblue font-regular border-b-2 border-r-2 border-adlerdarkblue overflow-hidden box-border cursor-pointer bg-buttonbgblue landscape:hover:bg-adleryellow active:bg-adleryellow"
              data-testid="beard-mustache-sir"
              title="beard-mustache-sir"
            >
              <div
                class="flex flex-col"
              >
                <img
                  alt="beard-mustache-sirThumbnail"
                  class="w-full h-full"
                  src="aa-beard-mustache-sir.png"
                />
              </div>
            </button>
          </div>
          <div
            class="w-full h-full"
          >
            <button
              class="flex-col px-2 py-1 justify-center flex items-center text-sm rounded-lg hover:cursor-pointer lg:text-xl transition ease-in-out duration-75 active:translate-x-[1px] active:translate-y-[1px] active:border-b-2 active:border-r-2 active:border-transparent text-adlerdarkblue font-regular border-b-2 border-r-2 border-adlerdarkblue overflow-hidden box-border cursor-pointer bg-buttonbgblue landscape:hover:bg-adleryellow active:bg-adleryellow"
              data-testid="beard-mustache-thick"
              title="beard-mustache-thick"
            >
              <div
                class="flex flex-col"
              >
                <img
                  alt="beard-mustache-thickThumbnail"
                  class="w-full h-full"
                  src="aa-beard-mustache-thick.png"
                />
              </div>
            </button>
          </div>
          <div
            class="w-full h-full"
          >
            <button
              class="flex-col px-2 py-1 justify-center flex items-center text-sm rounded-lg hover:cursor-pointer lg:text-xl transition ease-in-out duration-75 active:translate-x-[1px] active:translate-y-[1px] active:border-b-2 active:border-r-2 active:border-transparent text-adlerdarkblue font-regular border-b-2 border-r-2 border-adlerdarkblue overflow-hidden box-border cursor-pointer bg-buttonbgblue landscape:hover:bg-adleryellow active:bg-adleryellow"
              data-testid="beard-mustache-wise"
              title="beard-mustache-wise"
            >
              <div
                class="flex flex-col"
              >
                <img
                  alt="beard-mustache-wiseThumbnail"
                  class="w-full h-full"
                  src="aa-beard-mustache-wise.png"
                />
              </div>
            </button>
          </div>
        </div>
      </div>
    </div>
    <div
      class="m-2 w-full p-2"
    >
      <div
        class=""
      >
        <div
          class=""
        >
          <button
            class="px-2 py-1 justify-center flex items-center text-sm rounded-lg hover:cursor-pointer lg:text-xl transition ease-in-out duration-75 active:translate-x-[1px] active:translate-y-[1px] active:border-b-2 active:border-r-2 active:border-transparent text-adlerdarkblue font-regular border-b-2 border-r-2 border-adlerdarkblue overflow-hidden box-border cursor-pointer bg-buttonbgblue landscape:hover:bg-adleryellow active:bg-adleryellow"
            data-testid="colorpicker"
            title="ColorButtonToolTip"
          >
            <div
              class="m-2 h-5 w-5 rounded border-2 border-black"
              style="background-color: rgb(75, 42, 26);"
            />
            Brown 2
          </button>
        </div>
      </div>
    </div>
  </div>
</div>
`;
