// Jest Snapshot v1, https://goo.gl/fbAQLP

exports[`AvatarEditorBodyCategory should render 1`] = `
<div>
  <div
    class="flex flex-col"
  >
    <div
      class="pb-2 border-b border-gray-500"
    >
      <h1
        class="text-2xl font-bold"
      >
        bodyColorTitle
      </h1>
    </div>
    <div
      class="w-full p-2 m-2"
    >
      <div
        class=""
      >
        <div
          class=""
        >
          <button
            class="px-2 py-1 justify-center flex items-center text-sm rounded-lg hover:cursor-pointer lg:text-xl transition ease-in-out duration-75 active:translate-x-[1px] active:translate-y-[1px] active:border-b-2 active:border-r-2 active:border-transparent text-adlerdarkblue font-regular border-b-2 border-r-2 border-adlerdarkblue overflow-hidden box-border cursor-pointer bg-buttonbgblue landscape:hover:bg-adleryellow active:bg-adleryellow"
            data-testid="colorpicker"
            title="ColorButtonToolTip"
          >
            <div
              class="border-2 border-black rounded m-2 h-5 w-5"
              style="background-color: rgb(75, 42, 26);"
            />
            Brown 2
          </button>
        </div>
      </div>
    </div>
  </div>
</div>
`;
