// Jest Snapshot v1, https://goo.gl/fbAQLP

exports[`Progressbar should render 1`] = `
<div>
  <div
    class="flex items-center text-center"
  >
    <div
      class="relative w-full h-4 ml-2 bg-gray-400 rounded-lg"
    >
      <div
        class="absolute h-full rounded-full bg-adlerdarkblue -z-10"
        style="width: 10%;"
      />
      1
    </div>
  </div>
</div>
`;
