// Jest Snapshot v1, https://goo.gl/fbAQLP

exports[`AvatarEditor should render 0 category when tab button is clicked 1`] = `
<div>
  <div
    class="flex h-[100svh] flex-col overflow-hidden bg-gradient-to-br from-adlerbggradientfrom to-adlerbggradientto text-adlerdarkblue"
  >
    <div
      class="w-full flex-shrink-0 self-center p-2 font-semibold flex place-content-stretch lg:p-2 tablet-portrait:p-2"
    >
      <div
        class="flex w-1/2 place-content-stretch items-center justify-self-start"
      >
        <div
          class=""
        >
          <button
            class="mr-4 justify-center p-1 lg:w-16 lg:h-16 md:w-14 md:h-14 sm:w-10 sm:h-10 w-10 h-10 aspect-square mobile-landscape:w-9 mobile-landscape:h-9 flex items-center text-sm rounded-lg hover:cursor-pointer lg:text-xl transition ease-in-out duration-75 active:translate-x-[1px] active:translate-y-[1px] active:border-b-2 active:border-r-2 active:border-transparent text-adlerdarkblue font-regular border-b-2 border-r-2 border-adlerdarkblue overflow-hidden box-border cursor-pointer bg-buttonbgblue landscape:hover:bg-adleryellow active:bg-adleryellow"
            data-testid="homebutton"
            title="Klicken Sie hier, um zur Willkommen-Seite zurückzukehren"
          >
            <img
              alt="Home Icon"
              class="w-10 xl:w-12"
              src="home.svg"
            />
          </button>
        </div>
        <div
          class=""
        >
          <button
            class="justify-center p-1 lg:w-16 lg:h-16 md:w-14 md:h-14 sm:w-10 sm:h-10 w-10 h-10 aspect-square mobile-landscape:w-9 mobile-landscape:h-9 flex items-center text-sm rounded-lg hover:cursor-pointer lg:text-xl transition ease-in-out duration-75 active:translate-x-[1px] active:translate-y-[1px] active:border-b-2 active:border-r-2 active:border-transparent text-adlerdarkblue font-regular border-b-2 border-r-2 border-adlerdarkblue overflow-hidden box-border cursor-pointer bg-buttonbgblue landscape:hover:bg-adleryellow active:bg-adleryellow"
            data-testid="avatarEditorSave"
            title="Klicken Sie hier, um Ihren erstellten Avatar zu speichern"
          >
            <img
              alt="Save Icon"
              class="w-10 xl:w-12"
              src="save.svg"
            />
          </button>
        </div>
      </div>
      <div
        class="flex w-full items-center justify-center"
      >
        <div
          class="truncate py-2 font-[roboto] text-xl lg:text-4xl mobile-landscape:text-2xl tablet-portrait:text-2xl flex gap-2 m-2 w-fit h-fit text-adlerdarkblue"
        >
          Avatar-Editor
        </div>
      </div>
      <div
        class="flex w-1/2 items-center justify-end gap-4 lg:gap-8"
      >
        <div
          class=""
        >
          <div
            class=""
          >
            <button
              class="justify-center p-1 lg:w-16 lg:h-16 md:w-14 md:h-14 sm:w-10 sm:h-10 w-10 h-10 aspect-square mobile-landscape:w-9 mobile-landscape:h-9 flex items-center text-sm rounded-lg hover:cursor-pointer lg:text-xl transition ease-in-out duration-75 active:translate-x-[1px] active:translate-y-[1px] active:border-b-2 active:border-r-2 active:border-transparent text-adlerdarkblue font-regular border-b-2 border-r-2 border-adlerdarkblue overflow-hidden box-border cursor-pointer bg-buttonbgblue landscape:hover:bg-adleryellow active:bg-adleryellow"
              data-testid="helpdesk"
              title="Öffnet das Hilfe-Fenster, um Hilfe und weitere Informationen zur 3D-Lernumgebung zu erhalten"
            >
              <img
                alt="Help Icon"
                class="w-10 xl:w-12 mobile-landscape:w-6"
                src="help.svg"
                title="HelpButtonToolTip"
              />
            </button>
          </div>
        </div>
      </div>
    </div>
    <div
      class="grid min-h-0 flex-1 grid-cols-2 grid-rows-1 lg:rounded-lg portrait:grid-cols-1 portrait:grid-rows-[auto_1fr_auto]"
    >
      <div
        class="flex min-h-0 flex-col portrait:order-2 portrait:row-start-2"
      >
        <div
          class="flex flex-shrink-0 flex-row items-center justify-center p-2"
        >
          <div
            class="flex flex-col items-center justify-center"
          >
            <div
              class="text-base font-bold text-adlerdarkblue"
            >
              Haare
            </div>
          </div>
        </div>
        <div
          class="flex flex-shrink-0 flex-row justify-center space-x-4 p-2"
        >
          <div
            class=""
          >
            <button
              class="!bg-adleryellow translate-x-[1px] translate-y-[1px] !border-b-2 !border-r-2 !border-transparent justify-center p-1 lg:w-16 lg:h-16 md:w-14 md:h-14 sm:w-10 sm:h-10 w-10 h-10 aspect-square mobile-landscape:w-9 mobile-landscape:h-9 flex items-center text-sm rounded-lg hover:cursor-pointer lg:text-xl transition ease-in-out duration-75 active:translate-x-[1px] active:translate-y-[1px] active:border-b-2 active:border-r-2 active:border-transparent text-adlerdarkblue font-regular border-b-2 border-r-2 border-adlerdarkblue overflow-hidden box-border cursor-pointer bg-adleryellow landscape:hover:bg-adleryellow active:bg-adleryellow"
              data-testid="avatar-editor-category-tab-0"
              title="Öffnet die Kategorie Haare"
            >
              <img
                alt=""
                class="h-8 lg:h-12"
                src="hair.svg"
              />
            </button>
          </div>
          <div
            class=""
          >
            <button
              class="justify-center p-1 lg:w-16 lg:h-16 md:w-14 md:h-14 sm:w-10 sm:h-10 w-10 h-10 aspect-square mobile-landscape:w-9 mobile-landscape:h-9 flex items-center text-sm rounded-lg hover:cursor-pointer lg:text-xl transition ease-in-out duration-75 active:translate-x-[1px] active:translate-y-[1px] active:border-b-2 active:border-r-2 active:border-transparent text-adlerdarkblue font-regular border-b-2 border-r-2 border-adlerdarkblue overflow-hidden box-border cursor-pointer bg-buttonbgblue landscape:hover:bg-adleryellow active:bg-adleryellow"
              data-testid="avatar-editor-category-tab-1"
              title="Öffnet die Kategorie Gesicht"
            >
              <img
                alt=""
                class="h-8 lg:h-12"
                src="face.svg"
              />
            </button>
          </div>
          <div
            class=""
          >
            <button
              class="justify-center p-1 lg:w-16 lg:h-16 md:w-14 md:h-14 sm:w-10 sm:h-10 w-10 h-10 aspect-square mobile-landscape:w-9 mobile-landscape:h-9 flex items-center text-sm rounded-lg hover:cursor-pointer lg:text-xl transition ease-in-out duration-75 active:translate-x-[1px] active:translate-y-[1px] active:border-b-2 active:border-r-2 active:border-transparent text-adlerdarkblue font-regular border-b-2 border-r-2 border-adlerdarkblue overflow-hidden box-border cursor-pointer bg-buttonbgblue landscape:hover:bg-adleryellow active:bg-adleryellow"
              data-testid="avatar-editor-category-tab-2"
              title="Öffnet die Kategorie Accessoires"
            >
              <img
                alt=""
                class="h-8 lg:h-12"
                src="accessoires.svg"
              />
            </button>
          </div>
          <div
            class=""
          >
            <button
              class="justify-center p-1 lg:w-16 lg:h-16 md:w-14 md:h-14 sm:w-10 sm:h-10 w-10 h-10 aspect-square mobile-landscape:w-9 mobile-landscape:h-9 flex items-center text-sm rounded-lg hover:cursor-pointer lg:text-xl transition ease-in-out duration-75 active:translate-x-[1px] active:translate-y-[1px] active:border-b-2 active:border-r-2 active:border-transparent text-adlerdarkblue font-regular border-b-2 border-r-2 border-adlerdarkblue overflow-hidden box-border cursor-pointer bg-buttonbgblue landscape:hover:bg-adleryellow active:bg-adleryellow"
              data-testid="avatar-editor-category-tab-3"
              title="Öffnet die Kategorie Kleidung"
            >
              <img
                alt=""
                class="h-8 lg:h-12"
                src="clothing.svg"
              />
            </button>
          </div>
          <div
            class=""
          >
            <button
              class="justify-center p-1 lg:w-16 lg:h-16 md:w-14 md:h-14 sm:w-10 sm:h-10 w-10 h-10 aspect-square mobile-landscape:w-9 mobile-landscape:h-9 flex items-center text-sm rounded-lg hover:cursor-pointer lg:text-xl transition ease-in-out duration-75 active:translate-x-[1px] active:translate-y-[1px] active:border-b-2 active:border-r-2 active:border-transparent text-adlerdarkblue font-regular border-b-2 border-r-2 border-adlerdarkblue overflow-hidden box-border cursor-pointer bg-buttonbgblue landscape:hover:bg-adleryellow active:bg-adleryellow"
              data-testid="avatar-editor-category-tab-4"
              title="Öffnet die Kategorie Körper"
            >
              <img
                alt=""
                class="h-8 lg:h-12"
                src="body.svg"
              />
            </button>
          </div>
          <div
            class=""
          >
            <button
              class="justify-center p-1 lg:w-16 lg:h-16 md:w-14 md:h-14 sm:w-10 sm:h-10 w-10 h-10 aspect-square mobile-landscape:w-9 mobile-landscape:h-9 flex items-center text-sm rounded-lg hover:cursor-pointer lg:text-xl transition ease-in-out duration-75 active:translate-x-[1px] active:translate-y-[1px] active:border-b-2 active:border-r-2 active:border-transparent text-adlerdarkblue font-regular border-b-2 border-r-2 border-adlerdarkblue overflow-hidden box-border cursor-pointer bg-buttonbgblue landscape:hover:bg-adleryellow active:bg-adleryellow"
              data-testid="avatareditorrandomizer"
              title="Erstellt einen zufällig aussehenden Avatar"
            >
              <img
                alt="Randomizer Icon"
                class="w-10 xl:w-12"
                src="random.svg"
              />
            </button>
          </div>
        </div>
        <div
          class="min-h-0 flex-1 overflow-auto p-4"
        >
          <mockedavatareditorhaircategory
            controller="undefined"
            viewmodel="[object Object]"
          />
        </div>
      </div>
      <div
        class="flex min-h-0 items-center justify-center overflow-hidden p-4 portrait:order-1 portrait:row-start-1 portrait:h-[40vh]"
      >
        <mockedavatareditorpreview
          class="relative z-10 h-full max-h-full w-full"
        />
      </div>
    </div>
  </div>
</div>
`;

exports[`AvatarEditor should render 1 category when tab button is clicked 1`] = `
<div>
  <div
    class="flex h-[100svh] flex-col overflow-hidden bg-gradient-to-br from-adlerbggradientfrom to-adlerbggradientto text-adlerdarkblue"
  >
    <div
      class="w-full flex-shrink-0 self-center p-2 font-semibold flex place-content-stretch lg:p-2 tablet-portrait:p-2"
    >
      <div
        class="flex w-1/2 place-content-stretch items-center justify-self-start"
      >
        <div
          class=""
        >
          <button
            class="mr-4 justify-center p-1 lg:w-16 lg:h-16 md:w-14 md:h-14 sm:w-10 sm:h-10 w-10 h-10 aspect-square mobile-landscape:w-9 mobile-landscape:h-9 flex items-center text-sm rounded-lg hover:cursor-pointer lg:text-xl transition ease-in-out duration-75 active:translate-x-[1px] active:translate-y-[1px] active:border-b-2 active:border-r-2 active:border-transparent text-adlerdarkblue font-regular border-b-2 border-r-2 border-adlerdarkblue overflow-hidden box-border cursor-pointer bg-buttonbgblue landscape:hover:bg-adleryellow active:bg-adleryellow"
            data-testid="homebutton"
            title="Klicken Sie hier, um zur Willkommen-Seite zurückzukehren"
          >
            <img
              alt="Home Icon"
              class="w-10 xl:w-12"
              src="home.svg"
            />
          </button>
        </div>
        <div
          class=""
        >
          <button
            class="justify-center p-1 lg:w-16 lg:h-16 md:w-14 md:h-14 sm:w-10 sm:h-10 w-10 h-10 aspect-square mobile-landscape:w-9 mobile-landscape:h-9 flex items-center text-sm rounded-lg hover:cursor-pointer lg:text-xl transition ease-in-out duration-75 active:translate-x-[1px] active:translate-y-[1px] active:border-b-2 active:border-r-2 active:border-transparent text-adlerdarkblue font-regular border-b-2 border-r-2 border-adlerdarkblue overflow-hidden box-border cursor-pointer bg-buttonbgblue landscape:hover:bg-adleryellow active:bg-adleryellow"
            data-testid="avatarEditorSave"
            title="Klicken Sie hier, um Ihren erstellten Avatar zu speichern"
          >
            <img
              alt="Save Icon"
              class="w-10 xl:w-12"
              src="save.svg"
            />
          </button>
        </div>
      </div>
      <div
        class="flex w-full items-center justify-center"
      >
        <div
          class="truncate py-2 font-[roboto] text-xl lg:text-4xl mobile-landscape:text-2xl tablet-portrait:text-2xl flex gap-2 m-2 w-fit h-fit text-adlerdarkblue"
        >
          Avatar-Editor
        </div>
      </div>
      <div
        class="flex w-1/2 items-center justify-end gap-4 lg:gap-8"
      >
        <div
          class=""
        >
          <div
            class=""
          >
            <button
              class="justify-center p-1 lg:w-16 lg:h-16 md:w-14 md:h-14 sm:w-10 sm:h-10 w-10 h-10 aspect-square mobile-landscape:w-9 mobile-landscape:h-9 flex items-center text-sm rounded-lg hover:cursor-pointer lg:text-xl transition ease-in-out duration-75 active:translate-x-[1px] active:translate-y-[1px] active:border-b-2 active:border-r-2 active:border-transparent text-adlerdarkblue font-regular border-b-2 border-r-2 border-adlerdarkblue overflow-hidden box-border cursor-pointer bg-buttonbgblue landscape:hover:bg-adleryellow active:bg-adleryellow"
              data-testid="helpdesk"
              title="Öffnet das Hilfe-Fenster, um Hilfe und weitere Informationen zur 3D-Lernumgebung zu erhalten"
            >
              <img
                alt="Help Icon"
                class="w-10 xl:w-12 mobile-landscape:w-6"
                src="help.svg"
                title="HelpButtonToolTip"
              />
            </button>
          </div>
        </div>
      </div>
    </div>
    <div
      class="grid min-h-0 flex-1 grid-cols-2 grid-rows-1 lg:rounded-lg portrait:grid-cols-1 portrait:grid-rows-[auto_1fr_auto]"
    >
      <div
        class="flex min-h-0 flex-col portrait:order-2 portrait:row-start-2"
      >
        <div
          class="flex flex-shrink-0 flex-row items-center justify-center p-2"
        >
          <div
            class="flex flex-col items-center justify-center"
          >
            <div
              class="text-base font-bold text-adlerdarkblue"
            >
              Gesicht
            </div>
          </div>
        </div>
        <div
          class="flex flex-shrink-0 flex-row justify-center space-x-4 p-2"
        >
          <div
            class=""
          >
            <button
              class="justify-center p-1 lg:w-16 lg:h-16 md:w-14 md:h-14 sm:w-10 sm:h-10 w-10 h-10 aspect-square mobile-landscape:w-9 mobile-landscape:h-9 flex items-center text-sm rounded-lg hover:cursor-pointer lg:text-xl transition ease-in-out duration-75 active:translate-x-[1px] active:translate-y-[1px] active:border-b-2 active:border-r-2 active:border-transparent text-adlerdarkblue font-regular border-b-2 border-r-2 border-adlerdarkblue overflow-hidden box-border cursor-pointer bg-buttonbgblue landscape:hover:bg-adleryellow active:bg-adleryellow"
              data-testid="avatar-editor-category-tab-0"
              title="Öffnet die Kategorie Haare"
            >
              <img
                alt=""
                class="h-8 lg:h-12"
                src="hair.svg"
              />
            </button>
          </div>
          <div
            class=""
          >
            <button
              class="!bg-adleryellow translate-x-[1px] translate-y-[1px] !border-b-2 !border-r-2 !border-transparent justify-center p-1 lg:w-16 lg:h-16 md:w-14 md:h-14 sm:w-10 sm:h-10 w-10 h-10 aspect-square mobile-landscape:w-9 mobile-landscape:h-9 flex items-center text-sm rounded-lg hover:cursor-pointer lg:text-xl transition ease-in-out duration-75 active:translate-x-[1px] active:translate-y-[1px] active:border-b-2 active:border-r-2 active:border-transparent text-adlerdarkblue font-regular border-b-2 border-r-2 border-adlerdarkblue overflow-hidden box-border cursor-pointer bg-adleryellow landscape:hover:bg-adleryellow active:bg-adleryellow"
              data-testid="avatar-editor-category-tab-1"
              title="Öffnet die Kategorie Gesicht"
            >
              <img
                alt=""
                class="h-8 lg:h-12"
                src="face.svg"
              />
            </button>
          </div>
          <div
            class=""
          >
            <button
              class="justify-center p-1 lg:w-16 lg:h-16 md:w-14 md:h-14 sm:w-10 sm:h-10 w-10 h-10 aspect-square mobile-landscape:w-9 mobile-landscape:h-9 flex items-center text-sm rounded-lg hover:cursor-pointer lg:text-xl transition ease-in-out duration-75 active:translate-x-[1px] active:translate-y-[1px] active:border-b-2 active:border-r-2 active:border-transparent text-adlerdarkblue font-regular border-b-2 border-r-2 border-adlerdarkblue overflow-hidden box-border cursor-pointer bg-buttonbgblue landscape:hover:bg-adleryellow active:bg-adleryellow"
              data-testid="avatar-editor-category-tab-2"
              title="Öffnet die Kategorie Accessoires"
            >
              <img
                alt=""
                class="h-8 lg:h-12"
                src="accessoires.svg"
              />
            </button>
          </div>
          <div
            class=""
          >
            <button
              class="justify-center p-1 lg:w-16 lg:h-16 md:w-14 md:h-14 sm:w-10 sm:h-10 w-10 h-10 aspect-square mobile-landscape:w-9 mobile-landscape:h-9 flex items-center text-sm rounded-lg hover:cursor-pointer lg:text-xl transition ease-in-out duration-75 active:translate-x-[1px] active:translate-y-[1px] active:border-b-2 active:border-r-2 active:border-transparent text-adlerdarkblue font-regular border-b-2 border-r-2 border-adlerdarkblue overflow-hidden box-border cursor-pointer bg-buttonbgblue landscape:hover:bg-adleryellow active:bg-adleryellow"
              data-testid="avatar-editor-category-tab-3"
              title="Öffnet die Kategorie Kleidung"
            >
              <img
                alt=""
                class="h-8 lg:h-12"
                src="clothing.svg"
              />
            </button>
          </div>
          <div
            class=""
          >
            <button
              class="justify-center p-1 lg:w-16 lg:h-16 md:w-14 md:h-14 sm:w-10 sm:h-10 w-10 h-10 aspect-square mobile-landscape:w-9 mobile-landscape:h-9 flex items-center text-sm rounded-lg hover:cursor-pointer lg:text-xl transition ease-in-out duration-75 active:translate-x-[1px] active:translate-y-[1px] active:border-b-2 active:border-r-2 active:border-transparent text-adlerdarkblue font-regular border-b-2 border-r-2 border-adlerdarkblue overflow-hidden box-border cursor-pointer bg-buttonbgblue landscape:hover:bg-adleryellow active:bg-adleryellow"
              data-testid="avatar-editor-category-tab-4"
              title="Öffnet die Kategorie Körper"
            >
              <img
                alt=""
                class="h-8 lg:h-12"
                src="body.svg"
              />
            </button>
          </div>
          <div
            class=""
          >
            <button
              class="justify-center p-1 lg:w-16 lg:h-16 md:w-14 md:h-14 sm:w-10 sm:h-10 w-10 h-10 aspect-square mobile-landscape:w-9 mobile-landscape:h-9 flex items-center text-sm rounded-lg hover:cursor-pointer lg:text-xl transition ease-in-out duration-75 active:translate-x-[1px] active:translate-y-[1px] active:border-b-2 active:border-r-2 active:border-transparent text-adlerdarkblue font-regular border-b-2 border-r-2 border-adlerdarkblue overflow-hidden box-border cursor-pointer bg-buttonbgblue landscape:hover:bg-adleryellow active:bg-adleryellow"
              data-testid="avatareditorrandomizer"
              title="Erstellt einen zufällig aussehenden Avatar"
            >
              <img
                alt="Randomizer Icon"
                class="w-10 xl:w-12"
                src="random.svg"
              />
            </button>
          </div>
        </div>
        <div
          class="min-h-0 flex-1 overflow-auto p-4"
        >
          <mockedavatareditorfacecategory
            controller="undefined"
            viewmodel="[object Object]"
          />
        </div>
      </div>
      <div
        class="flex min-h-0 items-center justify-center overflow-hidden p-4 portrait:order-1 portrait:row-start-1 portrait:h-[40vh]"
      >
        <mockedavatareditorpreview
          class="relative z-10 h-full max-h-full w-full"
        />
      </div>
    </div>
  </div>
</div>
`;

exports[`AvatarEditor should render 2 category when tab button is clicked 1`] = `
<div>
  <div
    class="flex h-[100svh] flex-col overflow-hidden bg-gradient-to-br from-adlerbggradientfrom to-adlerbggradientto text-adlerdarkblue"
  >
    <div
      class="w-full flex-shrink-0 self-center p-2 font-semibold flex place-content-stretch lg:p-2 tablet-portrait:p-2"
    >
      <div
        class="flex w-1/2 place-content-stretch items-center justify-self-start"
      >
        <div
          class=""
        >
          <button
            class="mr-4 justify-center p-1 lg:w-16 lg:h-16 md:w-14 md:h-14 sm:w-10 sm:h-10 w-10 h-10 aspect-square mobile-landscape:w-9 mobile-landscape:h-9 flex items-center text-sm rounded-lg hover:cursor-pointer lg:text-xl transition ease-in-out duration-75 active:translate-x-[1px] active:translate-y-[1px] active:border-b-2 active:border-r-2 active:border-transparent text-adlerdarkblue font-regular border-b-2 border-r-2 border-adlerdarkblue overflow-hidden box-border cursor-pointer bg-buttonbgblue landscape:hover:bg-adleryellow active:bg-adleryellow"
            data-testid="homebutton"
            title="Klicken Sie hier, um zur Willkommen-Seite zurückzukehren"
          >
            <img
              alt="Home Icon"
              class="w-10 xl:w-12"
              src="home.svg"
            />
          </button>
        </div>
        <div
          class=""
        >
          <button
            class="justify-center p-1 lg:w-16 lg:h-16 md:w-14 md:h-14 sm:w-10 sm:h-10 w-10 h-10 aspect-square mobile-landscape:w-9 mobile-landscape:h-9 flex items-center text-sm rounded-lg hover:cursor-pointer lg:text-xl transition ease-in-out duration-75 active:translate-x-[1px] active:translate-y-[1px] active:border-b-2 active:border-r-2 active:border-transparent text-adlerdarkblue font-regular border-b-2 border-r-2 border-adlerdarkblue overflow-hidden box-border cursor-pointer bg-buttonbgblue landscape:hover:bg-adleryellow active:bg-adleryellow"
            data-testid="avatarEditorSave"
            title="Klicken Sie hier, um Ihren erstellten Avatar zu speichern"
          >
            <img
              alt="Save Icon"
              class="w-10 xl:w-12"
              src="save.svg"
            />
          </button>
        </div>
      </div>
      <div
        class="flex w-full items-center justify-center"
      >
        <div
          class="truncate py-2 font-[roboto] text-xl lg:text-4xl mobile-landscape:text-2xl tablet-portrait:text-2xl flex gap-2 m-2 w-fit h-fit text-adlerdarkblue"
        >
          Avatar-Editor
        </div>
      </div>
      <div
        class="flex w-1/2 items-center justify-end gap-4 lg:gap-8"
      >
        <div
          class=""
        >
          <div
            class=""
          >
            <button
              class="justify-center p-1 lg:w-16 lg:h-16 md:w-14 md:h-14 sm:w-10 sm:h-10 w-10 h-10 aspect-square mobile-landscape:w-9 mobile-landscape:h-9 flex items-center text-sm rounded-lg hover:cursor-pointer lg:text-xl transition ease-in-out duration-75 active:translate-x-[1px] active:translate-y-[1px] active:border-b-2 active:border-r-2 active:border-transparent text-adlerdarkblue font-regular border-b-2 border-r-2 border-adlerdarkblue overflow-hidden box-border cursor-pointer bg-buttonbgblue landscape:hover:bg-adleryellow active:bg-adleryellow"
              data-testid="helpdesk"
              title="Öffnet das Hilfe-Fenster, um Hilfe und weitere Informationen zur 3D-Lernumgebung zu erhalten"
            >
              <img
                alt="Help Icon"
                class="w-10 xl:w-12 mobile-landscape:w-6"
                src="help.svg"
                title="HelpButtonToolTip"
              />
            </button>
          </div>
        </div>
      </div>
    </div>
    <div
      class="grid min-h-0 flex-1 grid-cols-2 grid-rows-1 lg:rounded-lg portrait:grid-cols-1 portrait:grid-rows-[auto_1fr_auto]"
    >
      <div
        class="flex min-h-0 flex-col portrait:order-2 portrait:row-start-2"
      >
        <div
          class="flex flex-shrink-0 flex-row items-center justify-center p-2"
        >
          <div
            class="flex flex-col items-center justify-center"
          >
            <div
              class="text-base font-bold text-adlerdarkblue"
            >
              Accessoires
            </div>
          </div>
        </div>
        <div
          class="flex flex-shrink-0 flex-row justify-center space-x-4 p-2"
        >
          <div
            class=""
          >
            <button
              class="justify-center p-1 lg:w-16 lg:h-16 md:w-14 md:h-14 sm:w-10 sm:h-10 w-10 h-10 aspect-square mobile-landscape:w-9 mobile-landscape:h-9 flex items-center text-sm rounded-lg hover:cursor-pointer lg:text-xl transition ease-in-out duration-75 active:translate-x-[1px] active:translate-y-[1px] active:border-b-2 active:border-r-2 active:border-transparent text-adlerdarkblue font-regular border-b-2 border-r-2 border-adlerdarkblue overflow-hidden box-border cursor-pointer bg-buttonbgblue landscape:hover:bg-adleryellow active:bg-adleryellow"
              data-testid="avatar-editor-category-tab-0"
              title="Öffnet die Kategorie Haare"
            >
              <img
                alt=""
                class="h-8 lg:h-12"
                src="hair.svg"
              />
            </button>
          </div>
          <div
            class=""
          >
            <button
              class="justify-center p-1 lg:w-16 lg:h-16 md:w-14 md:h-14 sm:w-10 sm:h-10 w-10 h-10 aspect-square mobile-landscape:w-9 mobile-landscape:h-9 flex items-center text-sm rounded-lg hover:cursor-pointer lg:text-xl transition ease-in-out duration-75 active:translate-x-[1px] active:translate-y-[1px] active:border-b-2 active:border-r-2 active:border-transparent text-adlerdarkblue font-regular border-b-2 border-r-2 border-adlerdarkblue overflow-hidden box-border cursor-pointer bg-buttonbgblue landscape:hover:bg-adleryellow active:bg-adleryellow"
              data-testid="avatar-editor-category-tab-1"
              title="Öffnet die Kategorie Gesicht"
            >
              <img
                alt=""
                class="h-8 lg:h-12"
                src="face.svg"
              />
            </button>
          </div>
          <div
            class=""
          >
            <button
              class="!bg-adleryellow translate-x-[1px] translate-y-[1px] !border-b-2 !border-r-2 !border-transparent justify-center p-1 lg:w-16 lg:h-16 md:w-14 md:h-14 sm:w-10 sm:h-10 w-10 h-10 aspect-square mobile-landscape:w-9 mobile-landscape:h-9 flex items-center text-sm rounded-lg hover:cursor-pointer lg:text-xl transition ease-in-out duration-75 active:translate-x-[1px] active:translate-y-[1px] active:border-b-2 active:border-r-2 active:border-transparent text-adlerdarkblue font-regular border-b-2 border-r-2 border-adlerdarkblue overflow-hidden box-border cursor-pointer bg-adleryellow landscape:hover:bg-adleryellow active:bg-adleryellow"
              data-testid="avatar-editor-category-tab-2"
              title="Öffnet die Kategorie Accessoires"
            >
              <img
                alt=""
                class="h-8 lg:h-12"
                src="accessoires.svg"
              />
            </button>
          </div>
          <div
            class=""
          >
            <button
              class="justify-center p-1 lg:w-16 lg:h-16 md:w-14 md:h-14 sm:w-10 sm:h-10 w-10 h-10 aspect-square mobile-landscape:w-9 mobile-landscape:h-9 flex items-center text-sm rounded-lg hover:cursor-pointer lg:text-xl transition ease-in-out duration-75 active:translate-x-[1px] active:translate-y-[1px] active:border-b-2 active:border-r-2 active:border-transparent text-adlerdarkblue font-regular border-b-2 border-r-2 border-adlerdarkblue overflow-hidden box-border cursor-pointer bg-buttonbgblue landscape:hover:bg-adleryellow active:bg-adleryellow"
              data-testid="avatar-editor-category-tab-3"
              title="Öffnet die Kategorie Kleidung"
            >
              <img
                alt=""
                class="h-8 lg:h-12"
                src="clothing.svg"
              />
            </button>
          </div>
          <div
            class=""
          >
            <button
              class="justify-center p-1 lg:w-16 lg:h-16 md:w-14 md:h-14 sm:w-10 sm:h-10 w-10 h-10 aspect-square mobile-landscape:w-9 mobile-landscape:h-9 flex items-center text-sm rounded-lg hover:cursor-pointer lg:text-xl transition ease-in-out duration-75 active:translate-x-[1px] active:translate-y-[1px] active:border-b-2 active:border-r-2 active:border-transparent text-adlerdarkblue font-regular border-b-2 border-r-2 border-adlerdarkblue overflow-hidden box-border cursor-pointer bg-buttonbgblue landscape:hover:bg-adleryellow active:bg-adleryellow"
              data-testid="avatar-editor-category-tab-4"
              title="Öffnet die Kategorie Körper"
            >
              <img
                alt=""
                class="h-8 lg:h-12"
                src="body.svg"
              />
            </button>
          </div>
          <div
            class=""
          >
            <button
              class="justify-center p-1 lg:w-16 lg:h-16 md:w-14 md:h-14 sm:w-10 sm:h-10 w-10 h-10 aspect-square mobile-landscape:w-9 mobile-landscape:h-9 flex items-center text-sm rounded-lg hover:cursor-pointer lg:text-xl transition ease-in-out duration-75 active:translate-x-[1px] active:translate-y-[1px] active:border-b-2 active:border-r-2 active:border-transparent text-adlerdarkblue font-regular border-b-2 border-r-2 border-adlerdarkblue overflow-hidden box-border cursor-pointer bg-buttonbgblue landscape:hover:bg-adleryellow active:bg-adleryellow"
              data-testid="avatareditorrandomizer"
              title="Erstellt einen zufällig aussehenden Avatar"
            >
              <img
                alt="Randomizer Icon"
                class="w-10 xl:w-12"
                src="random.svg"
              />
            </button>
          </div>
        </div>
        <div
          class="min-h-0 flex-1 overflow-auto p-4"
        >
          <div
            class="flex flex-col"
          >
            <div
              class="border-b border-gray-500 pb-2 mobile-landscape:ml-6"
            >
              <button
                class="w-full content-start text-left"
                data-testid="headgear_accordion"
                title="Klappt die Kategorie Kopfbedeckung auf und zeigt alle Optionen"
              >
                <h1
                  class="text-lg font-bold xl:text-2xl"
                >
                  ▼ Kopfbedeckung
                </h1>
              </button>
            </div>
            <div>
              <div
                class="accordionOpening"
              >
                <div
                  class="grid gap-5 pt-4 rounded-lg p-4 portrait:grid-cols-3 grid-cols-5"
                >
                  <div
                    class="w-full h-full"
                  >
                    <button
                      class="flex-col px-2 py-1 justify-center flex items-center text-sm rounded-lg hover:cursor-pointer lg:text-xl transition ease-in-out duration-75 active:translate-x-[1px] active:translate-y-[1px] active:border-b-2 active:border-r-2 active:border-transparent text-adlerdarkblue font-regular border-b-2 border-r-2 border-adlerdarkblue overflow-hidden box-border cursor-pointer bg-adleryellow landscape:hover:bg-adleryellow active:bg-adleryellow"
                      data-testid="Auswahl aufheben"
                      title="Auswahl aufheben"
                    >
                      <div
                        class="flex flex-col"
                      >
                        <img
                          alt="Auswahl aufhebenThumbnail"
                          class="w-full h-full"
                          src="aa-none_Thumbnail.png"
                        />
                      </div>
                    </button>
                  </div>
                  <div
                    class="w-full h-full"
                  >
                    <button
                      class="flex-col px-2 py-1 justify-center flex items-center text-sm rounded-lg hover:cursor-pointer lg:text-xl transition ease-in-out duration-75 active:translate-x-[1px] active:translate-y-[1px] active:border-b-2 active:border-r-2 active:border-transparent text-adlerdarkblue font-regular border-b-2 border-r-2 border-adlerdarkblue overflow-hidden box-border cursor-pointer bg-buttonbgblue landscape:hover:bg-adleryellow active:bg-adleryellow"
                      data-testid="hats-cowboy"
                      title="hats-cowboy"
                    >
                      <div
                        class="flex flex-col"
                      >
                        <img
                          alt="hats-cowboyThumbnail"
                          class="w-full h-full"
                          src="aa-hats-cowboy.png"
                        />
                      </div>
                    </button>
                  </div>
                  <div
                    class="w-full h-full"
                  >
                    <button
                      class="flex-col px-2 py-1 justify-center flex items-center text-sm rounded-lg hover:cursor-pointer lg:text-xl transition ease-in-out duration-75 active:translate-x-[1px] active:translate-y-[1px] active:border-b-2 active:border-r-2 active:border-transparent text-adlerdarkblue font-regular border-b-2 border-r-2 border-adlerdarkblue overflow-hidden box-border cursor-pointer bg-buttonbgblue landscape:hover:bg-adleryellow active:bg-adleryellow"
                      data-testid="hats-cylinder"
                      title="hats-cylinder"
                    >
                      <div
                        class="flex flex-col"
                      >
                        <img
                          alt="hats-cylinderThumbnail"
                          class="w-full h-full"
                          src="aa-hats-cylinder.png"
                        />
                      </div>
                    </button>
                  </div>
                  <div
                    class="w-full h-full"
                  >
                    <button
                      class="flex-col px-2 py-1 justify-center flex items-center text-sm rounded-lg hover:cursor-pointer lg:text-xl transition ease-in-out duration-75 active:translate-x-[1px] active:translate-y-[1px] active:border-b-2 active:border-r-2 active:border-transparent text-adlerdarkblue font-regular border-b-2 border-r-2 border-adlerdarkblue overflow-hidden box-border cursor-pointer bg-buttonbgblue landscape:hover:bg-adleryellow active:bg-adleryellow"
                      data-testid="hats-froghat"
                      title="hats-froghat"
                    >
                      <div
                        class="flex flex-col"
                      >
                        <img
                          alt="hats-froghatThumbnail"
                          class="w-full h-full"
                          src="aa-hats-froghat.png"
                        />
                      </div>
                    </button>
                  </div>
                  <div
                    class="w-full h-full"
                  >
                    <button
                      class="flex-col px-2 py-1 justify-center flex items-center text-sm rounded-lg hover:cursor-pointer lg:text-xl transition ease-in-out duration-75 active:translate-x-[1px] active:translate-y-[1px] active:border-b-2 active:border-r-2 active:border-transparent text-adlerdarkblue font-regular border-b-2 border-r-2 border-adlerdarkblue overflow-hidden box-border cursor-pointer bg-buttonbgblue landscape:hover:bg-adleryellow active:bg-adleryellow"
                      data-testid="hats-kecap"
                      title="hats-kecap"
                    >
                      <div
                        class="flex flex-col"
                      >
                        <img
                          alt="hats-kecapThumbnail"
                          class="w-full h-full"
                          src="aa-hats-kecap.png"
                        />
                      </div>
                    </button>
                  </div>
                  <div
                    class="w-full h-full"
                  >
                    <button
                      class="flex-col px-2 py-1 justify-center flex items-center text-sm rounded-lg hover:cursor-pointer lg:text-xl transition ease-in-out duration-75 active:translate-x-[1px] active:translate-y-[1px] active:border-b-2 active:border-r-2 active:border-transparent text-adlerdarkblue font-regular border-b-2 border-r-2 border-adlerdarkblue overflow-hidden box-border cursor-pointer bg-buttonbgblue landscape:hover:bg-adleryellow active:bg-adleryellow"
                      data-testid="hats-santa"
                      title="hats-santa"
                    >
                      <div
                        class="flex flex-col"
                      >
                        <img
                          alt="hats-santaThumbnail"
                          class="w-full h-full"
                          src="aa-hats-santa.png"
                        />
                      </div>
                    </button>
                  </div>
                  <div
                    class="w-full h-full"
                  >
                    <button
                      class="flex-col px-2 py-1 justify-center flex items-center text-sm rounded-lg hover:cursor-pointer lg:text-xl transition ease-in-out duration-75 active:translate-x-[1px] active:translate-y-[1px] active:border-b-2 active:border-r-2 active:border-transparent text-adlerdarkblue font-regular border-b-2 border-r-2 border-adlerdarkblue overflow-hidden box-border cursor-pointer bg-buttonbgblue landscape:hover:bg-adleryellow active:bg-adleryellow"
                      data-testid="hats-university"
                      title="hats-university"
                    >
                      <div
                        class="flex flex-col"
                      >
                        <img
                          alt="hats-universityThumbnail"
                          class="w-full h-full"
                          src="aa-hats-university.png"
                        />
                      </div>
                    </button>
                  </div>
                  <div
                    class="w-full h-full"
                  >
                    <button
                      class="flex-col px-2 py-1 justify-center flex items-center text-sm rounded-lg hover:cursor-pointer lg:text-xl transition ease-in-out duration-75 active:translate-x-[1px] active:translate-y-[1px] active:border-b-2 active:border-r-2 active:border-transparent text-adlerdarkblue font-regular border-b-2 border-r-2 border-adlerdarkblue overflow-hidden box-border cursor-pointer bg-buttonbgblue landscape:hover:bg-adleryellow active:bg-adleryellow"
                      data-testid="hats-vrgoggle"
                      title="hats-vrgoggle"
                    >
                      <div
                        class="flex flex-col"
                      >
                        <img
                          alt="hats-vrgoggleThumbnail"
                          class="w-full h-full"
                          src="aa-hats-vrgoggle.png"
                        />
                      </div>
                    </button>
                  </div>
                  <div
                    class="w-full h-full"
                  >
                    <button
                      class="flex-col px-2 py-1 justify-center flex items-center text-sm rounded-lg hover:cursor-pointer lg:text-xl transition ease-in-out duration-75 active:translate-x-[1px] active:translate-y-[1px] active:border-b-2 active:border-r-2 active:border-transparent text-adlerdarkblue font-regular border-b-2 border-r-2 border-adlerdarkblue overflow-hidden box-border cursor-pointer bg-buttonbgblue landscape:hover:bg-adleryellow active:bg-adleryellow"
                      data-testid="hats-witch"
                      title="hats-witch"
                    >
                      <div
                        class="flex flex-col"
                      >
                        <img
                          alt="hats-witchThumbnail"
                          class="w-full h-full"
                          src="aa-hats-witch.png"
                        />
                      </div>
                    </button>
                  </div>
                </div>
              </div>
            </div>
            <div
              class="border-b border-gray-500 pb-2 mobile-landscape:ml-6"
            >
              <button
                class="w-full content-start text-left"
                data-testid="glasses_accordion"
                title="Klappt die Kategorie Brille auf und zeigt alle Optionen"
              >
                <h1
                  class="text-lg font-bold xl:text-2xl"
                >
                  ▶ Brille
                </h1>
              </button>
            </div>
            <div>
              <div
                class="accordionCollapsing"
              />
            </div>
            <div
              class="border-b border-gray-500 pb-2 mobile-landscape:ml-6"
            >
              <button
                class="w-full content-start text-left"
                data-testid="backpack_accordion"
                title="Klappt die Kategorie Rucksack auf und zeigt alle Optionen"
              >
                <h1
                  class="text-lg font-bold xl:text-2xl"
                >
                  ▶ Rucksack
                </h1>
              </button>
            </div>
            <div>
              <div
                class="accordionCollapsing"
              />
            </div>
            <div
              class="border-b border-gray-500 pb-2 mobile-landscape:ml-6"
            >
              <button
                class="w-full content-start text-left"
                data-testid="other_accordion"
                title="Klappt die Kategorie Sonstiges auf und zeigt alle Optionen"
              >
                <h1
                  class="text-lg font-bold xl:text-2xl"
                >
                  ▶ Sonstiges
                </h1>
              </button>
            </div>
            <div>
              <div
                class="accordionCollapsing"
              />
            </div>
          </div>
        </div>
      </div>
      <div
        class="flex min-h-0 items-center justify-center overflow-hidden p-4 portrait:order-1 portrait:row-start-1 portrait:h-[40vh]"
      >
        <mockedavatareditorpreview
          class="relative z-10 h-full max-h-full w-full"
        />
      </div>
    </div>
  </div>
</div>
`;

exports[`AvatarEditor should render 3 category when tab button is clicked 1`] = `
<div>
  <div
    class="flex h-[100svh] flex-col overflow-hidden bg-gradient-to-br from-adlerbggradientfrom to-adlerbggradientto text-adlerdarkblue"
  >
    <div
      class="w-full flex-shrink-0 self-center p-2 font-semibold flex place-content-stretch lg:p-2 tablet-portrait:p-2"
    >
      <div
        class="flex w-1/2 place-content-stretch items-center justify-self-start"
      >
        <div
          class=""
        >
          <button
            class="mr-4 justify-center p-1 lg:w-16 lg:h-16 md:w-14 md:h-14 sm:w-10 sm:h-10 w-10 h-10 aspect-square mobile-landscape:w-9 mobile-landscape:h-9 flex items-center text-sm rounded-lg hover:cursor-pointer lg:text-xl transition ease-in-out duration-75 active:translate-x-[1px] active:translate-y-[1px] active:border-b-2 active:border-r-2 active:border-transparent text-adlerdarkblue font-regular border-b-2 border-r-2 border-adlerdarkblue overflow-hidden box-border cursor-pointer bg-buttonbgblue landscape:hover:bg-adleryellow active:bg-adleryellow"
            data-testid="homebutton"
            title="Klicken Sie hier, um zur Willkommen-Seite zurückzukehren"
          >
            <img
              alt="Home Icon"
              class="w-10 xl:w-12"
              src="home.svg"
            />
          </button>
        </div>
        <div
          class=""
        >
          <button
            class="justify-center p-1 lg:w-16 lg:h-16 md:w-14 md:h-14 sm:w-10 sm:h-10 w-10 h-10 aspect-square mobile-landscape:w-9 mobile-landscape:h-9 flex items-center text-sm rounded-lg hover:cursor-pointer lg:text-xl transition ease-in-out duration-75 active:translate-x-[1px] active:translate-y-[1px] active:border-b-2 active:border-r-2 active:border-transparent text-adlerdarkblue font-regular border-b-2 border-r-2 border-adlerdarkblue overflow-hidden box-border cursor-pointer bg-buttonbgblue landscape:hover:bg-adleryellow active:bg-adleryellow"
            data-testid="avatarEditorSave"
            title="Klicken Sie hier, um Ihren erstellten Avatar zu speichern"
          >
            <img
              alt="Save Icon"
              class="w-10 xl:w-12"
              src="save.svg"
            />
          </button>
        </div>
      </div>
      <div
        class="flex w-full items-center justify-center"
      >
        <div
          class="truncate py-2 font-[roboto] text-xl lg:text-4xl mobile-landscape:text-2xl tablet-portrait:text-2xl flex gap-2 m-2 w-fit h-fit text-adlerdarkblue"
        >
          Avatar-Editor
        </div>
      </div>
      <div
        class="flex w-1/2 items-center justify-end gap-4 lg:gap-8"
      >
        <div
          class=""
        >
          <div
            class=""
          >
            <button
              class="justify-center p-1 lg:w-16 lg:h-16 md:w-14 md:h-14 sm:w-10 sm:h-10 w-10 h-10 aspect-square mobile-landscape:w-9 mobile-landscape:h-9 flex items-center text-sm rounded-lg hover:cursor-pointer lg:text-xl transition ease-in-out duration-75 active:translate-x-[1px] active:translate-y-[1px] active:border-b-2 active:border-r-2 active:border-transparent text-adlerdarkblue font-regular border-b-2 border-r-2 border-adlerdarkblue overflow-hidden box-border cursor-pointer bg-buttonbgblue landscape:hover:bg-adleryellow active:bg-adleryellow"
              data-testid="helpdesk"
              title="Öffnet das Hilfe-Fenster, um Hilfe und weitere Informationen zur 3D-Lernumgebung zu erhalten"
            >
              <img
                alt="Help Icon"
                class="w-10 xl:w-12 mobile-landscape:w-6"
                src="help.svg"
                title="HelpButtonToolTip"
              />
            </button>
          </div>
        </div>
      </div>
    </div>
    <div
      class="grid min-h-0 flex-1 grid-cols-2 grid-rows-1 lg:rounded-lg portrait:grid-cols-1 portrait:grid-rows-[auto_1fr_auto]"
    >
      <div
        class="flex min-h-0 flex-col portrait:order-2 portrait:row-start-2"
      >
        <div
          class="flex flex-shrink-0 flex-row items-center justify-center p-2"
        >
          <div
            class="flex flex-col items-center justify-center"
          >
            <div
              class="text-base font-bold text-adlerdarkblue"
            >
              Kleidung
            </div>
          </div>
        </div>
        <div
          class="flex flex-shrink-0 flex-row justify-center space-x-4 p-2"
        >
          <div
            class=""
          >
            <button
              class="justify-center p-1 lg:w-16 lg:h-16 md:w-14 md:h-14 sm:w-10 sm:h-10 w-10 h-10 aspect-square mobile-landscape:w-9 mobile-landscape:h-9 flex items-center text-sm rounded-lg hover:cursor-pointer lg:text-xl transition ease-in-out duration-75 active:translate-x-[1px] active:translate-y-[1px] active:border-b-2 active:border-r-2 active:border-transparent text-adlerdarkblue font-regular border-b-2 border-r-2 border-adlerdarkblue overflow-hidden box-border cursor-pointer bg-buttonbgblue landscape:hover:bg-adleryellow active:bg-adleryellow"
              data-testid="avatar-editor-category-tab-0"
              title="Öffnet die Kategorie Haare"
            >
              <img
                alt=""
                class="h-8 lg:h-12"
                src="hair.svg"
              />
            </button>
          </div>
          <div
            class=""
          >
            <button
              class="justify-center p-1 lg:w-16 lg:h-16 md:w-14 md:h-14 sm:w-10 sm:h-10 w-10 h-10 aspect-square mobile-landscape:w-9 mobile-landscape:h-9 flex items-center text-sm rounded-lg hover:cursor-pointer lg:text-xl transition ease-in-out duration-75 active:translate-x-[1px] active:translate-y-[1px] active:border-b-2 active:border-r-2 active:border-transparent text-adlerdarkblue font-regular border-b-2 border-r-2 border-adlerdarkblue overflow-hidden box-border cursor-pointer bg-buttonbgblue landscape:hover:bg-adleryellow active:bg-adleryellow"
              data-testid="avatar-editor-category-tab-1"
              title="Öffnet die Kategorie Gesicht"
            >
              <img
                alt=""
                class="h-8 lg:h-12"
                src="face.svg"
              />
            </button>
          </div>
          <div
            class=""
          >
            <button
              class="justify-center p-1 lg:w-16 lg:h-16 md:w-14 md:h-14 sm:w-10 sm:h-10 w-10 h-10 aspect-square mobile-landscape:w-9 mobile-landscape:h-9 flex items-center text-sm rounded-lg hover:cursor-pointer lg:text-xl transition ease-in-out duration-75 active:translate-x-[1px] active:translate-y-[1px] active:border-b-2 active:border-r-2 active:border-transparent text-adlerdarkblue font-regular border-b-2 border-r-2 border-adlerdarkblue overflow-hidden box-border cursor-pointer bg-buttonbgblue landscape:hover:bg-adleryellow active:bg-adleryellow"
              data-testid="avatar-editor-category-tab-2"
              title="Öffnet die Kategorie Accessoires"
            >
              <img
                alt=""
                class="h-8 lg:h-12"
                src="accessoires.svg"
              />
            </button>
          </div>
          <div
            class=""
          >
            <button
              class="!bg-adleryellow translate-x-[1px] translate-y-[1px] !border-b-2 !border-r-2 !border-transparent justify-center p-1 lg:w-16 lg:h-16 md:w-14 md:h-14 sm:w-10 sm:h-10 w-10 h-10 aspect-square mobile-landscape:w-9 mobile-landscape:h-9 flex items-center text-sm rounded-lg hover:cursor-pointer lg:text-xl transition ease-in-out duration-75 active:translate-x-[1px] active:translate-y-[1px] active:border-b-2 active:border-r-2 active:border-transparent text-adlerdarkblue font-regular border-b-2 border-r-2 border-adlerdarkblue overflow-hidden box-border cursor-pointer bg-adleryellow landscape:hover:bg-adleryellow active:bg-adleryellow"
              data-testid="avatar-editor-category-tab-3"
              title="Öffnet die Kategorie Kleidung"
            >
              <img
                alt=""
                class="h-8 lg:h-12"
                src="clothing.svg"
              />
            </button>
          </div>
          <div
            class=""
          >
            <button
              class="justify-center p-1 lg:w-16 lg:h-16 md:w-14 md:h-14 sm:w-10 sm:h-10 w-10 h-10 aspect-square mobile-landscape:w-9 mobile-landscape:h-9 flex items-center text-sm rounded-lg hover:cursor-pointer lg:text-xl transition ease-in-out duration-75 active:translate-x-[1px] active:translate-y-[1px] active:border-b-2 active:border-r-2 active:border-transparent text-adlerdarkblue font-regular border-b-2 border-r-2 border-adlerdarkblue overflow-hidden box-border cursor-pointer bg-buttonbgblue landscape:hover:bg-adleryellow active:bg-adleryellow"
              data-testid="avatar-editor-category-tab-4"
              title="Öffnet die Kategorie Körper"
            >
              <img
                alt=""
                class="h-8 lg:h-12"
                src="body.svg"
              />
            </button>
          </div>
          <div
            class=""
          >
            <button
              class="justify-center p-1 lg:w-16 lg:h-16 md:w-14 md:h-14 sm:w-10 sm:h-10 w-10 h-10 aspect-square mobile-landscape:w-9 mobile-landscape:h-9 flex items-center text-sm rounded-lg hover:cursor-pointer lg:text-xl transition ease-in-out duration-75 active:translate-x-[1px] active:translate-y-[1px] active:border-b-2 active:border-r-2 active:border-transparent text-adlerdarkblue font-regular border-b-2 border-r-2 border-adlerdarkblue overflow-hidden box-border cursor-pointer bg-buttonbgblue landscape:hover:bg-adleryellow active:bg-adleryellow"
              data-testid="avatareditorrandomizer"
              title="Erstellt einen zufällig aussehenden Avatar"
            >
              <img
                alt="Randomizer Icon"
                class="w-10 xl:w-12"
                src="random.svg"
              />
            </button>
          </div>
        </div>
        <div
          class="min-h-0 flex-1 overflow-auto p-4"
        >
          <div
            class="flex flex-col"
          >
            <div
              class="border-b border-gray-500 pb-2 mobile-landscape:ml-6"
            >
              <button
                class="w-full content-start text-left"
                data-testid="shirt_accordion"
                title="Klappt die Kategorie Oberteil auf und zeigt alle Optionen"
              >
                <h1
                  class="text-lg font-bold xl:text-2xl"
                >
                  ▼ Oberteil
                </h1>
              </button>
            </div>
            <div>
              <div
                class="accordionOpening"
              >
                <div
                  class="grid gap-5 pt-4 rounded-lg p-4 portrait:grid-cols-3 grid-cols-5"
                >
                  <div
                    class="w-full h-full"
                  >
                    <button
                      class="flex-col px-2 py-1 justify-center flex items-center text-sm rounded-lg hover:cursor-pointer lg:text-xl transition ease-in-out duration-75 active:translate-x-[1px] active:translate-y-[1px] active:border-b-2 active:border-r-2 active:border-transparent text-adlerdarkblue font-regular border-b-2 border-r-2 border-adlerdarkblue overflow-hidden box-border cursor-pointer bg-buttonbgblue landscape:hover:bg-adleryellow active:bg-adleryellow"
                      data-testid="shirts-topcloud"
                      title="shirts-topcloud"
                    >
                      <div
                        class="flex flex-col"
                      >
                        <img
                          alt="shirts-topcloudThumbnail"
                          class="w-full h-full"
                          src="aa-none_Thumbnail.png"
                        />
                      </div>
                    </button>
                  </div>
                  <div
                    class="w-full h-full"
                  >
                    <button
                      class="flex-col px-2 py-1 justify-center flex items-center text-sm rounded-lg hover:cursor-pointer lg:text-xl transition ease-in-out duration-75 active:translate-x-[1px] active:translate-y-[1px] active:border-b-2 active:border-r-2 active:border-transparent text-adlerdarkblue font-regular border-b-2 border-r-2 border-adlerdarkblue overflow-hidden box-border cursor-pointer bg-buttonbgblue landscape:hover:bg-adleryellow active:bg-adleryellow"
                      data-testid="shirts-dress"
                      title="shirts-dress"
                    >
                      <div
                        class="flex flex-col"
                      >
                        <img
                          alt="shirts-dressThumbnail"
                          class="w-full h-full"
                          src="aa-shirts-dress.png"
                        />
                      </div>
                    </button>
                  </div>
                  <div
                    class="w-full h-full"
                  >
                    <button
                      class="flex-col px-2 py-1 justify-center flex items-center text-sm rounded-lg hover:cursor-pointer lg:text-xl transition ease-in-out duration-75 active:translate-x-[1px] active:translate-y-[1px] active:border-b-2 active:border-r-2 active:border-transparent text-adlerdarkblue font-regular border-b-2 border-r-2 border-adlerdarkblue overflow-hidden box-border cursor-pointer bg-buttonbgblue landscape:hover:bg-adleryellow active:bg-adleryellow"
                      data-testid="shirts-hoodie"
                      title="shirts-hoodie"
                    >
                      <div
                        class="flex flex-col"
                      >
                        <img
                          alt="shirts-hoodieThumbnail"
                          class="w-full h-full"
                          src="aa-shirts-hoodie.png"
                        />
                      </div>
                    </button>
                  </div>
                  <div
                    class="w-full h-full"
                  >
                    <button
                      class="flex-col px-2 py-1 justify-center flex items-center text-sm rounded-lg hover:cursor-pointer lg:text-xl transition ease-in-out duration-75 active:translate-x-[1px] active:translate-y-[1px] active:border-b-2 active:border-r-2 active:border-transparent text-adlerdarkblue font-regular border-b-2 border-r-2 border-adlerdarkblue overflow-hidden box-border cursor-pointer bg-buttonbgblue landscape:hover:bg-adleryellow active:bg-adleryellow"
                      data-testid="shirts-longdress"
                      title="shirts-longdress"
                    >
                      <div
                        class="flex flex-col"
                      >
                        <img
                          alt="shirts-longdressThumbnail"
                          class="w-full h-full"
                          src="aa-shirts-longdress.png"
                        />
                      </div>
                    </button>
                  </div>
                  <div
                    class="w-full h-full"
                  >
                    <button
                      class="flex-col px-2 py-1 justify-center flex items-center text-sm rounded-lg hover:cursor-pointer lg:text-xl transition ease-in-out duration-75 active:translate-x-[1px] active:translate-y-[1px] active:border-b-2 active:border-r-2 active:border-transparent text-adlerdarkblue font-regular border-b-2 border-r-2 border-adlerdarkblue overflow-hidden box-border cursor-pointer bg-adleryellow landscape:hover:bg-adleryellow active:bg-adleryellow"
                      data-testid="shirts-sweatshirt"
                      title="shirts-sweatshirt"
                    >
                      <div
                        class="flex flex-col"
                      >
                        <img
                          alt="shirts-sweatshirtThumbnail"
                          class="w-full h-full"
                          src="aa-shirts-sweatshirt.png"
                        />
                      </div>
                    </button>
                  </div>
                  <div
                    class="w-full h-full"
                  >
                    <button
                      class="flex-col px-2 py-1 justify-center flex items-center text-sm rounded-lg hover:cursor-pointer lg:text-xl transition ease-in-out duration-75 active:translate-x-[1px] active:translate-y-[1px] active:border-b-2 active:border-r-2 active:border-transparent text-adlerdarkblue font-regular border-b-2 border-r-2 border-adlerdarkblue overflow-hidden box-border cursor-pointer bg-buttonbgblue landscape:hover:bg-adleryellow active:bg-adleryellow"
                      data-testid="shirts-topcoatsanta"
                      title="shirts-topcoatsanta"
                    >
                      <div
                        class="flex flex-col"
                      >
                        <img
                          alt="shirts-topcoatsantaThumbnail"
                          class="w-full h-full"
                          src="aa-shirts-topcoatsanta.png"
                        />
                      </div>
                    </button>
                  </div>
                  <div
                    class="w-full h-full"
                  >
                    <button
                      class="flex-col px-2 py-1 justify-center flex items-center text-sm rounded-lg hover:cursor-pointer lg:text-xl transition ease-in-out duration-75 active:translate-x-[1px] active:translate-y-[1px] active:border-b-2 active:border-r-2 active:border-transparent text-adlerdarkblue font-regular border-b-2 border-r-2 border-adlerdarkblue overflow-hidden box-border cursor-pointer bg-buttonbgblue landscape:hover:bg-adleryellow active:bg-adleryellow"
                      data-testid="shirts-topdresssanta"
                      title="shirts-topdresssanta"
                    >
                      <div
                        class="flex flex-col"
                      >
                        <img
                          alt="shirts-topdresssantaThumbnail"
                          class="w-full h-full"
                          src="aa-shirts-topdresssanta.png"
                        />
                      </div>
                    </button>
                  </div>
                  <div
                    class="w-full h-full"
                  >
                    <button
                      class="flex-col px-2 py-1 justify-center flex items-center text-sm rounded-lg hover:cursor-pointer lg:text-xl transition ease-in-out duration-75 active:translate-x-[1px] active:translate-y-[1px] active:border-b-2 active:border-r-2 active:border-transparent text-adlerdarkblue font-regular border-b-2 border-r-2 border-adlerdarkblue overflow-hidden box-border cursor-pointer bg-buttonbgblue landscape:hover:bg-adleryellow active:bg-adleryellow"
                      data-testid="shirts-vest"
                      title="shirts-vest"
                    >
                      <div
                        class="flex flex-col"
                      >
                        <img
                          alt="shirts-vestThumbnail"
                          class="w-full h-full"
                          src="aa-shirts-vest.png"
                        />
                      </div>
                    </button>
                  </div>
                </div>
                <div
                  class="m-2 w-full p-2"
                >
                  <div
                    class=""
                  >
                    <div
                      class=""
                    >
                      <button
                        class="px-2 py-1 justify-center flex items-center text-sm rounded-lg hover:cursor-pointer lg:text-xl transition ease-in-out duration-75 active:translate-x-[1px] active:translate-y-[1px] active:border-b-2 active:border-r-2 active:border-transparent text-adlerdarkblue font-regular border-b-2 border-r-2 border-adlerdarkblue overflow-hidden box-border cursor-pointer bg-buttonbgblue landscape:hover:bg-adleryellow active:bg-adleryellow"
                        data-testid="colorpicker"
                        title="Öffnet ein Fenster zur Farbauswahl"
                      >
                        <div
                          class="m-2 h-5 w-5 rounded border-2 border-black"
                          style="background-color: rgb(0, 0, 0);"
                        />
                        Black 1
                      </button>
                    </div>
                  </div>
                </div>
              </div>
            </div>
            <div
              class="border-b border-gray-500 pb-2 mobile-landscape:ml-6"
            >
              <button
                class="w-full content-start text-left"
                data-testid="pants_accordion"
                title="Klappt die Kategorie Oberteil auf und zeigt alle Optionen"
              >
                <h1
                  class="text-lg font-bold xl:text-2xl"
                >
                  ▶ Hose
                </h1>
              </button>
            </div>
            <div>
              <div
                class="accordionCollapsing"
              />
            </div>
            <div
              class="border-b border-gray-500 pb-2 mobile-landscape:ml-6"
            >
              <button
                class="w-full content-start text-left"
                data-testid="shoe_accordion"
                title="Klappt die Kategorie Oberteil auf und zeigt alle Optionen"
              >
                <h1
                  class="text-lg font-bold xl:text-2xl"
                >
                  ▶ Schuhe
                </h1>
              </button>
            </div>
            <div>
              <div
                class="accordionCollapsing"
              />
            </div>
          </div>
        </div>
      </div>
      <div
        class="flex min-h-0 items-center justify-center overflow-hidden p-4 portrait:order-1 portrait:row-start-1 portrait:h-[40vh]"
      >
        <mockedavatareditorpreview
          class="relative z-10 h-full max-h-full w-full"
        />
      </div>
    </div>
  </div>
</div>
`;

exports[`AvatarEditor should render 4 category when tab button is clicked 1`] = `
<div>
  <div
    class="flex h-[100svh] flex-col overflow-hidden bg-gradient-to-br from-adlerbggradientfrom to-adlerbggradientto text-adlerdarkblue"
  >
    <div
      class="w-full flex-shrink-0 self-center p-2 font-semibold flex place-content-stretch lg:p-2 tablet-portrait:p-2"
    >
      <div
        class="flex w-1/2 place-content-stretch items-center justify-self-start"
      >
        <div
          class=""
        >
          <button
            class="mr-4 justify-center p-1 lg:w-16 lg:h-16 md:w-14 md:h-14 sm:w-10 sm:h-10 w-10 h-10 aspect-square mobile-landscape:w-9 mobile-landscape:h-9 flex items-center text-sm rounded-lg hover:cursor-pointer lg:text-xl transition ease-in-out duration-75 active:translate-x-[1px] active:translate-y-[1px] active:border-b-2 active:border-r-2 active:border-transparent text-adlerdarkblue font-regular border-b-2 border-r-2 border-adlerdarkblue overflow-hidden box-border cursor-pointer bg-buttonbgblue landscape:hover:bg-adleryellow active:bg-adleryellow"
            data-testid="homebutton"
            title="Klicken Sie hier, um zur Willkommen-Seite zurückzukehren"
          >
            <img
              alt="Home Icon"
              class="w-10 xl:w-12"
              src="home.svg"
            />
          </button>
        </div>
        <div
          class=""
        >
          <button
            class="justify-center p-1 lg:w-16 lg:h-16 md:w-14 md:h-14 sm:w-10 sm:h-10 w-10 h-10 aspect-square mobile-landscape:w-9 mobile-landscape:h-9 flex items-center text-sm rounded-lg hover:cursor-pointer lg:text-xl transition ease-in-out duration-75 active:translate-x-[1px] active:translate-y-[1px] active:border-b-2 active:border-r-2 active:border-transparent text-adlerdarkblue font-regular border-b-2 border-r-2 border-adlerdarkblue overflow-hidden box-border cursor-pointer bg-buttonbgblue landscape:hover:bg-adleryellow active:bg-adleryellow"
            data-testid="avatarEditorSave"
            title="Klicken Sie hier, um Ihren erstellten Avatar zu speichern"
          >
            <img
              alt="Save Icon"
              class="w-10 xl:w-12"
              src="save.svg"
            />
          </button>
        </div>
      </div>
      <div
        class="flex w-full items-center justify-center"
      >
        <div
          class="truncate py-2 font-[roboto] text-xl lg:text-4xl mobile-landscape:text-2xl tablet-portrait:text-2xl flex gap-2 m-2 w-fit h-fit text-adlerdarkblue"
        >
          Avatar-Editor
        </div>
      </div>
      <div
        class="flex w-1/2 items-center justify-end gap-4 lg:gap-8"
      >
        <div
          class=""
        >
          <div
            class=""
          >
            <button
              class="justify-center p-1 lg:w-16 lg:h-16 md:w-14 md:h-14 sm:w-10 sm:h-10 w-10 h-10 aspect-square mobile-landscape:w-9 mobile-landscape:h-9 flex items-center text-sm rounded-lg hover:cursor-pointer lg:text-xl transition ease-in-out duration-75 active:translate-x-[1px] active:translate-y-[1px] active:border-b-2 active:border-r-2 active:border-transparent text-adlerdarkblue font-regular border-b-2 border-r-2 border-adlerdarkblue overflow-hidden box-border cursor-pointer bg-buttonbgblue landscape:hover:bg-adleryellow active:bg-adleryellow"
              data-testid="helpdesk"
              title="Öffnet das Hilfe-Fenster, um Hilfe und weitere Informationen zur 3D-Lernumgebung zu erhalten"
            >
              <img
                alt="Help Icon"
                class="w-10 xl:w-12 mobile-landscape:w-6"
                src="help.svg"
                title="HelpButtonToolTip"
              />
            </button>
          </div>
        </div>
      </div>
    </div>
    <div
      class="grid min-h-0 flex-1 grid-cols-2 grid-rows-1 lg:rounded-lg portrait:grid-cols-1 portrait:grid-rows-[auto_1fr_auto]"
    >
      <div
        class="flex min-h-0 flex-col portrait:order-2 portrait:row-start-2"
      >
        <div
          class="flex flex-shrink-0 flex-row items-center justify-center p-2"
        >
          <div
            class="flex flex-col items-center justify-center"
          >
            <div
              class="text-base font-bold text-adlerdarkblue"
            >
              Körper
            </div>
          </div>
        </div>
        <div
          class="flex flex-shrink-0 flex-row justify-center space-x-4 p-2"
        >
          <div
            class=""
          >
            <button
              class="justify-center p-1 lg:w-16 lg:h-16 md:w-14 md:h-14 sm:w-10 sm:h-10 w-10 h-10 aspect-square mobile-landscape:w-9 mobile-landscape:h-9 flex items-center text-sm rounded-lg hover:cursor-pointer lg:text-xl transition ease-in-out duration-75 active:translate-x-[1px] active:translate-y-[1px] active:border-b-2 active:border-r-2 active:border-transparent text-adlerdarkblue font-regular border-b-2 border-r-2 border-adlerdarkblue overflow-hidden box-border cursor-pointer bg-buttonbgblue landscape:hover:bg-adleryellow active:bg-adleryellow"
              data-testid="avatar-editor-category-tab-0"
              title="Öffnet die Kategorie Haare"
            >
              <img
                alt=""
                class="h-8 lg:h-12"
                src="hair.svg"
              />
            </button>
          </div>
          <div
            class=""
          >
            <button
              class="justify-center p-1 lg:w-16 lg:h-16 md:w-14 md:h-14 sm:w-10 sm:h-10 w-10 h-10 aspect-square mobile-landscape:w-9 mobile-landscape:h-9 flex items-center text-sm rounded-lg hover:cursor-pointer lg:text-xl transition ease-in-out duration-75 active:translate-x-[1px] active:translate-y-[1px] active:border-b-2 active:border-r-2 active:border-transparent text-adlerdarkblue font-regular border-b-2 border-r-2 border-adlerdarkblue overflow-hidden box-border cursor-pointer bg-buttonbgblue landscape:hover:bg-adleryellow active:bg-adleryellow"
              data-testid="avatar-editor-category-tab-1"
              title="Öffnet die Kategorie Gesicht"
            >
              <img
                alt=""
                class="h-8 lg:h-12"
                src="face.svg"
              />
            </button>
          </div>
          <div
            class=""
          >
            <button
              class="justify-center p-1 lg:w-16 lg:h-16 md:w-14 md:h-14 sm:w-10 sm:h-10 w-10 h-10 aspect-square mobile-landscape:w-9 mobile-landscape:h-9 flex items-center text-sm rounded-lg hover:cursor-pointer lg:text-xl transition ease-in-out duration-75 active:translate-x-[1px] active:translate-y-[1px] active:border-b-2 active:border-r-2 active:border-transparent text-adlerdarkblue font-regular border-b-2 border-r-2 border-adlerdarkblue overflow-hidden box-border cursor-pointer bg-buttonbgblue landscape:hover:bg-adleryellow active:bg-adleryellow"
              data-testid="avatar-editor-category-tab-2"
              title="Öffnet die Kategorie Accessoires"
            >
              <img
                alt=""
                class="h-8 lg:h-12"
                src="accessoires.svg"
              />
            </button>
          </div>
          <div
            class=""
          >
            <button
              class="justify-center p-1 lg:w-16 lg:h-16 md:w-14 md:h-14 sm:w-10 sm:h-10 w-10 h-10 aspect-square mobile-landscape:w-9 mobile-landscape:h-9 flex items-center text-sm rounded-lg hover:cursor-pointer lg:text-xl transition ease-in-out duration-75 active:translate-x-[1px] active:translate-y-[1px] active:border-b-2 active:border-r-2 active:border-transparent text-adlerdarkblue font-regular border-b-2 border-r-2 border-adlerdarkblue overflow-hidden box-border cursor-pointer bg-buttonbgblue landscape:hover:bg-adleryellow active:bg-adleryellow"
              data-testid="avatar-editor-category-tab-3"
              title="Öffnet die Kategorie Kleidung"
            >
              <img
                alt=""
                class="h-8 lg:h-12"
                src="clothing.svg"
              />
            </button>
          </div>
          <div
            class=""
          >
            <button
              class="!bg-adleryellow translate-x-[1px] translate-y-[1px] !border-b-2 !border-r-2 !border-transparent justify-center p-1 lg:w-16 lg:h-16 md:w-14 md:h-14 sm:w-10 sm:h-10 w-10 h-10 aspect-square mobile-landscape:w-9 mobile-landscape:h-9 flex items-center text-sm rounded-lg hover:cursor-pointer lg:text-xl transition ease-in-out duration-75 active:translate-x-[1px] active:translate-y-[1px] active:border-b-2 active:border-r-2 active:border-transparent text-adlerdarkblue font-regular border-b-2 border-r-2 border-adlerdarkblue overflow-hidden box-border cursor-pointer bg-adleryellow landscape:hover:bg-adleryellow active:bg-adleryellow"
              data-testid="avatar-editor-category-tab-4"
              title="Öffnet die Kategorie Körper"
            >
              <img
                alt=""
                class="h-8 lg:h-12"
                src="body.svg"
              />
            </button>
          </div>
          <div
            class=""
          >
            <button
              class="justify-center p-1 lg:w-16 lg:h-16 md:w-14 md:h-14 sm:w-10 sm:h-10 w-10 h-10 aspect-square mobile-landscape:w-9 mobile-landscape:h-9 flex items-center text-sm rounded-lg hover:cursor-pointer lg:text-xl transition ease-in-out duration-75 active:translate-x-[1px] active:translate-y-[1px] active:border-b-2 active:border-r-2 active:border-transparent text-adlerdarkblue font-regular border-b-2 border-r-2 border-adlerdarkblue overflow-hidden box-border cursor-pointer bg-buttonbgblue landscape:hover:bg-adleryellow active:bg-adleryellow"
              data-testid="avatareditorrandomizer"
              title="Erstellt einen zufällig aussehenden Avatar"
            >
              <img
                alt="Randomizer Icon"
                class="w-10 xl:w-12"
                src="random.svg"
              />
            </button>
          </div>
        </div>
        <div
          class="min-h-0 flex-1 overflow-auto p-4"
        >
          <div
            class="flex flex-col"
          >
            <div
              class="pb-2 border-b border-gray-500"
            >
              <h1
                class="text-2xl font-bold"
              >
                Hautfarbe
              </h1>
            </div>
            <div
              class="w-full p-2 m-2"
            >
              <div
                class=""
              >
                <div
                  class=""
                >
                  <button
                    class="px-2 py-1 justify-center flex items-center text-sm rounded-lg hover:cursor-pointer lg:text-xl transition ease-in-out duration-75 active:translate-x-[1px] active:translate-y-[1px] active:border-b-2 active:border-r-2 active:border-transparent text-adlerdarkblue font-regular border-b-2 border-r-2 border-adlerdarkblue overflow-hidden box-border cursor-pointer bg-buttonbgblue landscape:hover:bg-adleryellow active:bg-adleryellow"
                    data-testid="colorpicker"
                    title="Öffnet ein Fenster zur Farbauswahl"
                  >
                    <div
                      class="m-2 h-5 w-5 rounded border-2 border-black"
                      style="background-color: rgb(192, 142, 108);"
                    />
                    Light 1
                  </button>
                </div>
              </div>
            </div>
          </div>
        </div>
      </div>
      <div
        class="flex min-h-0 items-center justify-center overflow-hidden p-4 portrait:order-1 portrait:row-start-1 portrait:h-[40vh]"
      >
        <mockedavatareditorpreview
          class="relative z-10 h-full max-h-full w-full"
        />
      </div>
    </div>
  </div>
</div>
`;

exports[`AvatarEditor should renders 1`] = `
<div>
  <div
    class="flex h-[100svh] flex-col overflow-hidden bg-gradient-to-br from-adlerbggradientfrom to-adlerbggradientto text-adlerdarkblue"
  >
    <div
      class="w-full flex-shrink-0 self-center p-2 font-semibold flex place-content-stretch lg:p-2 tablet-portrait:p-2"
    >
      <div
        class="flex w-1/2 place-content-stretch items-center justify-self-start"
      >
        <div
          class=""
        >
          <button
            class="mr-4 justify-center p-1 lg:w-16 lg:h-16 md:w-14 md:h-14 sm:w-10 sm:h-10 w-10 h-10 aspect-square mobile-landscape:w-9 mobile-landscape:h-9 flex items-center text-sm rounded-lg hover:cursor-pointer lg:text-xl transition ease-in-out duration-75 active:translate-x-[1px] active:translate-y-[1px] active:border-b-2 active:border-r-2 active:border-transparent text-adlerdarkblue font-regular border-b-2 border-r-2 border-adlerdarkblue overflow-hidden box-border cursor-pointer bg-buttonbgblue landscape:hover:bg-adleryellow active:bg-adleryellow"
            data-testid="homebutton"
            title="Klicken Sie hier, um zur Willkommen-Seite zurückzukehren"
          >
            <img
              alt="Home Icon"
              class="w-10 xl:w-12"
              src="home.svg"
            />
          </button>
        </div>
        <div
          class=""
        >
          <button
            class="justify-center p-1 lg:w-16 lg:h-16 md:w-14 md:h-14 sm:w-10 sm:h-10 w-10 h-10 aspect-square mobile-landscape:w-9 mobile-landscape:h-9 flex items-center text-sm rounded-lg hover:cursor-pointer lg:text-xl transition ease-in-out duration-75 active:translate-x-[1px] active:translate-y-[1px] active:border-b-2 active:border-r-2 active:border-transparent text-adlerdarkblue font-regular border-b-2 border-r-2 border-adlerdarkblue overflow-hidden box-border cursor-pointer bg-buttonbgblue landscape:hover:bg-adleryellow active:bg-adleryellow"
            data-testid="avatarEditorSave"
            title="Klicken Sie hier, um Ihren erstellten Avatar zu speichern"
          >
            <img
              alt="Save Icon"
              class="w-10 xl:w-12"
              src="save.svg"
            />
          </button>
        </div>
      </div>
      <div
        class="flex w-full items-center justify-center"
      >
        <div
          class="truncate py-2 font-[roboto] text-xl lg:text-4xl mobile-landscape:text-2xl tablet-portrait:text-2xl flex gap-2 m-2 w-fit h-fit text-adlerdarkblue"
        >
          Avatar-Editor
        </div>
      </div>
      <div
        class="flex w-1/2 items-center justify-end gap-4 lg:gap-8"
      >
        <div
          class=""
        >
          <div
            class=""
          >
            <button
              class="justify-center p-1 lg:w-16 lg:h-16 md:w-14 md:h-14 sm:w-10 sm:h-10 w-10 h-10 aspect-square mobile-landscape:w-9 mobile-landscape:h-9 flex items-center text-sm rounded-lg hover:cursor-pointer lg:text-xl transition ease-in-out duration-75 active:translate-x-[1px] active:translate-y-[1px] active:border-b-2 active:border-r-2 active:border-transparent text-adlerdarkblue font-regular border-b-2 border-r-2 border-adlerdarkblue overflow-hidden box-border cursor-pointer bg-buttonbgblue landscape:hover:bg-adleryellow active:bg-adleryellow"
              data-testid="helpdesk"
              title="Öffnet das Hilfe-Fenster, um Hilfe und weitere Informationen zur 3D-Lernumgebung zu erhalten"
            >
              <img
                alt="Help Icon"
                class="w-10 xl:w-12 mobile-landscape:w-6"
                src="help.svg"
                title="HelpButtonToolTip"
              />
            </button>
          </div>
        </div>
      </div>
    </div>
    <div
      class="grid min-h-0 flex-1 grid-cols-2 grid-rows-1 lg:rounded-lg portrait:grid-cols-1 portrait:grid-rows-[auto_1fr_auto]"
    >
      <div
        class="flex min-h-0 flex-col portrait:order-2 portrait:row-start-2"
      >
        <div
          class="flex flex-shrink-0 flex-row items-center justify-center p-2"
        >
          <div
            class="flex flex-col items-center justify-center"
          >
            <div
              class="text-base font-bold text-adlerdarkblue"
            >
              Haare
            </div>
          </div>
        </div>
        <div
          class="flex flex-shrink-0 flex-row justify-center space-x-4 p-2"
        >
          <div
            class=""
          >
            <button
              class="!bg-adleryellow translate-x-[1px] translate-y-[1px] !border-b-2 !border-r-2 !border-transparent justify-center p-1 lg:w-16 lg:h-16 md:w-14 md:h-14 sm:w-10 sm:h-10 w-10 h-10 aspect-square mobile-landscape:w-9 mobile-landscape:h-9 flex items-center text-sm rounded-lg hover:cursor-pointer lg:text-xl transition ease-in-out duration-75 active:translate-x-[1px] active:translate-y-[1px] active:border-b-2 active:border-r-2 active:border-transparent text-adlerdarkblue font-regular border-b-2 border-r-2 border-adlerdarkblue overflow-hidden box-border cursor-pointer bg-adleryellow landscape:hover:bg-adleryellow active:bg-adleryellow"
              data-testid="avatar-editor-category-tab-0"
              title="Öffnet die Kategorie Haare"
            >
              <img
                alt=""
                class="h-8 lg:h-12"
                src="hair.svg"
              />
            </button>
          </div>
          <div
            class=""
          >
            <button
              class="justify-center p-1 lg:w-16 lg:h-16 md:w-14 md:h-14 sm:w-10 sm:h-10 w-10 h-10 aspect-square mobile-landscape:w-9 mobile-landscape:h-9 flex items-center text-sm rounded-lg hover:cursor-pointer lg:text-xl transition ease-in-out duration-75 active:translate-x-[1px] active:translate-y-[1px] active:border-b-2 active:border-r-2 active:border-transparent text-adlerdarkblue font-regular border-b-2 border-r-2 border-adlerdarkblue overflow-hidden box-border cursor-pointer bg-buttonbgblue landscape:hover:bg-adleryellow active:bg-adleryellow"
              data-testid="avatar-editor-category-tab-1"
              title="Öffnet die Kategorie Gesicht"
            >
              <img
                alt=""
                class="h-8 lg:h-12"
                src="face.svg"
              />
            </button>
          </div>
          <div
            class=""
          >
            <button
              class="justify-center p-1 lg:w-16 lg:h-16 md:w-14 md:h-14 sm:w-10 sm:h-10 w-10 h-10 aspect-square mobile-landscape:w-9 mobile-landscape:h-9 flex items-center text-sm rounded-lg hover:cursor-pointer lg:text-xl transition ease-in-out duration-75 active:translate-x-[1px] active:translate-y-[1px] active:border-b-2 active:border-r-2 active:border-transparent text-adlerdarkblue font-regular border-b-2 border-r-2 border-adlerdarkblue overflow-hidden box-border cursor-pointer bg-buttonbgblue landscape:hover:bg-adleryellow active:bg-adleryellow"
              data-testid="avatar-editor-category-tab-2"
              title="Öffnet die Kategorie Accessoires"
            >
              <img
                alt=""
                class="h-8 lg:h-12"
                src="accessoires.svg"
              />
            </button>
          </div>
          <div
            class=""
          >
            <button
              class="justify-center p-1 lg:w-16 lg:h-16 md:w-14 md:h-14 sm:w-10 sm:h-10 w-10 h-10 aspect-square mobile-landscape:w-9 mobile-landscape:h-9 flex items-center text-sm rounded-lg hover:cursor-pointer lg:text-xl transition ease-in-out duration-75 active:translate-x-[1px] active:translate-y-[1px] active:border-b-2 active:border-r-2 active:border-transparent text-adlerdarkblue font-regular border-b-2 border-r-2 border-adlerdarkblue overflow-hidden box-border cursor-pointer bg-buttonbgblue landscape:hover:bg-adleryellow active:bg-adleryellow"
              data-testid="avatar-editor-category-tab-3"
              title="Öffnet die Kategorie Kleidung"
            >
              <img
                alt=""
                class="h-8 lg:h-12"
                src="clothing.svg"
              />
            </button>
          </div>
          <div
            class=""
          >
            <button
              class="justify-center p-1 lg:w-16 lg:h-16 md:w-14 md:h-14 sm:w-10 sm:h-10 w-10 h-10 aspect-square mobile-landscape:w-9 mobile-landscape:h-9 flex items-center text-sm rounded-lg hover:cursor-pointer lg:text-xl transition ease-in-out duration-75 active:translate-x-[1px] active:translate-y-[1px] active:border-b-2 active:border-r-2 active:border-transparent text-adlerdarkblue font-regular border-b-2 border-r-2 border-adlerdarkblue overflow-hidden box-border cursor-pointer bg-buttonbgblue landscape:hover:bg-adleryellow active:bg-adleryellow"
              data-testid="avatar-editor-category-tab-4"
              title="Öffnet die Kategorie Körper"
            >
              <img
                alt=""
                class="h-8 lg:h-12"
                src="body.svg"
              />
            </button>
          </div>
          <div
            class=""
          >
            <button
              class="justify-center p-1 lg:w-16 lg:h-16 md:w-14 md:h-14 sm:w-10 sm:h-10 w-10 h-10 aspect-square mobile-landscape:w-9 mobile-landscape:h-9 flex items-center text-sm rounded-lg hover:cursor-pointer lg:text-xl transition ease-in-out duration-75 active:translate-x-[1px] active:translate-y-[1px] active:border-b-2 active:border-r-2 active:border-transparent text-adlerdarkblue font-regular border-b-2 border-r-2 border-adlerdarkblue overflow-hidden box-border cursor-pointer bg-buttonbgblue landscape:hover:bg-adleryellow active:bg-adleryellow"
              data-testid="avatareditorrandomizer"
              title="Erstellt einen zufällig aussehenden Avatar"
            >
              <img
                alt="Randomizer Icon"
                class="w-10 xl:w-12"
                src="random.svg"
              />
            </button>
          </div>
        </div>
        <div
          class="min-h-0 flex-1 overflow-auto p-4"
        >
          <mockedavatareditorhaircategory
            controller="undefined"
            viewmodel="[object Object]"
          />
        </div>
      </div>
      <div
        class="flex min-h-0 items-center justify-center overflow-hidden p-4 portrait:order-1 portrait:row-start-1 portrait:h-[40vh]"
      >
        <mockedavatareditorpreview
          class="relative z-10 h-full max-h-full w-full"
        />
      </div>
    </div>
  </div>
</div>
`;
