// Jest Snapshot v1, https://goo.gl/fbAQLP

exports[`ControlsExplanationContent should render 1`] = `
<div>
  <div
    class="max-w-[85vw] pb-4 text-xs lg:text-sm mobile-landscape:text-2xs portrait:text-xs"
  >
    <div
      class="space-y-6 mobile-landscape:space-y-4 portrait:space-y-4"
    >
      <section
        class="space-y-3 mobile-landscape:space-y-2 portrait:space-y-2"
      >
        <h3
          class="font-bold text-adlerdarkblue"
        >
          controlAvatar
        </h3>
        <div
          class="flex flex-row items-start justify-start gap-2"
        >
          <img
            alt="Linksklick"
            class="w-6 flex-shrink-0"
            src="left-click.svg"
          />
          <p>
            controlAvatarMouse
          </p>
        </div>
        <div
          class="flex flex-row items-start justify-start gap-2"
        >
          <img
            alt="Einfacher Touch"
            class="w-6 flex-shrink-0"
            src="touch.svg"
          />
          <p>
            controlAvatarTouch
          </p>
        </div>
        <div
          class="flex flex-row items-start justify-start gap-2"
        >
          <img
            alt="Icon"
            class="w-6 flex-shrink-0"
            src="hint.svg"
          />
          <p>
            controlAvatarHint
          </p>
        </div>
      </section>
      <section
        class="space-y-3 mobile-landscape:space-y-2 portrait:space-y-2"
      >
        <h3
          class="font-bold text-adlerdarkblue"
        >
          openContent
        </h3>
        <div
          class="flex flex-row items-start justify-start gap-2"
        >
          <img
            alt="Icon"
            class="w-6 flex-shrink-0"
            src="left-click.svg"
          />
          <p>
            openContentMouse
          </p>
        </div>
        <div
          class="flex flex-row items-start justify-start gap-2"
        >
          <img
            alt="Icon"
            class="w-6 flex-shrink-0"
            src="left-click.svg"
          />
          <p>
            openContentMouseDouble
          </p>
        </div>
        <div
          class="flex flex-row items-start justify-start gap-2"
        >
          <img
            alt="Icon"
            class="w-6 flex-shrink-0"
            src="touch.svg"
          />
          <p>
            openContentTouch
          </p>
        </div>
        <div
          class="flex flex-row items-start justify-start gap-2"
        >
          <img
            alt="Icon"
            class="w-6 flex-shrink-0"
            src="hint.svg"
          />
          <div
            class="flex flex-col gap-1"
          >
            <p>
              openContentHint1
            </p>
            <p>
              openContentHint2
            </p>
          </div>
        </div>
      </section>
      <section
        class="space-y-3 mobile-landscape:space-y-2 portrait:space-y-2"
      >
        <h3
          class="font-bold text-adlerdarkblue"
        >
          rotateCamera
        </h3>
        <div
          class="flex flex-row items-start justify-start gap-2"
        >
          <img
            alt="Icon"
            class="w-6 flex-shrink-0"
            src="middle-mouse-click-and-drag.svg"
          />
          <p>
            rotateCameraMouse
          </p>
        </div>
        <div
          class="flex flex-row items-start justify-start gap-2"
        >
          <img
            alt="Icon"
            class="w-6 flex-shrink-0"
            src="touch-and-drag.svg"
          />
          <p>
            rotateCameraTouch
          </p>
        </div>
        <div
          class="flex flex-row items-start justify-start gap-2"
        >
          <img
            alt="Icon"
            class="w-6 flex-shrink-0"
            src="hint.svg"
          />
          <p>
            rotateCameraHint
          </p>
        </div>
      </section>
      <section
        class="space-y-3 mobile-landscape:space-y-2 portrait:space-y-2"
      >
        <h3
          class="font-bold text-adlerdarkblue"
        >
          zoomCamera
        </h3>
        <div
          class="flex flex-row items-start justify-start gap-2"
        >
          <img
            alt="Icon"
            class="w-6 flex-shrink-0"
            src="middle-mouse-click.svg"
          />
          <p>
            zoomCameraMouse
          </p>
        </div>
        <div
          class="flex flex-row items-start justify-start gap-2"
        >
          <img
            alt="Icon"
            class="w-6 flex-shrink-0"
            src="touch-zoom.svg"
          />
          <p>
            zoomCameraTouch
          </p>
        </div>
        <div
          class="flex flex-row items-start justify-start gap-2"
        >
          <img
            alt="Icon"
            class="w-6 flex-shrink-0"
            src="hint.svg"
          />
          <p>
            zoomCameraHint
          </p>
        </div>
      </section>
      <section
        class="space-y-3 mobile-landscape:space-y-2 portrait:space-y-2"
      >
        <h3
          class="font-bold text-adlerdarkblue"
        >
          Highlight Farben
        </h3>
        <div
          class="flex flex-row items-start justify-start gap-2"
        >
          <img
            alt="Icon"
            class="w-6 flex-shrink-0"
            src="LearningElementUnsolvedIcon.svg"
          />
          <p>
            LearningElementUnsolvedIcon
          </p>
        </div>
        <div
          class="flex flex-row items-start justify-start gap-2"
        >
          <img
            alt="Icon"
            class="w-6 flex-shrink-0"
            src="LearningElementSolvedIcon.svg"
          />
          <p>
            LearningElementSolvedIcon
          </p>
        </div>
        <div
          class="flex flex-row items-start justify-start gap-2"
        >
          <img
            alt="Icon"
            class="w-6 flex-shrink-0"
            src="NonLearningElementBaseIcon.svg"
          />
          <p>
            NonLearningElementBaseIcon
          </p>
        </div>
        <div
          class="flex flex-row items-start justify-start gap-2"
        >
          <img
            alt="Icon"
            class="w-6 flex-shrink-0"
            src="hint.svg"
          />
          <p>
            HighlightHint
          </p>
        </div>
      </section>
    </div>
  </div>
</div>
`;
