// Jest Snapshot v1, https://goo.gl/fbAQLP

exports[`ControlsExplanationModal should render 1`] = `
<div>
  <div
    class="z-50 flex items-center justify-center flex gap-2 m-2 w-fit h-fit text-adlertextgrey"
  >
    <div
      class="fixed top-0 bottom-0 left-0 right-0 flex items-center justify-center h-full bg-blacktrans"
    >
      <div
        class="z-50 p-2 rounded-lg bg-gradient-to-br from-adlerbggradientfrom to-adlerbggradientto max-w-[95%] max-h-[95%] overflow-hidden flex flex-col"
      >
        <div
          class="flex items-center justify-center w-full gap-2 p-1 pb-3 text-xl font-bold text-adlerdarkblue lg:roboto-black lg:text-2xl h-fit mobile-landscape:text-sm mobile-portrait:text-sm"
        >
          <div
            class="w-full"
          >
            3D-Steuerung
          </div>
          <button
            class="justify-center p-1 md:w-7 md:h-7 w-6 h-6 mobile-portrait:rounded-md aspect-square flex items-center text-sm rounded-lg hover:cursor-pointer hover:border-adlerdarkblue hover:bg-adleryellow lg:text-xl transition ease-in-out duration-75 active:translate-x-[1px] active:translate-y-[1px] active:border-b-2 active:border-r-2 active:border-transparent text-adlerdarkblue font-regular border-b-2 border-r-2 border-adlerdarkblue overflow-hidden box-border cursor-pointer bg-buttonbgblue"
            title="Schließt dieses Fenster"
          >
            <img
              alt="CloseButton"
              class="w-6 h-6"
              src="close.svg"
            />
          </button>
        </div>
        <div
          class="px-1 overflow-auto rounded-lg font-regular h-fit scrollGutter mobile-portrait:text-xs mobile-landscape:text-xs"
        >
          <div
            class="mobile-landscape:grid-rows-auto portrait:grid-rows-auto portrait-gap-y-1 grid max-w-[85vw] grid-flow-row grid-rows-6 gap-x-8 gap-y-3 pb-4 text-xs lg:text-sm xl:gap-2 mobile-landscape:grid-flow-row mobile-landscape:grid-cols-1 mobile-landscape:justify-center mobile-landscape:gap-x-1 mobile-landscape:gap-y-3 mobile-landscape:pb-0 mobile-landscape:text-2xs portrait:grid-flow-row portrait:grid-cols-1"
          >
            <h3
              class="self-center font-bold text-adlerdarkblue"
            >
              Avatar bewegen
            </h3>
            <div
              class="flex flex-row items-start justify-start gap-2"
            >
              <img
                alt="Linksklick"
                class="w-6"
                src="left-click.svg"
              />
              <p>
                Linksklick auf eine Position
              </p>
            </div>
            <div
              class="flex flex-row items-start justify-start gap-2"
            >
              <img
                alt="Einfacher Touch"
                class="w-6"
                src="touch.svg"
              />
              <p>
                Einfacher Touch auf eine Position
              </p>
            </div>
            <div
              class="flex flex-row items-start justify-start gap-2 portrait:pb-3"
            >
              <img
                alt="Icon"
                class="w-6"
                src="hint.svg"
              />
              <p>
                Der Avatar kann nur innerhalb des mit Fussboden begrenzten Raums bewegt werden
              </p>
            </div>
            <h3
              class="self-center font-bold text-adlerdarkblue"
            >
              Inhalte öffnen
            </h3>
            <div
              class="flex flex-row items-start justify-start gap-2"
            >
              <img
                alt="Icon"
                class="w-6"
                src="left-click.svg"
              />
              <p>
                Linksklick auf ein 3D Objekt
              </p>
            </div>
            <div
              class="flex flex-row items-start justify-start gap-2"
            >
              <img
                alt="Icon"
                class="w-6"
                src="left-click.svg"
              />
              <p>
                Doppelklick auf ein 3D Objekt - Inhalte werden automatisch bei Annährung geöffnet
              </p>
            </div>
            <div
              class="flex flex-row items-start justify-start gap-2"
            >
              <img
                alt="Icon"
                class="w-6"
                src="touch.svg"
              />
              <p>
                Einfacher Touch auf ein 3D Objekt
              </p>
            </div>
            <div
              class="flex flex-row items-start justify-start gap-2 portrait:pb-3"
            >
              <img
                alt="Icon"
                class="w-6"
                src="hint.svg"
              />
              <div
                class="flex flex-col gap-1"
              >
                <p>
                  Nur farblich umrandete 3D-Modelle mit 3D-Icons und Türen sind mit Inhalten verknüpft 
                </p>
                <p>
                  Inhalte können nur geöffnet werden, wenn der Avatar sich in der Nähe des 3D-Objekts befindet   
                </p>
              </div>
            </div>
            <h3
              class="self-center font-bold text-adlerdarkblue"
            >
              Kamera drehen
            </h3>
            <div
              class="flex flex-row items-start justify-start gap-2"
            >
              <img
                alt="Icon"
                class="w-6"
                src="middle-mouse-click-and-drag.svg"
              />
              <p>
                Mausrad drücken und seitliche Bewegung
              </p>
            </div>
            <div
              class="flex flex-row items-start justify-start gap-2"
            >
              <img
                alt="Icon"
                class="w-6"
                src="touch-and-drag.svg"
              />
              <p>
                Einfacher Touch und seitliche Bewegung
              </p>
            </div>
            <div
              class="flex flex-row items-start justify-start gap-2 portrait:pb-3"
            >
              <img
                alt="Icon"
                class="w-6"
                src="hint.svg"
              />
              <p>
                Die Kamera ist um 45° nach links und rechts schwenkbar
              </p>
            </div>
            <h3
              class="self-center font-bold text-adlerdarkblue"
            >
              Kamera zoomen
            </h3>
            <div
              class="flex flex-row items-start justify-start gap-2"
            >
              <img
                alt="Icon"
                class="w-6"
                src="middle-mouse-click.svg"
              />
              <p>
                Mausrad drehen
              </p>
            </div>
            <div
              class="flex flex-row items-start justify-start gap-2"
            >
              <img
                alt="Icon"
                class="w-6"
                src="touch-zoom.svg"
              />
              <p>
                Zwei Touchpunkte entfernen / annäheren
              </p>
            </div>
            <div
              class="flex flex-row items-start justify-start gap-2 portrait:pb-3"
            >
              <img
                alt="Icon"
                class="w-6"
                src="hint.svg"
              />
              <p>
                Die Kamera ist in einem bestimmen Nah- und Fernbereich zoombar
              </p>
            </div>
            <h3
              class="self-center font-bold text-adlerdarkblue"
            >
              Highlight Farben
            </h3>
            <div
              class="flex flex-row items-start justify-start gap-2"
            >
              <img
                alt="Icon"
                class="w-6"
                src="LearningElementUnsolvedIcon.svg"
              />
              <p>
                Orangene Umrandung besitzen Lernelemente, die nicht abgeschlossen sind
              </p>
            </div>
            <div
              class="flex flex-row items-start justify-start gap-2"
            >
              <img
                alt="Icon"
                class="w-6"
                src="LearningElementSolvedIcon.svg"
              />
              <p>
                Grüne Umrandung besitzen Lernelemente, die abgeschlossen sind
              </p>
            </div>
            <div
              class="flex flex-row items-start justify-start gap-2"
            >
              <img
                alt="Icon"
                class="w-6"
                src="NonLearningElementBaseIcon.svg"
              />
              <p>
                Violette Umrandung besitzen Elemente, die anderweitig interagierbar sind
              </p>
            </div>
            <div
              class="flex flex-row items-start justify-start gap-2"
            >
              <img
                alt="Icon"
                class="w-6"
                src="hint.svg"
              />
              <p>
                Die Farben werden intensiver, wenn der Avatar nahe genug an den Elementen ist und mit ihnen interagieren kann
              </p>
            </div>
          </div>
        </div>
      </div>
    </div>
  </div>
</div>
`;
