// Jest Snapshot v1, https://goo.gl/fbAQLP

exports[`LoadingScreenHomePageInformation should render 1`] = `
<div>
  <div
    class="grid grid-cols-10"
  >
    <h1
      class="col-span-6 col-start-3 p-2 font-bold text-center portrait:pb-6 portrait:col-span-10 portrait:col-start-1 text-adlerdarkblue pd-4"
    >
      websiteInfoText
    </h1>
    <div
      class="col-span-4 col-start-4 p-2 portrait:col-span-8 portrait:col-start-2"
    >
      <button
        class="justify-center flex items-center text-sm rounded-lg hover:cursor-pointer lg:text-xl transition ease-in-out duration-75 active:translate-x-[1px] active:translate-y-[1px] active:border-b-2 active:border-r-2 active:border-transparent text-adlerdarkblue font-regular border-b-2 border-r-2 border-adlerdarkblue overflow-hidden box-border cursor-pointer bg-buttonbgblue"
      >
        <div
          class="bg-slate-400"
        >
          <a
            class="opacity-75 hover:opacity-100"
            href="https://projekt-adler.eu"
            rel="noreferrer"
            target="_blank"
          >
            <img
              alt="adlerHomepage"
              src="AdLerHomepage.png"
            />
          </a>
        </div>
      </button>
    </div>
  </div>
</div>
`;
