// Jest Snapshot v1, https://goo.gl/fbAQLP

exports[`AdaptivityElementQuestionSelection should render (with all difficulties) 1`] = `
<div>
  <div
    class="flex flex-row w-[100%] gap-2"
  >
    <div
      class="flex flex-col"
    >
      <button
        class="w-full max-w-2xl px-2 py-1 justify-center flex items-center text-sm rounded-lg hover:cursor-pointer hover:border-buttonbgblue hover:text-buttonbgblue hover:bg-adlerdarkblue lg:text-xl transition ease-in-out duration-75 active:translate-x-1 active:translate-y-1 active:border-transparent text-adlerdarkblue font-regular border-t-[1px] border-l-[1px] border-b-4 border-r-4 border-adlerdarkblue overflow-hidden box-border bg-buttonbgblue"
      >
        Leicht
      </button>
      <button
        class="w-full max-w-2xl px-2 py-1 justify-center flex items-center text-sm rounded-lg hover:cursor-pointer hover:border-buttonbgblue hover:text-buttonbgblue hover:bg-adlerdarkblue lg:text-xl transition ease-in-out duration-75 active:translate-x-1 active:translate-y-1 active:border-transparent text-adlerdarkblue font-regular border-t-[1px] border-l-[1px] border-b-4 border-r-4 border-adlerdarkblue overflow-hidden box-border bg-buttonbgblue"
      >
        Hinweis
      </button>
    </div>
    <div
      class="flex flex-col"
    >
      <button
        class="w-full max-w-2xl px-2 py-1 justify-center flex items-center text-sm rounded-lg hover:cursor-pointer hover:border-buttonbgblue hover:text-buttonbgblue hover:bg-adlerdarkblue lg:text-xl transition ease-in-out duration-75 active:translate-x-1 active:translate-y-1 active:border-transparent text-adlerdarkblue font-regular border-t-[1px] border-l-[1px] border-b-4 border-r-4 border-adlerdarkblue overflow-hidden box-border bg-buttonbgblue"
      >
        Medium
      </button>
      <button
        class="w-full max-w-2xl px-2 py-1 justify-center flex items-center text-sm rounded-lg hover:cursor-pointer hover:border-buttonbgblue hover:text-buttonbgblue hover:bg-adlerdarkblue lg:text-xl transition ease-in-out duration-75 active:translate-x-1 active:translate-y-1 active:border-transparent text-adlerdarkblue font-regular border-t-[1px] border-l-[1px] border-b-4 border-r-4 border-adlerdarkblue overflow-hidden box-border bg-buttonbgblue"
      >
        Hinweis
      </button>
    </div>
    <div
      class="flex flex-col"
    >
      <button
        class="w-full max-w-2xl px-2 py-1 justify-center flex items-center text-sm rounded-lg hover:cursor-pointer hover:border-buttonbgblue hover:text-buttonbgblue hover:bg-adlerdarkblue lg:text-xl transition ease-in-out duration-75 active:translate-x-1 active:translate-y-1 active:border-transparent text-adlerdarkblue font-regular border-t-[1px] border-l-[1px] border-b-4 border-r-4 border-adlerdarkblue overflow-hidden box-border bg-buttonbgblue"
      >
        Schwer
      </button>
      <button
        class="w-full max-w-2xl px-2 py-1 justify-center flex items-center text-sm rounded-lg hover:cursor-pointer hover:border-buttonbgblue hover:text-buttonbgblue hover:bg-adlerdarkblue lg:text-xl transition ease-in-out duration-75 active:translate-x-1 active:translate-y-1 active:border-transparent text-adlerdarkblue font-regular border-t-[1px] border-l-[1px] border-b-4 border-r-4 border-adlerdarkblue overflow-hidden box-border bg-buttonbgblue"
      >
        Hinweis
      </button>
    </div>
  </div>
</div>
`;
