// Jest Snapshot v1, https://goo.gl/fbAQLP

exports[`AdaptivityElementTaskSelection should render 1`] = `
<div>
  <div
    class="grid justify-center gap-4 lg:grid-cols-2 gap-x-8"
  >
    <div
      class="flex flex-col"
    >
      <button
        class="w-full max-w-2xl px-2 py-1 justify-center flex items-center text-sm rounded-lg hover:cursor-pointer hover:border-buttonbgblue hover:text-buttonbgblue hover:bg-adlerdarkblue lg:text-xl transition ease-in-out duration-75 active:translate-x-1 active:translate-y-1 active:border-transparent text-adlerdarkblue font-regular border-t-[1px] border-l-[1px] border-b-4 border-r-4 border-adlerdarkblue overflow-hidden box-border bg-buttonbgblue"
      >
        <div
          class="flex items-center justify-between w-full h-full align-center"
        >
          <div
            class="flex items-center h-full"
          >
            <img
              alt=""
              class="w-6 h-6"
              src="diffculties-adaptivity-easy-tried.svg"
            />
            <img
              alt="Platzhalter-Icon"
              class="w-6 h-6opacity-60"
              src="diffculties-adaptivity-placeholder.svg"
            />
            <img
              alt="Platzhalter-Icon"
              class="w-6 h-6opacity-60"
              src="diffculties-adaptivity-placeholder.svg"
            />
          </div>
          <p
            class="w-2/3 text-start"
          >
            testTaskTitle
          </p>
          <div
            class="w-16"
          />
        </div>
      </button>
    </div>
  </div>
</div>
`;
