// Jest Snapshot v1, https://goo.gl/fbAQLP

exports[`AdaptivityElementTaskSelection should render 1`] = `
<div>
  <div
    class="grid lg:grid-cols-2 gap-4 justify-center gap-x-8"
  >
    <div
      class="flex flex-col"
    >
      <button
        class="w-full max-w-2xl px-2 py-1 justify-center flex items-center text-sm rounded-lg hover:cursor-pointer hover:border-buttonbgblue hover:text-buttonbgblue hover:bg-adlerdarkblue lg:text-xl transition ease-in-out duration-75 active:translate-x-1 active:translate-y-1 active:border-transparent text-adlerdarkblue font-regular border-t-[1px] border-l-[1px] border-b-4 border-r-4 border-adlerdarkblue overflow-hidden box-border bg-buttonbgblue"
      >
        <div
          class="w-full h-full flex justify-between items-center align-center"
        >
          testTaskTitle
          <div
            class="flex flex-row h-full"
          >
            <img
              alt=""
              class="w-6 h-6"
              src="diffculties-adaptivity-unsolved-icon.svg"
            />
            <div
              class="w-6 h-6"
              data-testid="empty-star-slot"
            />
            <div
              class="w-6 h-6"
              data-testid="empty-star-slot"
            />
          </div>
        </div>
      </button>
    </div>
  </div>
</div>
`;
