// Jest Snapshot v1, https://goo.gl/fbAQLP

exports[`ColorPicker should render 1`] = `
Object {
  "asFragment": [Function],
  "baseElement": <body>
    <div>
      <div
        class="inline-grid grid-cols-8 row-span-8 text-adlerdarkblue"
      >
        <div
          class=""
        >
          <button
            class="m-2 border colorpicker-colors justify-center p-1 lg:w-16 lg:h-16 md:w-14 md:h-14 sm:w-10 sm:h-10 w-10 h-10 aspect-square mobile-landscape:w-9 mobile-landscape:h-9 flex items-center text-sm rounded-lg hover:cursor-pointer lg:text-xl transition ease-in-out duration-75 active:translate-x-[1px] active:translate-y-[1px] active:border-b-2 active:border-r-2 active:border-transparent text-adlerdarkblue font-regular border-b-2 border-r-2 border-adlerdarkblue overflow-hidden box-border cursor-pointer"
            data-testid="Grey 1"
            style="background-color: rgb(0, 0, 0);"
            title="Grey 1"
          />
        </div>
        <div
          class=""
        >
          <button
            class="m-2 border colorpicker-colors justify-center p-1 lg:w-16 lg:h-16 md:w-14 md:h-14 sm:w-10 sm:h-10 w-10 h-10 aspect-square mobile-landscape:w-9 mobile-landscape:h-9 flex items-center text-sm rounded-lg hover:cursor-pointer lg:text-xl transition ease-in-out duration-75 active:translate-x-[1px] active:translate-y-[1px] active:border-b-2 active:border-r-2 active:border-transparent text-adlerdarkblue font-regular border-b-2 border-r-2 border-adlerdarkblue overflow-hidden box-border cursor-pointer"
            data-testid="Grey 2"
            style="background-color: rgb(27, 27, 27);"
            title="Grey 2"
          />
        </div>
        <div
          class=""
        >
          <button
            class="m-2 border colorpicker-colors justify-center p-1 lg:w-16 lg:h-16 md:w-14 md:h-14 sm:w-10 sm:h-10 w-10 h-10 aspect-square mobile-landscape:w-9 mobile-landscape:h-9 flex items-center text-sm rounded-lg hover:cursor-pointer lg:text-xl transition ease-in-out duration-75 active:translate-x-[1px] active:translate-y-[1px] active:border-b-2 active:border-r-2 active:border-transparent text-adlerdarkblue font-regular border-b-2 border-r-2 border-adlerdarkblue overflow-hidden box-border cursor-pointer"
            data-testid="Grey 3"
            style="background-color: rgb(49, 49, 49);"
            title="Grey 3"
          />
        </div>
        <div
          class=""
        >
          <button
            class="m-2 border colorpicker-colors justify-center p-1 lg:w-16 lg:h-16 md:w-14 md:h-14 sm:w-10 sm:h-10 w-10 h-10 aspect-square mobile-landscape:w-9 mobile-landscape:h-9 flex items-center text-sm rounded-lg hover:cursor-pointer lg:text-xl transition ease-in-out duration-75 active:translate-x-[1px] active:translate-y-[1px] active:border-b-2 active:border-r-2 active:border-transparent text-adlerdarkblue font-regular border-b-2 border-r-2 border-adlerdarkblue overflow-hidden box-border cursor-pointer"
            data-testid="Grey 4"
            style="background-color: rgb(85, 85, 85);"
            title="Grey 4"
          />
        </div>
        <div
          class=""
        >
          <button
            class="m-2 border colorpicker-colors justify-center p-1 lg:w-16 lg:h-16 md:w-14 md:h-14 sm:w-10 sm:h-10 w-10 h-10 aspect-square mobile-landscape:w-9 mobile-landscape:h-9 flex items-center text-sm rounded-lg hover:cursor-pointer lg:text-xl transition ease-in-out duration-75 active:translate-x-[1px] active:translate-y-[1px] active:border-b-2 active:border-r-2 active:border-transparent text-adlerdarkblue font-regular border-b-2 border-r-2 border-adlerdarkblue overflow-hidden box-border cursor-pointer"
            data-testid="Grey 5"
            style="background-color: rgb(118, 118, 118);"
            title="Grey 5"
          />
        </div>
        <div
          class=""
        >
          <button
            class="m-2 border colorpicker-colors justify-center p-1 lg:w-16 lg:h-16 md:w-14 md:h-14 sm:w-10 sm:h-10 w-10 h-10 aspect-square mobile-landscape:w-9 mobile-landscape:h-9 flex items-center text-sm rounded-lg hover:cursor-pointer lg:text-xl transition ease-in-out duration-75 active:translate-x-[1px] active:translate-y-[1px] active:border-b-2 active:border-r-2 active:border-transparent text-adlerdarkblue font-regular border-b-2 border-r-2 border-adlerdarkblue overflow-hidden box-border cursor-pointer"
            data-testid="Grey 6"
            style="background-color: rgb(148, 148, 148);"
            title="Grey 6"
          />
        </div>
        <div
          class=""
        >
          <button
            class="m-2 border colorpicker-colors justify-center p-1 lg:w-16 lg:h-16 md:w-14 md:h-14 sm:w-10 sm:h-10 w-10 h-10 aspect-square mobile-landscape:w-9 mobile-landscape:h-9 flex items-center text-sm rounded-lg hover:cursor-pointer lg:text-xl transition ease-in-out duration-75 active:translate-x-[1px] active:translate-y-[1px] active:border-b-2 active:border-r-2 active:border-transparent text-adlerdarkblue font-regular border-b-2 border-r-2 border-adlerdarkblue overflow-hidden box-border cursor-pointer"
            data-testid="Grey 7"
            style="background-color: rgb(179, 179, 179);"
            title="Grey 7"
          />
        </div>
        <div
          class=""
        >
          <button
            class="m-2 border colorpicker-colors justify-center p-1 lg:w-16 lg:h-16 md:w-14 md:h-14 sm:w-10 sm:h-10 w-10 h-10 aspect-square mobile-landscape:w-9 mobile-landscape:h-9 flex items-center text-sm rounded-lg hover:cursor-pointer lg:text-xl transition ease-in-out duration-75 active:translate-x-[1px] active:translate-y-[1px] active:border-b-2 active:border-r-2 active:border-transparent text-adlerdarkblue font-regular border-b-2 border-r-2 border-adlerdarkblue overflow-hidden box-border cursor-pointer"
            data-testid="Grey 8"
            style="background-color: rgb(206, 206, 206);"
            title="Grey 8"
          />
        </div>
        <div
          class=""
        >
          <button
            class="m-2 border colorpicker-colors justify-center p-1 lg:w-16 lg:h-16 md:w-14 md:h-14 sm:w-10 sm:h-10 w-10 h-10 aspect-square mobile-landscape:w-9 mobile-landscape:h-9 flex items-center text-sm rounded-lg hover:cursor-pointer lg:text-xl transition ease-in-out duration-75 active:translate-x-[1px] active:translate-y-[1px] active:border-b-2 active:border-r-2 active:border-transparent text-adlerdarkblue font-regular border-b-2 border-r-2 border-adlerdarkblue overflow-hidden box-border cursor-pointer"
            data-testid="Blue 1"
            style="background-color: rgb(4, 54, 117);"
            title="Blue 1"
          />
        </div>
        <div
          class=""
        >
          <button
            class="m-2 border colorpicker-colors justify-center p-1 lg:w-16 lg:h-16 md:w-14 md:h-14 sm:w-10 sm:h-10 w-10 h-10 aspect-square mobile-landscape:w-9 mobile-landscape:h-9 flex items-center text-sm rounded-lg hover:cursor-pointer lg:text-xl transition ease-in-out duration-75 active:translate-x-[1px] active:translate-y-[1px] active:border-b-2 active:border-r-2 active:border-transparent text-adlerdarkblue font-regular border-b-2 border-r-2 border-adlerdarkblue overflow-hidden box-border cursor-pointer"
            data-testid="Blue 2"
            style="background-color: rgb(4, 54, 117);"
            title="Blue 2"
          />
        </div>
        <div
          class=""
        >
          <button
            class="m-2 border colorpicker-colors justify-center p-1 lg:w-16 lg:h-16 md:w-14 md:h-14 sm:w-10 sm:h-10 w-10 h-10 aspect-square mobile-landscape:w-9 mobile-landscape:h-9 flex items-center text-sm rounded-lg hover:cursor-pointer lg:text-xl transition ease-in-out duration-75 active:translate-x-[1px] active:translate-y-[1px] active:border-b-2 active:border-r-2 active:border-transparent text-adlerdarkblue font-regular border-b-2 border-r-2 border-adlerdarkblue overflow-hidden box-border cursor-pointer"
            data-testid="Blue 3"
            style="background-color: rgb(47, 145, 205);"
            title="Blue 3"
          />
        </div>
        <div
          class=""
        >
          <button
            class="m-2 border colorpicker-colors justify-center p-1 lg:w-16 lg:h-16 md:w-14 md:h-14 sm:w-10 sm:h-10 w-10 h-10 aspect-square mobile-landscape:w-9 mobile-landscape:h-9 flex items-center text-sm rounded-lg hover:cursor-pointer lg:text-xl transition ease-in-out duration-75 active:translate-x-[1px] active:translate-y-[1px] active:border-b-2 active:border-r-2 active:border-transparent text-adlerdarkblue font-regular border-b-2 border-r-2 border-adlerdarkblue overflow-hidden box-border cursor-pointer"
            data-testid="Blue 4"
            style="background-color: rgb(131, 174, 206);"
            title="Blue 4"
          />
        </div>
        <div
          class=""
        >
          <button
            class="m-2 border colorpicker-colors justify-center p-1 lg:w-16 lg:h-16 md:w-14 md:h-14 sm:w-10 sm:h-10 w-10 h-10 aspect-square mobile-landscape:w-9 mobile-landscape:h-9 flex items-center text-sm rounded-lg hover:cursor-pointer lg:text-xl transition ease-in-out duration-75 active:translate-x-[1px] active:translate-y-[1px] active:border-b-2 active:border-r-2 active:border-transparent text-adlerdarkblue font-regular border-b-2 border-r-2 border-adlerdarkblue overflow-hidden box-border cursor-pointer"
            data-testid="Blue 5"
            style="background-color: rgb(23, 96, 127);"
            title="Blue 5"
          />
        </div>
        <div
          class=""
        >
          <button
            class="m-2 border colorpicker-colors justify-center p-1 lg:w-16 lg:h-16 md:w-14 md:h-14 sm:w-10 sm:h-10 w-10 h-10 aspect-square mobile-landscape:w-9 mobile-landscape:h-9 flex items-center text-sm rounded-lg hover:cursor-pointer lg:text-xl transition ease-in-out duration-75 active:translate-x-[1px] active:translate-y-[1px] active:border-b-2 active:border-r-2 active:border-transparent text-adlerdarkblue font-regular border-b-2 border-r-2 border-adlerdarkblue overflow-hidden box-border cursor-pointer"
            data-testid="Blue 6"
            style="background-color: rgb(83, 152, 176);"
            title="Blue 6"
          />
        </div>
        <div
          class=""
        >
          <button
            class="m-2 border colorpicker-colors justify-center p-1 lg:w-16 lg:h-16 md:w-14 md:h-14 sm:w-10 sm:h-10 w-10 h-10 aspect-square mobile-landscape:w-9 mobile-landscape:h-9 flex items-center text-sm rounded-lg hover:cursor-pointer lg:text-xl transition ease-in-out duration-75 active:translate-x-[1px] active:translate-y-[1px] active:border-b-2 active:border-r-2 active:border-transparent text-adlerdarkblue font-regular border-b-2 border-r-2 border-adlerdarkblue overflow-hidden box-border cursor-pointer"
            data-testid="Blue 7"
            style="background-color: rgb(148, 183, 195);"
            title="Blue 7"
          />
        </div>
        <div
          class=""
        >
          <button
            class="m-2 border colorpicker-colors justify-center p-1 lg:w-16 lg:h-16 md:w-14 md:h-14 sm:w-10 sm:h-10 w-10 h-10 aspect-square mobile-landscape:w-9 mobile-landscape:h-9 flex items-center text-sm rounded-lg hover:cursor-pointer lg:text-xl transition ease-in-out duration-75 active:translate-x-[1px] active:translate-y-[1px] active:border-b-2 active:border-r-2 active:border-transparent text-adlerdarkblue font-regular border-b-2 border-r-2 border-adlerdarkblue overflow-hidden box-border cursor-pointer"
            data-testid="Blue 8"
            style="background-color: rgb(180, 198, 206);"
            title="Blue 8"
          />
        </div>
        <div
          class=""
        >
          <button
            class="m-2 border colorpicker-colors justify-center p-1 lg:w-16 lg:h-16 md:w-14 md:h-14 sm:w-10 sm:h-10 w-10 h-10 aspect-square mobile-landscape:w-9 mobile-landscape:h-9 flex items-center text-sm rounded-lg hover:cursor-pointer lg:text-xl transition ease-in-out duration-75 active:translate-x-[1px] active:translate-y-[1px] active:border-b-2 active:border-r-2 active:border-transparent text-adlerdarkblue font-regular border-b-2 border-r-2 border-adlerdarkblue overflow-hidden box-border cursor-pointer"
            data-testid="Red 1"
            style="background-color: rgb(139, 21, 24);"
            title="Red 1"
          />
        </div>
        <div
          class=""
        >
          <button
            class="m-2 border colorpicker-colors justify-center p-1 lg:w-16 lg:h-16 md:w-14 md:h-14 sm:w-10 sm:h-10 w-10 h-10 aspect-square mobile-landscape:w-9 mobile-landscape:h-9 flex items-center text-sm rounded-lg hover:cursor-pointer lg:text-xl transition ease-in-out duration-75 active:translate-x-[1px] active:translate-y-[1px] active:border-b-2 active:border-r-2 active:border-transparent text-adlerdarkblue font-regular border-b-2 border-r-2 border-adlerdarkblue overflow-hidden box-border cursor-pointer"
            data-testid="Red 2"
            style="background-color: rgb(164, 30, 34);"
            title="Red 2"
          />
        </div>
        <div
          class=""
        >
          <button
            class="m-2 border colorpicker-colors justify-center p-1 lg:w-16 lg:h-16 md:w-14 md:h-14 sm:w-10 sm:h-10 w-10 h-10 aspect-square mobile-landscape:w-9 mobile-landscape:h-9 flex items-center text-sm rounded-lg hover:cursor-pointer lg:text-xl transition ease-in-out duration-75 active:translate-x-[1px] active:translate-y-[1px] active:border-b-2 active:border-r-2 active:border-transparent text-adlerdarkblue font-regular border-b-2 border-r-2 border-adlerdarkblue overflow-hidden box-border cursor-pointer"
            data-testid="Red 3"
            style="background-color: rgb(189, 44, 48);"
            title="Red 3"
          />
        </div>
        <div
          class=""
        >
          <button
            class="m-2 border colorpicker-colors justify-center p-1 lg:w-16 lg:h-16 md:w-14 md:h-14 sm:w-10 sm:h-10 w-10 h-10 aspect-square mobile-landscape:w-9 mobile-landscape:h-9 flex items-center text-sm rounded-lg hover:cursor-pointer lg:text-xl transition ease-in-out duration-75 active:translate-x-[1px] active:translate-y-[1px] active:border-b-2 active:border-r-2 active:border-transparent text-adlerdarkblue font-regular border-b-2 border-r-2 border-adlerdarkblue overflow-hidden box-border cursor-pointer"
            data-testid="Red 4"
            style="background-color: rgb(206, 65, 69);"
            title="Red 4"
          />
        </div>
        <div
          class=""
        >
          <button
            class="m-2 border colorpicker-colors justify-center p-1 lg:w-16 lg:h-16 md:w-14 md:h-14 sm:w-10 sm:h-10 w-10 h-10 aspect-square mobile-landscape:w-9 mobile-landscape:h-9 flex items-center text-sm rounded-lg hover:cursor-pointer lg:text-xl transition ease-in-out duration-75 active:translate-x-[1px] active:translate-y-[1px] active:border-b-2 active:border-r-2 active:border-transparent text-adlerdarkblue font-regular border-b-2 border-r-2 border-adlerdarkblue overflow-hidden box-border cursor-pointer"
            data-testid="Red 5"
            style="background-color: rgb(135, 26, 11);"
            title="Red 5"
          />
        </div>
        <div
          class=""
        >
          <button
            class="m-2 border colorpicker-colors justify-center p-1 lg:w-16 lg:h-16 md:w-14 md:h-14 sm:w-10 sm:h-10 w-10 h-10 aspect-square mobile-landscape:w-9 mobile-landscape:h-9 flex items-center text-sm rounded-lg hover:cursor-pointer lg:text-xl transition ease-in-out duration-75 active:translate-x-[1px] active:translate-y-[1px] active:border-b-2 active:border-r-2 active:border-transparent text-adlerdarkblue font-regular border-b-2 border-r-2 border-adlerdarkblue overflow-hidden box-border cursor-pointer"
            data-testid="Red 6"
            style="background-color: rgb(168, 65, 30);"
            title="Red 6"
          />
        </div>
        <div
          class=""
        >
          <button
            class="m-2 border colorpicker-colors justify-center p-1 lg:w-16 lg:h-16 md:w-14 md:h-14 sm:w-10 sm:h-10 w-10 h-10 aspect-square mobile-landscape:w-9 mobile-landscape:h-9 flex items-center text-sm rounded-lg hover:cursor-pointer lg:text-xl transition ease-in-out duration-75 active:translate-x-[1px] active:translate-y-[1px] active:border-b-2 active:border-r-2 active:border-transparent text-adlerdarkblue font-regular border-b-2 border-r-2 border-adlerdarkblue overflow-hidden box-border cursor-pointer"
            data-testid="Red 7"
            style="background-color: rgb(193, 100, 63);"
            title="Red 7"
          />
        </div>
        <div
          class=""
        >
          <button
            class="m-2 border colorpicker-colors justify-center p-1 lg:w-16 lg:h-16 md:w-14 md:h-14 sm:w-10 sm:h-10 w-10 h-10 aspect-square mobile-landscape:w-9 mobile-landscape:h-9 flex items-center text-sm rounded-lg hover:cursor-pointer lg:text-xl transition ease-in-out duration-75 active:translate-x-[1px] active:translate-y-[1px] active:border-b-2 active:border-r-2 active:border-transparent text-adlerdarkblue font-regular border-b-2 border-r-2 border-adlerdarkblue overflow-hidden box-border cursor-pointer"
            data-testid="Red 8"
            style="background-color: rgb(205, 173, 162);"
            title="Red 8"
          />
        </div>
        <div
          class=""
        >
          <button
            class="m-2 border colorpicker-colors justify-center p-1 lg:w-16 lg:h-16 md:w-14 md:h-14 sm:w-10 sm:h-10 w-10 h-10 aspect-square mobile-landscape:w-9 mobile-landscape:h-9 flex items-center text-sm rounded-lg hover:cursor-pointer lg:text-xl transition ease-in-out duration-75 active:translate-x-[1px] active:translate-y-[1px] active:border-b-2 active:border-r-2 active:border-transparent text-adlerdarkblue font-regular border-b-2 border-r-2 border-adlerdarkblue overflow-hidden box-border cursor-pointer"
            data-testid="Orange 1"
            style="background-color: rgb(183, 96, 0);"
            title="Orange 1"
          />
        </div>
        <div
          class=""
        >
          <button
            class="m-2 border colorpicker-colors justify-center p-1 lg:w-16 lg:h-16 md:w-14 md:h-14 sm:w-10 sm:h-10 w-10 h-10 aspect-square mobile-landscape:w-9 mobile-landscape:h-9 flex items-center text-sm rounded-lg hover:cursor-pointer lg:text-xl transition ease-in-out duration-75 active:translate-x-[1px] active:translate-y-[1px] active:border-b-2 active:border-r-2 active:border-transparent text-adlerdarkblue font-regular border-b-2 border-r-2 border-adlerdarkblue overflow-hidden box-border cursor-pointer"
            data-testid="Orange 2"
            style="background-color: rgb(201, 131, 0);"
            title="Orange 2"
          />
        </div>
        <div
          class=""
        >
          <button
            class="m-2 border colorpicker-colors justify-center p-1 lg:w-16 lg:h-16 md:w-14 md:h-14 sm:w-10 sm:h-10 w-10 h-10 aspect-square mobile-landscape:w-9 mobile-landscape:h-9 flex items-center text-sm rounded-lg hover:cursor-pointer lg:text-xl transition ease-in-out duration-75 active:translate-x-[1px] active:translate-y-[1px] active:border-b-2 active:border-r-2 active:border-transparent text-adlerdarkblue font-regular border-b-2 border-r-2 border-adlerdarkblue overflow-hidden box-border cursor-pointer"
            data-testid="Orange 3"
            style="background-color: rgb(206, 161, 0);"
            title="Orange 3"
          />
        </div>
        <div
          class=""
        >
          <button
            class="m-2 border colorpicker-colors justify-center p-1 lg:w-16 lg:h-16 md:w-14 md:h-14 sm:w-10 sm:h-10 w-10 h-10 aspect-square mobile-landscape:w-9 mobile-landscape:h-9 flex items-center text-sm rounded-lg hover:cursor-pointer lg:text-xl transition ease-in-out duration-75 active:translate-x-[1px] active:translate-y-[1px] active:border-b-2 active:border-r-2 active:border-transparent text-adlerdarkblue font-regular border-b-2 border-r-2 border-adlerdarkblue overflow-hidden box-border cursor-pointer"
            data-testid="Orange 4"
            style="background-color: rgb(206, 183, 83);"
            title="Orange 4"
          />
        </div>
        <div
          class=""
        >
          <button
            class="m-2 border colorpicker-colors justify-center p-1 lg:w-16 lg:h-16 md:w-14 md:h-14 sm:w-10 sm:h-10 w-10 h-10 aspect-square mobile-landscape:w-9 mobile-landscape:h-9 flex items-center text-sm rounded-lg hover:cursor-pointer lg:text-xl transition ease-in-out duration-75 active:translate-x-[1px] active:translate-y-[1px] active:border-b-2 active:border-r-2 active:border-transparent text-adlerdarkblue font-regular border-b-2 border-r-2 border-adlerdarkblue overflow-hidden box-border cursor-pointer"
            data-testid="Orange 5"
            style="background-color: rgb(170, 149, 1);"
            title="Orange 5"
          />
        </div>
        <div
          class=""
        >
          <button
            class="m-2 border colorpicker-colors justify-center p-1 lg:w-16 lg:h-16 md:w-14 md:h-14 sm:w-10 sm:h-10 w-10 h-10 aspect-square mobile-landscape:w-9 mobile-landscape:h-9 flex items-center text-sm rounded-lg hover:cursor-pointer lg:text-xl transition ease-in-out duration-75 active:translate-x-[1px] active:translate-y-[1px] active:border-b-2 active:border-r-2 active:border-transparent text-adlerdarkblue font-regular border-b-2 border-r-2 border-adlerdarkblue overflow-hidden box-border cursor-pointer"
            data-testid="Orange 6"
            style="background-color: rgb(194, 175, 9);"
            title="Orange 6"
          />
        </div>
        <div
          class=""
        >
          <button
            class="m-2 border colorpicker-colors justify-center p-1 lg:w-16 lg:h-16 md:w-14 md:h-14 sm:w-10 sm:h-10 w-10 h-10 aspect-square mobile-landscape:w-9 mobile-landscape:h-9 flex items-center text-sm rounded-lg hover:cursor-pointer lg:text-xl transition ease-in-out duration-75 active:translate-x-[1px] active:translate-y-[1px] active:border-b-2 active:border-r-2 active:border-transparent text-adlerdarkblue font-regular border-b-2 border-r-2 border-adlerdarkblue overflow-hidden box-border cursor-pointer"
            data-testid="Orange 7"
            style="background-color: rgb(204, 196, 40);"
            title="Orange 7"
          />
        </div>
        <div
          class=""
        >
          <button
            class="m-2 border colorpicker-colors justify-center p-1 lg:w-16 lg:h-16 md:w-14 md:h-14 sm:w-10 sm:h-10 w-10 h-10 aspect-square mobile-landscape:w-9 mobile-landscape:h-9 flex items-center text-sm rounded-lg hover:cursor-pointer lg:text-xl transition ease-in-out duration-75 active:translate-x-[1px] active:translate-y-[1px] active:border-b-2 active:border-r-2 active:border-transparent text-adlerdarkblue font-regular border-b-2 border-r-2 border-adlerdarkblue overflow-hidden box-border cursor-pointer"
            data-testid="Orange 8"
            style="background-color: rgb(204, 202, 165);"
            title="Orange 8"
          />
        </div>
        <div
          class=""
        >
          <button
            class="m-2 border colorpicker-colors justify-center p-1 lg:w-16 lg:h-16 md:w-14 md:h-14 sm:w-10 sm:h-10 w-10 h-10 aspect-square mobile-landscape:w-9 mobile-landscape:h-9 flex items-center text-sm rounded-lg hover:cursor-pointer lg:text-xl transition ease-in-out duration-75 active:translate-x-[1px] active:translate-y-[1px] active:border-b-2 active:border-r-2 active:border-transparent text-adlerdarkblue font-regular border-b-2 border-r-2 border-adlerdarkblue overflow-hidden box-border cursor-pointer"
            data-testid="Brown 1"
            style="background-color: rgb(37, 22, 12);"
            title="Brown 1"
          />
        </div>
        <div
          class=""
        >
          <button
            class="m-2 border colorpicker-colors justify-center p-1 lg:w-16 lg:h-16 md:w-14 md:h-14 sm:w-10 sm:h-10 w-10 h-10 aspect-square mobile-landscape:w-9 mobile-landscape:h-9 flex items-center text-sm rounded-lg hover:cursor-pointer lg:text-xl transition ease-in-out duration-75 active:translate-x-[1px] active:translate-y-[1px] active:border-b-2 active:border-r-2 active:border-transparent text-adlerdarkblue font-regular border-b-2 border-r-2 border-adlerdarkblue overflow-hidden box-border cursor-pointer"
            data-testid="Brown 2"
            style="background-color: rgb(75, 42, 26);"
            title="Brown 2"
          />
        </div>
        <div
          class=""
        >
          <button
            class="m-2 border colorpicker-colors justify-center p-1 lg:w-16 lg:h-16 md:w-14 md:h-14 sm:w-10 sm:h-10 w-10 h-10 aspect-square mobile-landscape:w-9 mobile-landscape:h-9 flex items-center text-sm rounded-lg hover:cursor-pointer lg:text-xl transition ease-in-out duration-75 active:translate-x-[1px] active:translate-y-[1px] active:border-b-2 active:border-r-2 active:border-transparent text-adlerdarkblue font-regular border-b-2 border-r-2 border-adlerdarkblue overflow-hidden box-border cursor-pointer"
            data-testid="Brown 3"
            style="background-color: rgb(99, 61, 41);"
            title="Brown 3"
          />
        </div>
        <div
          class=""
        >
          <button
            class="m-2 border colorpicker-colors justify-center p-1 lg:w-16 lg:h-16 md:w-14 md:h-14 sm:w-10 sm:h-10 w-10 h-10 aspect-square mobile-landscape:w-9 mobile-landscape:h-9 flex items-center text-sm rounded-lg hover:cursor-pointer lg:text-xl transition ease-in-out duration-75 active:translate-x-[1px] active:translate-y-[1px] active:border-b-2 active:border-r-2 active:border-transparent text-adlerdarkblue font-regular border-b-2 border-r-2 border-adlerdarkblue overflow-hidden box-border cursor-pointer"
            data-testid="Brown 4"
            style="background-color: rgb(131, 91, 50);"
            title="Brown 4"
          />
        </div>
        <div
          class=""
        >
          <button
            class="m-2 border colorpicker-colors justify-center p-1 lg:w-16 lg:h-16 md:w-14 md:h-14 sm:w-10 sm:h-10 w-10 h-10 aspect-square mobile-landscape:w-9 mobile-landscape:h-9 flex items-center text-sm rounded-lg hover:cursor-pointer lg:text-xl transition ease-in-out duration-75 active:translate-x-[1px] active:translate-y-[1px] active:border-b-2 active:border-r-2 active:border-transparent text-adlerdarkblue font-regular border-b-2 border-r-2 border-adlerdarkblue overflow-hidden box-border cursor-pointer"
            data-testid="Brown 5"
            style="background-color: rgb(187, 152, 113);"
            title="Brown 5"
          />
        </div>
        <div
          class=""
        >
          <button
            class="m-2 border colorpicker-colors justify-center p-1 lg:w-16 lg:h-16 md:w-14 md:h-14 sm:w-10 sm:h-10 w-10 h-10 aspect-square mobile-landscape:w-9 mobile-landscape:h-9 flex items-center text-sm rounded-lg hover:cursor-pointer lg:text-xl transition ease-in-out duration-75 active:translate-x-[1px] active:translate-y-[1px] active:border-b-2 active:border-r-2 active:border-transparent text-adlerdarkblue font-regular border-b-2 border-r-2 border-adlerdarkblue overflow-hidden box-border cursor-pointer"
            data-testid="Brown 6"
            style="background-color: rgb(166, 148, 125);"
            title="Brown 6"
          />
        </div>
        <div
          class=""
        >
          <button
            class="m-2 border colorpicker-colors justify-center p-1 lg:w-16 lg:h-16 md:w-14 md:h-14 sm:w-10 sm:h-10 w-10 h-10 aspect-square mobile-landscape:w-9 mobile-landscape:h-9 flex items-center text-sm rounded-lg hover:cursor-pointer lg:text-xl transition ease-in-out duration-75 active:translate-x-[1px] active:translate-y-[1px] active:border-b-2 active:border-r-2 active:border-transparent text-adlerdarkblue font-regular border-b-2 border-r-2 border-adlerdarkblue overflow-hidden box-border cursor-pointer"
            data-testid="Brown 7"
            style="background-color: rgb(177, 162, 139);"
            title="Brown 7"
          />
        </div>
        <div
          class=""
        >
          <button
            class="m-2 border colorpicker-colors justify-center p-1 lg:w-16 lg:h-16 md:w-14 md:h-14 sm:w-10 sm:h-10 w-10 h-10 aspect-square mobile-landscape:w-9 mobile-landscape:h-9 flex items-center text-sm rounded-lg hover:cursor-pointer lg:text-xl transition ease-in-out duration-75 active:translate-x-[1px] active:translate-y-[1px] active:border-b-2 active:border-r-2 active:border-transparent text-adlerdarkblue font-regular border-b-2 border-r-2 border-adlerdarkblue overflow-hidden box-border cursor-pointer"
            data-testid="Brown 8"
            style="background-color: rgb(187, 169, 137);"
            title="Brown 8"
          />
        </div>
        <div
          class=""
        >
          <button
            class="m-2 border colorpicker-colors justify-center p-1 lg:w-16 lg:h-16 md:w-14 md:h-14 sm:w-10 sm:h-10 w-10 h-10 aspect-square mobile-landscape:w-9 mobile-landscape:h-9 flex items-center text-sm rounded-lg hover:cursor-pointer lg:text-xl transition ease-in-out duration-75 active:translate-x-[1px] active:translate-y-[1px] active:border-b-2 active:border-r-2 active:border-transparent text-adlerdarkblue font-regular border-b-2 border-r-2 border-adlerdarkblue overflow-hidden box-border cursor-pointer"
            data-testid="Brown 9"
            style="background-color: rgb(125, 67, 55);"
            title="Brown 9"
          />
        </div>
        <div
          class=""
        >
          <button
            class="m-2 border colorpicker-colors justify-center p-1 lg:w-16 lg:h-16 md:w-14 md:h-14 sm:w-10 sm:h-10 w-10 h-10 aspect-square mobile-landscape:w-9 mobile-landscape:h-9 flex items-center text-sm rounded-lg hover:cursor-pointer lg:text-xl transition ease-in-out duration-75 active:translate-x-[1px] active:translate-y-[1px] active:border-b-2 active:border-r-2 active:border-transparent text-adlerdarkblue font-regular border-b-2 border-r-2 border-adlerdarkblue overflow-hidden box-border cursor-pointer"
            data-testid="Brown 10"
            style="background-color: rgb(185, 121, 71);"
            title="Brown 10"
          />
        </div>
        <div
          class=""
        >
          <button
            class="m-2 border colorpicker-colors justify-center p-1 lg:w-16 lg:h-16 md:w-14 md:h-14 sm:w-10 sm:h-10 w-10 h-10 aspect-square mobile-landscape:w-9 mobile-landscape:h-9 flex items-center text-sm rounded-lg hover:cursor-pointer lg:text-xl transition ease-in-out duration-75 active:translate-x-[1px] active:translate-y-[1px] active:border-b-2 active:border-r-2 active:border-transparent text-adlerdarkblue font-regular border-b-2 border-r-2 border-adlerdarkblue overflow-hidden box-border cursor-pointer"
            data-testid="Brown 11"
            style="background-color: rgb(172, 125, 89);"
            title="Brown 11"
          />
        </div>
        <div
          class=""
        >
          <button
            class="m-2 border colorpicker-colors justify-center p-1 lg:w-16 lg:h-16 md:w-14 md:h-14 sm:w-10 sm:h-10 w-10 h-10 aspect-square mobile-landscape:w-9 mobile-landscape:h-9 flex items-center text-sm rounded-lg hover:cursor-pointer lg:text-xl transition ease-in-out duration-75 active:translate-x-[1px] active:translate-y-[1px] active:border-b-2 active:border-r-2 active:border-transparent text-adlerdarkblue font-regular border-b-2 border-r-2 border-adlerdarkblue overflow-hidden box-border cursor-pointer"
            data-testid="Brown 12"
            style="background-color: rgb(103, 127, 136);"
            title="Brown 12"
          />
        </div>
        <div
          class=""
        >
          <button
            class="m-2 border colorpicker-colors justify-center p-1 lg:w-16 lg:h-16 md:w-14 md:h-14 sm:w-10 sm:h-10 w-10 h-10 aspect-square mobile-landscape:w-9 mobile-landscape:h-9 flex items-center text-sm rounded-lg hover:cursor-pointer lg:text-xl transition ease-in-out duration-75 active:translate-x-[1px] active:translate-y-[1px] active:border-b-2 active:border-r-2 active:border-transparent text-adlerdarkblue font-regular border-b-2 border-r-2 border-adlerdarkblue overflow-hidden box-border cursor-pointer"
            data-testid="Brown 13"
            style="background-color: rgb(178, 150, 118);"
            title="Brown 13"
          />
        </div>
        <div
          class=""
        >
          <button
            class="m-2 border colorpicker-colors justify-center p-1 lg:w-16 lg:h-16 md:w-14 md:h-14 sm:w-10 sm:h-10 w-10 h-10 aspect-square mobile-landscape:w-9 mobile-landscape:h-9 flex items-center text-sm rounded-lg hover:cursor-pointer lg:text-xl transition ease-in-out duration-75 active:translate-x-[1px] active:translate-y-[1px] active:border-b-2 active:border-r-2 active:border-transparent text-adlerdarkblue font-regular border-b-2 border-r-2 border-adlerdarkblue overflow-hidden box-border cursor-pointer"
            data-testid="Brown 14"
            style="background-color: rgb(191, 161, 131);"
            title="Brown 14"
          />
        </div>
        <div
          class=""
        >
          <button
            class="m-2 border colorpicker-colors justify-center p-1 lg:w-16 lg:h-16 md:w-14 md:h-14 sm:w-10 sm:h-10 w-10 h-10 aspect-square mobile-landscape:w-9 mobile-landscape:h-9 flex items-center text-sm rounded-lg hover:cursor-pointer lg:text-xl transition ease-in-out duration-75 active:translate-x-[1px] active:translate-y-[1px] active:border-b-2 active:border-r-2 active:border-transparent text-adlerdarkblue font-regular border-b-2 border-r-2 border-adlerdarkblue overflow-hidden box-border cursor-pointer"
            data-testid="Brown 15"
            style="background-color: rgb(201, 178, 166);"
            title="Brown 15"
          />
        </div>
        <div
          class=""
        >
          <button
            class="m-2 border colorpicker-colors justify-center p-1 lg:w-16 lg:h-16 md:w-14 md:h-14 sm:w-10 sm:h-10 w-10 h-10 aspect-square mobile-landscape:w-9 mobile-landscape:h-9 flex items-center text-sm rounded-lg hover:cursor-pointer lg:text-xl transition ease-in-out duration-75 active:translate-x-[1px] active:translate-y-[1px] active:border-b-2 active:border-r-2 active:border-transparent text-adlerdarkblue font-regular border-b-2 border-r-2 border-adlerdarkblue overflow-hidden box-border cursor-pointer"
            data-testid="Brown 16"
            style="background-color: rgb(204, 190, 184);"
            title="Brown 16"
          />
        </div>
        <div
          class=""
        >
          <button
            class="m-2 border colorpicker-colors justify-center p-1 lg:w-16 lg:h-16 md:w-14 md:h-14 sm:w-10 sm:h-10 w-10 h-10 aspect-square mobile-landscape:w-9 mobile-landscape:h-9 flex items-center text-sm rounded-lg hover:cursor-pointer lg:text-xl transition ease-in-out duration-75 active:translate-x-[1px] active:translate-y-[1px] active:border-b-2 active:border-r-2 active:border-transparent text-adlerdarkblue font-regular border-b-2 border-r-2 border-adlerdarkblue overflow-hidden box-border cursor-pointer"
            data-testid="Violet 1"
            style="background-color: rgb(169, 9, 179);"
            title="Violet 1"
          />
        </div>
        <div
          class=""
        >
          <button
            class="m-2 border colorpicker-colors justify-center p-1 lg:w-16 lg:h-16 md:w-14 md:h-14 sm:w-10 sm:h-10 w-10 h-10 aspect-square mobile-landscape:w-9 mobile-landscape:h-9 flex items-center text-sm rounded-lg hover:cursor-pointer lg:text-xl transition ease-in-out duration-75 active:translate-x-[1px] active:translate-y-[1px] active:border-b-2 active:border-r-2 active:border-transparent text-adlerdarkblue font-regular border-b-2 border-r-2 border-adlerdarkblue overflow-hidden box-border cursor-pointer"
            data-testid="Violet 2"
            style="background-color: rgb(197, 94, 202);"
            title="Violet 2"
          />
        </div>
        <div
          class=""
        >
          <button
            class="m-2 border colorpicker-colors justify-center p-1 lg:w-16 lg:h-16 md:w-14 md:h-14 sm:w-10 sm:h-10 w-10 h-10 aspect-square mobile-landscape:w-9 mobile-landscape:h-9 flex items-center text-sm rounded-lg hover:cursor-pointer lg:text-xl transition ease-in-out duration-75 active:translate-x-[1px] active:translate-y-[1px] active:border-b-2 active:border-r-2 active:border-transparent text-adlerdarkblue font-regular border-b-2 border-r-2 border-adlerdarkblue overflow-hidden box-border cursor-pointer"
            data-testid="Violet 3"
            style="background-color: rgb(200, 166, 203);"
            title="Violet 3"
          />
        </div>
        <div
          class=""
        >
          <button
            class="m-2 border colorpicker-colors justify-center p-1 lg:w-16 lg:h-16 md:w-14 md:h-14 sm:w-10 sm:h-10 w-10 h-10 aspect-square mobile-landscape:w-9 mobile-landscape:h-9 flex items-center text-sm rounded-lg hover:cursor-pointer lg:text-xl transition ease-in-out duration-75 active:translate-x-[1px] active:translate-y-[1px] active:border-b-2 active:border-r-2 active:border-transparent text-adlerdarkblue font-regular border-b-2 border-r-2 border-adlerdarkblue overflow-hidden box-border cursor-pointer"
            data-testid="Violet 4"
            style="background-color: rgb(203, 192, 204);"
            title="Violet 4"
          />
        </div>
        <div
          class=""
        >
          <button
            class="m-2 border colorpicker-colors justify-center p-1 lg:w-16 lg:h-16 md:w-14 md:h-14 sm:w-10 sm:h-10 w-10 h-10 aspect-square mobile-landscape:w-9 mobile-landscape:h-9 flex items-center text-sm rounded-lg hover:cursor-pointer lg:text-xl transition ease-in-out duration-75 active:translate-x-[1px] active:translate-y-[1px] active:border-b-2 active:border-r-2 active:border-transparent text-adlerdarkblue font-regular border-b-2 border-r-2 border-adlerdarkblue overflow-hidden box-border cursor-pointer"
            data-testid="Violet 5"
            style="background-color: rgb(80, 12, 140);"
            title="Violet 5"
          />
        </div>
        <div
          class=""
        >
          <button
            class="m-2 border colorpicker-colors justify-center p-1 lg:w-16 lg:h-16 md:w-14 md:h-14 sm:w-10 sm:h-10 w-10 h-10 aspect-square mobile-landscape:w-9 mobile-landscape:h-9 flex items-center text-sm rounded-lg hover:cursor-pointer lg:text-xl transition ease-in-out duration-75 active:translate-x-[1px] active:translate-y-[1px] active:border-b-2 active:border-r-2 active:border-transparent text-adlerdarkblue font-regular border-b-2 border-r-2 border-adlerdarkblue overflow-hidden box-border cursor-pointer"
            data-testid="Violet 6"
            style="background-color: rgb(134, 63, 179);"
            title="Violet 6"
          />
        </div>
        <div
          class=""
        >
          <button
            class="m-2 border colorpicker-colors justify-center p-1 lg:w-16 lg:h-16 md:w-14 md:h-14 sm:w-10 sm:h-10 w-10 h-10 aspect-square mobile-landscape:w-9 mobile-landscape:h-9 flex items-center text-sm rounded-lg hover:cursor-pointer lg:text-xl transition ease-in-out duration-75 active:translate-x-[1px] active:translate-y-[1px] active:border-b-2 active:border-r-2 active:border-transparent text-adlerdarkblue font-regular border-b-2 border-r-2 border-adlerdarkblue overflow-hidden box-border cursor-pointer"
            data-testid="Violet 7"
            style="background-color: rgb(163, 112, 195);"
            title="Violet 7"
          />
        </div>
        <div
          class=""
        >
          <button
            class="m-2 border colorpicker-colors justify-center p-1 lg:w-16 lg:h-16 md:w-14 md:h-14 sm:w-10 sm:h-10 w-10 h-10 aspect-square mobile-landscape:w-9 mobile-landscape:h-9 flex items-center text-sm rounded-lg hover:cursor-pointer lg:text-xl transition ease-in-out duration-75 active:translate-x-[1px] active:translate-y-[1px] active:border-b-2 active:border-r-2 active:border-transparent text-adlerdarkblue font-regular border-b-2 border-r-2 border-adlerdarkblue overflow-hidden box-border cursor-pointer"
            data-testid="Violet 8"
            style="background-color: rgb(189, 170, 203);"
            title="Violet 8"
          />
        </div>
        <div
          class=""
        >
          <button
            class="m-2 border colorpicker-colors justify-center p-1 lg:w-16 lg:h-16 md:w-14 md:h-14 sm:w-10 sm:h-10 w-10 h-10 aspect-square mobile-landscape:w-9 mobile-landscape:h-9 flex items-center text-sm rounded-lg hover:cursor-pointer lg:text-xl transition ease-in-out duration-75 active:translate-x-[1px] active:translate-y-[1px] active:border-b-2 active:border-r-2 active:border-transparent text-adlerdarkblue font-regular border-b-2 border-r-2 border-adlerdarkblue overflow-hidden box-border cursor-pointer"
            data-testid="Green 1"
            style="background-color: rgb(13, 85, 2);"
            title="Green 1"
          />
        </div>
        <div
          class=""
        >
          <button
            class="m-2 border colorpicker-colors justify-center p-1 lg:w-16 lg:h-16 md:w-14 md:h-14 sm:w-10 sm:h-10 w-10 h-10 aspect-square mobile-landscape:w-9 mobile-landscape:h-9 flex items-center text-sm rounded-lg hover:cursor-pointer lg:text-xl transition ease-in-out duration-75 active:translate-x-[1px] active:translate-y-[1px] active:border-b-2 active:border-r-2 active:border-transparent text-adlerdarkblue font-regular border-b-2 border-r-2 border-adlerdarkblue overflow-hidden box-border cursor-pointer"
            data-testid="Green 2"
            style="background-color: rgb(25, 154, 9);"
            title="Green 2"
          />
        </div>
        <div
          class=""
        >
          <button
            class="m-2 border colorpicker-colors justify-center p-1 lg:w-16 lg:h-16 md:w-14 md:h-14 sm:w-10 sm:h-10 w-10 h-10 aspect-square mobile-landscape:w-9 mobile-landscape:h-9 flex items-center text-sm rounded-lg hover:cursor-pointer lg:text-xl transition ease-in-out duration-75 active:translate-x-[1px] active:translate-y-[1px] active:border-b-2 active:border-r-2 active:border-transparent text-adlerdarkblue font-regular border-b-2 border-r-2 border-adlerdarkblue overflow-hidden box-border cursor-pointer"
            data-testid="Green 3"
            style="background-color: rgb(58, 198, 30);"
            title="Green 3"
          />
        </div>
        <div
          class=""
        >
          <button
            class="m-2 border colorpicker-colors justify-center p-1 lg:w-16 lg:h-16 md:w-14 md:h-14 sm:w-10 sm:h-10 w-10 h-10 aspect-square mobile-landscape:w-9 mobile-landscape:h-9 flex items-center text-sm rounded-lg hover:cursor-pointer lg:text-xl transition ease-in-out duration-75 active:translate-x-[1px] active:translate-y-[1px] active:border-b-2 active:border-r-2 active:border-transparent text-adlerdarkblue font-regular border-b-2 border-r-2 border-adlerdarkblue overflow-hidden box-border cursor-pointer"
            data-testid="Green 4"
            style="background-color: rgb(130, 206, 132);"
            title="Green 4"
          />
        </div>
        <div
          class=""
        >
          <button
            class="m-2 border colorpicker-colors justify-center p-1 lg:w-16 lg:h-16 md:w-14 md:h-14 sm:w-10 sm:h-10 w-10 h-10 aspect-square mobile-landscape:w-9 mobile-landscape:h-9 flex items-center text-sm rounded-lg hover:cursor-pointer lg:text-xl transition ease-in-out duration-75 active:translate-x-[1px] active:translate-y-[1px] active:border-b-2 active:border-r-2 active:border-transparent text-adlerdarkblue font-regular border-b-2 border-r-2 border-adlerdarkblue overflow-hidden box-border cursor-pointer"
            data-testid="Green 5"
            style="background-color: rgb(59, 102, 19);"
            title="Green 5"
          />
        </div>
        <div
          class=""
        >
          <button
            class="m-2 border colorpicker-colors justify-center p-1 lg:w-16 lg:h-16 md:w-14 md:h-14 sm:w-10 sm:h-10 w-10 h-10 aspect-square mobile-landscape:w-9 mobile-landscape:h-9 flex items-center text-sm rounded-lg hover:cursor-pointer lg:text-xl transition ease-in-out duration-75 active:translate-x-[1px] active:translate-y-[1px] active:border-b-2 active:border-r-2 active:border-transparent text-adlerdarkblue font-regular border-b-2 border-r-2 border-adlerdarkblue overflow-hidden box-border cursor-pointer"
            data-testid="Green 6"
            style="background-color: rgb(112, 150, 54);"
            title="Green 6"
          />
        </div>
        <div
          class=""
        >
          <button
            class="m-2 border colorpicker-colors justify-center p-1 lg:w-16 lg:h-16 md:w-14 md:h-14 sm:w-10 sm:h-10 w-10 h-10 aspect-square mobile-landscape:w-9 mobile-landscape:h-9 flex items-center text-sm rounded-lg hover:cursor-pointer lg:text-xl transition ease-in-out duration-75 active:translate-x-[1px] active:translate-y-[1px] active:border-b-2 active:border-r-2 active:border-transparent text-adlerdarkblue font-regular border-b-2 border-r-2 border-adlerdarkblue overflow-hidden box-border cursor-pointer"
            data-testid="Green 7"
            style="background-color: rgb(157, 177, 107);"
            title="Green 7"
          />
        </div>
        <div
          class=""
        >
          <button
            class="m-2 border colorpicker-colors justify-center p-1 lg:w-16 lg:h-16 md:w-14 md:h-14 sm:w-10 sm:h-10 w-10 h-10 aspect-square mobile-landscape:w-9 mobile-landscape:h-9 flex items-center text-sm rounded-lg hover:cursor-pointer lg:text-xl transition ease-in-out duration-75 active:translate-x-[1px] active:translate-y-[1px] active:border-b-2 active:border-r-2 active:border-transparent text-adlerdarkblue font-regular border-b-2 border-r-2 border-adlerdarkblue overflow-hidden box-border cursor-pointer"
            data-testid="Green 8"
            style="background-color: rgb(189, 198, 165);"
            title="Green 8"
          />
        </div>
      </div>
    </div>
  </body>,
  "container": <div>
    <div
      class="inline-grid grid-cols-8 row-span-8 text-adlerdarkblue"
    >
      <div
        class=""
      >
        <button
          class="m-2 border colorpicker-colors justify-center p-1 lg:w-16 lg:h-16 md:w-14 md:h-14 sm:w-10 sm:h-10 w-10 h-10 aspect-square mobile-landscape:w-9 mobile-landscape:h-9 flex items-center text-sm rounded-lg hover:cursor-pointer lg:text-xl transition ease-in-out duration-75 active:translate-x-[1px] active:translate-y-[1px] active:border-b-2 active:border-r-2 active:border-transparent text-adlerdarkblue font-regular border-b-2 border-r-2 border-adlerdarkblue overflow-hidden box-border cursor-pointer"
          data-testid="Grey 1"
          style="background-color: rgb(0, 0, 0);"
          title="Grey 1"
        />
      </div>
      <div
        class=""
      >
        <button
          class="m-2 border colorpicker-colors justify-center p-1 lg:w-16 lg:h-16 md:w-14 md:h-14 sm:w-10 sm:h-10 w-10 h-10 aspect-square mobile-landscape:w-9 mobile-landscape:h-9 flex items-center text-sm rounded-lg hover:cursor-pointer lg:text-xl transition ease-in-out duration-75 active:translate-x-[1px] active:translate-y-[1px] active:border-b-2 active:border-r-2 active:border-transparent text-adlerdarkblue font-regular border-b-2 border-r-2 border-adlerdarkblue overflow-hidden box-border cursor-pointer"
          data-testid="Grey 2"
          style="background-color: rgb(27, 27, 27);"
          title="Grey 2"
        />
      </div>
      <div
        class=""
      >
        <button
          class="m-2 border colorpicker-colors justify-center p-1 lg:w-16 lg:h-16 md:w-14 md:h-14 sm:w-10 sm:h-10 w-10 h-10 aspect-square mobile-landscape:w-9 mobile-landscape:h-9 flex items-center text-sm rounded-lg hover:cursor-pointer lg:text-xl transition ease-in-out duration-75 active:translate-x-[1px] active:translate-y-[1px] active:border-b-2 active:border-r-2 active:border-transparent text-adlerdarkblue font-regular border-b-2 border-r-2 border-adlerdarkblue overflow-hidden box-border cursor-pointer"
          data-testid="Grey 3"
          style="background-color: rgb(49, 49, 49);"
          title="Grey 3"
        />
      </div>
      <div
        class=""
      >
        <button
          class="m-2 border colorpicker-colors justify-center p-1 lg:w-16 lg:h-16 md:w-14 md:h-14 sm:w-10 sm:h-10 w-10 h-10 aspect-square mobile-landscape:w-9 mobile-landscape:h-9 flex items-center text-sm rounded-lg hover:cursor-pointer lg:text-xl transition ease-in-out duration-75 active:translate-x-[1px] active:translate-y-[1px] active:border-b-2 active:border-r-2 active:border-transparent text-adlerdarkblue font-regular border-b-2 border-r-2 border-adlerdarkblue overflow-hidden box-border cursor-pointer"
          data-testid="Grey 4"
          style="background-color: rgb(85, 85, 85);"
          title="Grey 4"
        />
      </div>
      <div
        class=""
      >
        <button
          class="m-2 border colorpicker-colors justify-center p-1 lg:w-16 lg:h-16 md:w-14 md:h-14 sm:w-10 sm:h-10 w-10 h-10 aspect-square mobile-landscape:w-9 mobile-landscape:h-9 flex items-center text-sm rounded-lg hover:cursor-pointer lg:text-xl transition ease-in-out duration-75 active:translate-x-[1px] active:translate-y-[1px] active:border-b-2 active:border-r-2 active:border-transparent text-adlerdarkblue font-regular border-b-2 border-r-2 border-adlerdarkblue overflow-hidden box-border cursor-pointer"
          data-testid="Grey 5"
          style="background-color: rgb(118, 118, 118);"
          title="Grey 5"
        />
      </div>
      <div
        class=""
      >
        <button
          class="m-2 border colorpicker-colors justify-center p-1 lg:w-16 lg:h-16 md:w-14 md:h-14 sm:w-10 sm:h-10 w-10 h-10 aspect-square mobile-landscape:w-9 mobile-landscape:h-9 flex items-center text-sm rounded-lg hover:cursor-pointer lg:text-xl transition ease-in-out duration-75 active:translate-x-[1px] active:translate-y-[1px] active:border-b-2 active:border-r-2 active:border-transparent text-adlerdarkblue font-regular border-b-2 border-r-2 border-adlerdarkblue overflow-hidden box-border cursor-pointer"
          data-testid="Grey 6"
          style="background-color: rgb(148, 148, 148);"
          title="Grey 6"
        />
      </div>
      <div
        class=""
      >
        <button
          class="m-2 border colorpicker-colors justify-center p-1 lg:w-16 lg:h-16 md:w-14 md:h-14 sm:w-10 sm:h-10 w-10 h-10 aspect-square mobile-landscape:w-9 mobile-landscape:h-9 flex items-center text-sm rounded-lg hover:cursor-pointer lg:text-xl transition ease-in-out duration-75 active:translate-x-[1px] active:translate-y-[1px] active:border-b-2 active:border-r-2 active:border-transparent text-adlerdarkblue font-regular border-b-2 border-r-2 border-adlerdarkblue overflow-hidden box-border cursor-pointer"
          data-testid="Grey 7"
          style="background-color: rgb(179, 179, 179);"
          title="Grey 7"
        />
      </div>
      <div
        class=""
      >
        <button
          class="m-2 border colorpicker-colors justify-center p-1 lg:w-16 lg:h-16 md:w-14 md:h-14 sm:w-10 sm:h-10 w-10 h-10 aspect-square mobile-landscape:w-9 mobile-landscape:h-9 flex items-center text-sm rounded-lg hover:cursor-pointer lg:text-xl transition ease-in-out duration-75 active:translate-x-[1px] active:translate-y-[1px] active:border-b-2 active:border-r-2 active:border-transparent text-adlerdarkblue font-regular border-b-2 border-r-2 border-adlerdarkblue overflow-hidden box-border cursor-pointer"
          data-testid="Grey 8"
          style="background-color: rgb(206, 206, 206);"
          title="Grey 8"
        />
      </div>
      <div
        class=""
      >
        <button
          class="m-2 border colorpicker-colors justify-center p-1 lg:w-16 lg:h-16 md:w-14 md:h-14 sm:w-10 sm:h-10 w-10 h-10 aspect-square mobile-landscape:w-9 mobile-landscape:h-9 flex items-center text-sm rounded-lg hover:cursor-pointer lg:text-xl transition ease-in-out duration-75 active:translate-x-[1px] active:translate-y-[1px] active:border-b-2 active:border-r-2 active:border-transparent text-adlerdarkblue font-regular border-b-2 border-r-2 border-adlerdarkblue overflow-hidden box-border cursor-pointer"
          data-testid="Blue 1"
          style="background-color: rgb(4, 54, 117);"
          title="Blue 1"
        />
      </div>
      <div
        class=""
      >
        <button
          class="m-2 border colorpicker-colors justify-center p-1 lg:w-16 lg:h-16 md:w-14 md:h-14 sm:w-10 sm:h-10 w-10 h-10 aspect-square mobile-landscape:w-9 mobile-landscape:h-9 flex items-center text-sm rounded-lg hover:cursor-pointer lg:text-xl transition ease-in-out duration-75 active:translate-x-[1px] active:translate-y-[1px] active:border-b-2 active:border-r-2 active:border-transparent text-adlerdarkblue font-regular border-b-2 border-r-2 border-adlerdarkblue overflow-hidden box-border cursor-pointer"
          data-testid="Blue 2"
          style="background-color: rgb(4, 54, 117);"
          title="Blue 2"
        />
      </div>
      <div
        class=""
      >
        <button
          class="m-2 border colorpicker-colors justify-center p-1 lg:w-16 lg:h-16 md:w-14 md:h-14 sm:w-10 sm:h-10 w-10 h-10 aspect-square mobile-landscape:w-9 mobile-landscape:h-9 flex items-center text-sm rounded-lg hover:cursor-pointer lg:text-xl transition ease-in-out duration-75 active:translate-x-[1px] active:translate-y-[1px] active:border-b-2 active:border-r-2 active:border-transparent text-adlerdarkblue font-regular border-b-2 border-r-2 border-adlerdarkblue overflow-hidden box-border cursor-pointer"
          data-testid="Blue 3"
          style="background-color: rgb(47, 145, 205);"
          title="Blue 3"
        />
      </div>
      <div
        class=""
      >
        <button
          class="m-2 border colorpicker-colors justify-center p-1 lg:w-16 lg:h-16 md:w-14 md:h-14 sm:w-10 sm:h-10 w-10 h-10 aspect-square mobile-landscape:w-9 mobile-landscape:h-9 flex items-center text-sm rounded-lg hover:cursor-pointer lg:text-xl transition ease-in-out duration-75 active:translate-x-[1px] active:translate-y-[1px] active:border-b-2 active:border-r-2 active:border-transparent text-adlerdarkblue font-regular border-b-2 border-r-2 border-adlerdarkblue overflow-hidden box-border cursor-pointer"
          data-testid="Blue 4"
          style="background-color: rgb(131, 174, 206);"
          title="Blue 4"
        />
      </div>
      <div
        class=""
      >
        <button
          class="m-2 border colorpicker-colors justify-center p-1 lg:w-16 lg:h-16 md:w-14 md:h-14 sm:w-10 sm:h-10 w-10 h-10 aspect-square mobile-landscape:w-9 mobile-landscape:h-9 flex items-center text-sm rounded-lg hover:cursor-pointer lg:text-xl transition ease-in-out duration-75 active:translate-x-[1px] active:translate-y-[1px] active:border-b-2 active:border-r-2 active:border-transparent text-adlerdarkblue font-regular border-b-2 border-r-2 border-adlerdarkblue overflow-hidden box-border cursor-pointer"
          data-testid="Blue 5"
          style="background-color: rgb(23, 96, 127);"
          title="Blue 5"
        />
      </div>
      <div
        class=""
      >
        <button
          class="m-2 border colorpicker-colors justify-center p-1 lg:w-16 lg:h-16 md:w-14 md:h-14 sm:w-10 sm:h-10 w-10 h-10 aspect-square mobile-landscape:w-9 mobile-landscape:h-9 flex items-center text-sm rounded-lg hover:cursor-pointer lg:text-xl transition ease-in-out duration-75 active:translate-x-[1px] active:translate-y-[1px] active:border-b-2 active:border-r-2 active:border-transparent text-adlerdarkblue font-regular border-b-2 border-r-2 border-adlerdarkblue overflow-hidden box-border cursor-pointer"
          data-testid="Blue 6"
          style="background-color: rgb(83, 152, 176);"
          title="Blue 6"
        />
      </div>
      <div
        class=""
      >
        <button
          class="m-2 border colorpicker-colors justify-center p-1 lg:w-16 lg:h-16 md:w-14 md:h-14 sm:w-10 sm:h-10 w-10 h-10 aspect-square mobile-landscape:w-9 mobile-landscape:h-9 flex items-center text-sm rounded-lg hover:cursor-pointer lg:text-xl transition ease-in-out duration-75 active:translate-x-[1px] active:translate-y-[1px] active:border-b-2 active:border-r-2 active:border-transparent text-adlerdarkblue font-regular border-b-2 border-r-2 border-adlerdarkblue overflow-hidden box-border cursor-pointer"
          data-testid="Blue 7"
          style="background-color: rgb(148, 183, 195);"
          title="Blue 7"
        />
      </div>
      <div
        class=""
      >
        <button
          class="m-2 border colorpicker-colors justify-center p-1 lg:w-16 lg:h-16 md:w-14 md:h-14 sm:w-10 sm:h-10 w-10 h-10 aspect-square mobile-landscape:w-9 mobile-landscape:h-9 flex items-center text-sm rounded-lg hover:cursor-pointer lg:text-xl transition ease-in-out duration-75 active:translate-x-[1px] active:translate-y-[1px] active:border-b-2 active:border-r-2 active:border-transparent text-adlerdarkblue font-regular border-b-2 border-r-2 border-adlerdarkblue overflow-hidden box-border cursor-pointer"
          data-testid="Blue 8"
          style="background-color: rgb(180, 198, 206);"
          title="Blue 8"
        />
      </div>
      <div
        class=""
      >
        <button
          class="m-2 border colorpicker-colors justify-center p-1 lg:w-16 lg:h-16 md:w-14 md:h-14 sm:w-10 sm:h-10 w-10 h-10 aspect-square mobile-landscape:w-9 mobile-landscape:h-9 flex items-center text-sm rounded-lg hover:cursor-pointer lg:text-xl transition ease-in-out duration-75 active:translate-x-[1px] active:translate-y-[1px] active:border-b-2 active:border-r-2 active:border-transparent text-adlerdarkblue font-regular border-b-2 border-r-2 border-adlerdarkblue overflow-hidden box-border cursor-pointer"
          data-testid="Red 1"
          style="background-color: rgb(139, 21, 24);"
          title="Red 1"
        />
      </div>
      <div
        class=""
      >
        <button
          class="m-2 border colorpicker-colors justify-center p-1 lg:w-16 lg:h-16 md:w-14 md:h-14 sm:w-10 sm:h-10 w-10 h-10 aspect-square mobile-landscape:w-9 mobile-landscape:h-9 flex items-center text-sm rounded-lg hover:cursor-pointer lg:text-xl transition ease-in-out duration-75 active:translate-x-[1px] active:translate-y-[1px] active:border-b-2 active:border-r-2 active:border-transparent text-adlerdarkblue font-regular border-b-2 border-r-2 border-adlerdarkblue overflow-hidden box-border cursor-pointer"
          data-testid="Red 2"
          style="background-color: rgb(164, 30, 34);"
          title="Red 2"
        />
      </div>
      <div
        class=""
      >
        <button
          class="m-2 border colorpicker-colors justify-center p-1 lg:w-16 lg:h-16 md:w-14 md:h-14 sm:w-10 sm:h-10 w-10 h-10 aspect-square mobile-landscape:w-9 mobile-landscape:h-9 flex items-center text-sm rounded-lg hover:cursor-pointer lg:text-xl transition ease-in-out duration-75 active:translate-x-[1px] active:translate-y-[1px] active:border-b-2 active:border-r-2 active:border-transparent text-adlerdarkblue font-regular border-b-2 border-r-2 border-adlerdarkblue overflow-hidden box-border cursor-pointer"
          data-testid="Red 3"
          style="background-color: rgb(189, 44, 48);"
          title="Red 3"
        />
      </div>
      <div
        class=""
      >
        <button
          class="m-2 border colorpicker-colors justify-center p-1 lg:w-16 lg:h-16 md:w-14 md:h-14 sm:w-10 sm:h-10 w-10 h-10 aspect-square mobile-landscape:w-9 mobile-landscape:h-9 flex items-center text-sm rounded-lg hover:cursor-pointer lg:text-xl transition ease-in-out duration-75 active:translate-x-[1px] active:translate-y-[1px] active:border-b-2 active:border-r-2 active:border-transparent text-adlerdarkblue font-regular border-b-2 border-r-2 border-adlerdarkblue overflow-hidden box-border cursor-pointer"
          data-testid="Red 4"
          style="background-color: rgb(206, 65, 69);"
          title="Red 4"
        />
      </div>
      <div
        class=""
      >
        <button
          class="m-2 border colorpicker-colors justify-center p-1 lg:w-16 lg:h-16 md:w-14 md:h-14 sm:w-10 sm:h-10 w-10 h-10 aspect-square mobile-landscape:w-9 mobile-landscape:h-9 flex items-center text-sm rounded-lg hover:cursor-pointer lg:text-xl transition ease-in-out duration-75 active:translate-x-[1px] active:translate-y-[1px] active:border-b-2 active:border-r-2 active:border-transparent text-adlerdarkblue font-regular border-b-2 border-r-2 border-adlerdarkblue overflow-hidden box-border cursor-pointer"
          data-testid="Red 5"
          style="background-color: rgb(135, 26, 11);"
          title="Red 5"
        />
      </div>
      <div
        class=""
      >
        <button
          class="m-2 border colorpicker-colors justify-center p-1 lg:w-16 lg:h-16 md:w-14 md:h-14 sm:w-10 sm:h-10 w-10 h-10 aspect-square mobile-landscape:w-9 mobile-landscape:h-9 flex items-center text-sm rounded-lg hover:cursor-pointer lg:text-xl transition ease-in-out duration-75 active:translate-x-[1px] active:translate-y-[1px] active:border-b-2 active:border-r-2 active:border-transparent text-adlerdarkblue font-regular border-b-2 border-r-2 border-adlerdarkblue overflow-hidden box-border cursor-pointer"
          data-testid="Red 6"
          style="background-color: rgb(168, 65, 30);"
          title="Red 6"
        />
      </div>
      <div
        class=""
      >
        <button
          class="m-2 border colorpicker-colors justify-center p-1 lg:w-16 lg:h-16 md:w-14 md:h-14 sm:w-10 sm:h-10 w-10 h-10 aspect-square mobile-landscape:w-9 mobile-landscape:h-9 flex items-center text-sm rounded-lg hover:cursor-pointer lg:text-xl transition ease-in-out duration-75 active:translate-x-[1px] active:translate-y-[1px] active:border-b-2 active:border-r-2 active:border-transparent text-adlerdarkblue font-regular border-b-2 border-r-2 border-adlerdarkblue overflow-hidden box-border cursor-pointer"
          data-testid="Red 7"
          style="background-color: rgb(193, 100, 63);"
          title="Red 7"
        />
      </div>
      <div
        class=""
      >
        <button
          class="m-2 border colorpicker-colors justify-center p-1 lg:w-16 lg:h-16 md:w-14 md:h-14 sm:w-10 sm:h-10 w-10 h-10 aspect-square mobile-landscape:w-9 mobile-landscape:h-9 flex items-center text-sm rounded-lg hover:cursor-pointer lg:text-xl transition ease-in-out duration-75 active:translate-x-[1px] active:translate-y-[1px] active:border-b-2 active:border-r-2 active:border-transparent text-adlerdarkblue font-regular border-b-2 border-r-2 border-adlerdarkblue overflow-hidden box-border cursor-pointer"
          data-testid="Red 8"
          style="background-color: rgb(205, 173, 162);"
          title="Red 8"
        />
      </div>
      <div
        class=""
      >
        <button
          class="m-2 border colorpicker-colors justify-center p-1 lg:w-16 lg:h-16 md:w-14 md:h-14 sm:w-10 sm:h-10 w-10 h-10 aspect-square mobile-landscape:w-9 mobile-landscape:h-9 flex items-center text-sm rounded-lg hover:cursor-pointer lg:text-xl transition ease-in-out duration-75 active:translate-x-[1px] active:translate-y-[1px] active:border-b-2 active:border-r-2 active:border-transparent text-adlerdarkblue font-regular border-b-2 border-r-2 border-adlerdarkblue overflow-hidden box-border cursor-pointer"
          data-testid="Orange 1"
          style="background-color: rgb(183, 96, 0);"
          title="Orange 1"
        />
      </div>
      <div
        class=""
      >
        <button
          class="m-2 border colorpicker-colors justify-center p-1 lg:w-16 lg:h-16 md:w-14 md:h-14 sm:w-10 sm:h-10 w-10 h-10 aspect-square mobile-landscape:w-9 mobile-landscape:h-9 flex items-center text-sm rounded-lg hover:cursor-pointer lg:text-xl transition ease-in-out duration-75 active:translate-x-[1px] active:translate-y-[1px] active:border-b-2 active:border-r-2 active:border-transparent text-adlerdarkblue font-regular border-b-2 border-r-2 border-adlerdarkblue overflow-hidden box-border cursor-pointer"
          data-testid="Orange 2"
          style="background-color: rgb(201, 131, 0);"
          title="Orange 2"
        />
      </div>
      <div
        class=""
      >
        <button
          class="m-2 border colorpicker-colors justify-center p-1 lg:w-16 lg:h-16 md:w-14 md:h-14 sm:w-10 sm:h-10 w-10 h-10 aspect-square mobile-landscape:w-9 mobile-landscape:h-9 flex items-center text-sm rounded-lg hover:cursor-pointer lg:text-xl transition ease-in-out duration-75 active:translate-x-[1px] active:translate-y-[1px] active:border-b-2 active:border-r-2 active:border-transparent text-adlerdarkblue font-regular border-b-2 border-r-2 border-adlerdarkblue overflow-hidden box-border cursor-pointer"
          data-testid="Orange 3"
          style="background-color: rgb(206, 161, 0);"
          title="Orange 3"
        />
      </div>
      <div
        class=""
      >
        <button
          class="m-2 border colorpicker-colors justify-center p-1 lg:w-16 lg:h-16 md:w-14 md:h-14 sm:w-10 sm:h-10 w-10 h-10 aspect-square mobile-landscape:w-9 mobile-landscape:h-9 flex items-center text-sm rounded-lg hover:cursor-pointer lg:text-xl transition ease-in-out duration-75 active:translate-x-[1px] active:translate-y-[1px] active:border-b-2 active:border-r-2 active:border-transparent text-adlerdarkblue font-regular border-b-2 border-r-2 border-adlerdarkblue overflow-hidden box-border cursor-pointer"
          data-testid="Orange 4"
          style="background-color: rgb(206, 183, 83);"
          title="Orange 4"
        />
      </div>
      <div
        class=""
      >
        <button
          class="m-2 border colorpicker-colors justify-center p-1 lg:w-16 lg:h-16 md:w-14 md:h-14 sm:w-10 sm:h-10 w-10 h-10 aspect-square mobile-landscape:w-9 mobile-landscape:h-9 flex items-center text-sm rounded-lg hover:cursor-pointer lg:text-xl transition ease-in-out duration-75 active:translate-x-[1px] active:translate-y-[1px] active:border-b-2 active:border-r-2 active:border-transparent text-adlerdarkblue font-regular border-b-2 border-r-2 border-adlerdarkblue overflow-hidden box-border cursor-pointer"
          data-testid="Orange 5"
          style="background-color: rgb(170, 149, 1);"
          title="Orange 5"
        />
      </div>
      <div
        class=""
      >
        <button
          class="m-2 border colorpicker-colors justify-center p-1 lg:w-16 lg:h-16 md:w-14 md:h-14 sm:w-10 sm:h-10 w-10 h-10 aspect-square mobile-landscape:w-9 mobile-landscape:h-9 flex items-center text-sm rounded-lg hover:cursor-pointer lg:text-xl transition ease-in-out duration-75 active:translate-x-[1px] active:translate-y-[1px] active:border-b-2 active:border-r-2 active:border-transparent text-adlerdarkblue font-regular border-b-2 border-r-2 border-adlerdarkblue overflow-hidden box-border cursor-pointer"
          data-testid="Orange 6"
          style="background-color: rgb(194, 175, 9);"
          title="Orange 6"
        />
      </div>
      <div
        class=""
      >
        <button
          class="m-2 border colorpicker-colors justify-center p-1 lg:w-16 lg:h-16 md:w-14 md:h-14 sm:w-10 sm:h-10 w-10 h-10 aspect-square mobile-landscape:w-9 mobile-landscape:h-9 flex items-center text-sm rounded-lg hover:cursor-pointer lg:text-xl transition ease-in-out duration-75 active:translate-x-[1px] active:translate-y-[1px] active:border-b-2 active:border-r-2 active:border-transparent text-adlerdarkblue font-regular border-b-2 border-r-2 border-adlerdarkblue overflow-hidden box-border cursor-pointer"
          data-testid="Orange 7"
          style="background-color: rgb(204, 196, 40);"
          title="Orange 7"
        />
      </div>
      <div
        class=""
      >
        <button
          class="m-2 border colorpicker-colors justify-center p-1 lg:w-16 lg:h-16 md:w-14 md:h-14 sm:w-10 sm:h-10 w-10 h-10 aspect-square mobile-landscape:w-9 mobile-landscape:h-9 flex items-center text-sm rounded-lg hover:cursor-pointer lg:text-xl transition ease-in-out duration-75 active:translate-x-[1px] active:translate-y-[1px] active:border-b-2 active:border-r-2 active:border-transparent text-adlerdarkblue font-regular border-b-2 border-r-2 border-adlerdarkblue overflow-hidden box-border cursor-pointer"
          data-testid="Orange 8"
          style="background-color: rgb(204, 202, 165);"
          title="Orange 8"
        />
      </div>
      <div
        class=""
      >
        <button
          class="m-2 border colorpicker-colors justify-center p-1 lg:w-16 lg:h-16 md:w-14 md:h-14 sm:w-10 sm:h-10 w-10 h-10 aspect-square mobile-landscape:w-9 mobile-landscape:h-9 flex items-center text-sm rounded-lg hover:cursor-pointer lg:text-xl transition ease-in-out duration-75 active:translate-x-[1px] active:translate-y-[1px] active:border-b-2 active:border-r-2 active:border-transparent text-adlerdarkblue font-regular border-b-2 border-r-2 border-adlerdarkblue overflow-hidden box-border cursor-pointer"
          data-testid="Brown 1"
          style="background-color: rgb(37, 22, 12);"
          title="Brown 1"
        />
      </div>
      <div
        class=""
      >
        <button
          class="m-2 border colorpicker-colors justify-center p-1 lg:w-16 lg:h-16 md:w-14 md:h-14 sm:w-10 sm:h-10 w-10 h-10 aspect-square mobile-landscape:w-9 mobile-landscape:h-9 flex items-center text-sm rounded-lg hover:cursor-pointer lg:text-xl transition ease-in-out duration-75 active:translate-x-[1px] active:translate-y-[1px] active:border-b-2 active:border-r-2 active:border-transparent text-adlerdarkblue font-regular border-b-2 border-r-2 border-adlerdarkblue overflow-hidden box-border cursor-pointer"
          data-testid="Brown 2"
          style="background-color: rgb(75, 42, 26);"
          title="Brown 2"
        />
      </div>
      <div
        class=""
      >
        <button
          class="m-2 border colorpicker-colors justify-center p-1 lg:w-16 lg:h-16 md:w-14 md:h-14 sm:w-10 sm:h-10 w-10 h-10 aspect-square mobile-landscape:w-9 mobile-landscape:h-9 flex items-center text-sm rounded-lg hover:cursor-pointer lg:text-xl transition ease-in-out duration-75 active:translate-x-[1px] active:translate-y-[1px] active:border-b-2 active:border-r-2 active:border-transparent text-adlerdarkblue font-regular border-b-2 border-r-2 border-adlerdarkblue overflow-hidden box-border cursor-pointer"
          data-testid="Brown 3"
          style="background-color: rgb(99, 61, 41);"
          title="Brown 3"
        />
      </div>
      <div
        class=""
      >
        <button
          class="m-2 border colorpicker-colors justify-center p-1 lg:w-16 lg:h-16 md:w-14 md:h-14 sm:w-10 sm:h-10 w-10 h-10 aspect-square mobile-landscape:w-9 mobile-landscape:h-9 flex items-center text-sm rounded-lg hover:cursor-pointer lg:text-xl transition ease-in-out duration-75 active:translate-x-[1px] active:translate-y-[1px] active:border-b-2 active:border-r-2 active:border-transparent text-adlerdarkblue font-regular border-b-2 border-r-2 border-adlerdarkblue overflow-hidden box-border cursor-pointer"
          data-testid="Brown 4"
          style="background-color: rgb(131, 91, 50);"
          title="Brown 4"
        />
      </div>
      <div
        class=""
      >
        <button
          class="m-2 border colorpicker-colors justify-center p-1 lg:w-16 lg:h-16 md:w-14 md:h-14 sm:w-10 sm:h-10 w-10 h-10 aspect-square mobile-landscape:w-9 mobile-landscape:h-9 flex items-center text-sm rounded-lg hover:cursor-pointer lg:text-xl transition ease-in-out duration-75 active:translate-x-[1px] active:translate-y-[1px] active:border-b-2 active:border-r-2 active:border-transparent text-adlerdarkblue font-regular border-b-2 border-r-2 border-adlerdarkblue overflow-hidden box-border cursor-pointer"
          data-testid="Brown 5"
          style="background-color: rgb(187, 152, 113);"
          title="Brown 5"
        />
      </div>
      <div
        class=""
      >
        <button
          class="m-2 border colorpicker-colors justify-center p-1 lg:w-16 lg:h-16 md:w-14 md:h-14 sm:w-10 sm:h-10 w-10 h-10 aspect-square mobile-landscape:w-9 mobile-landscape:h-9 flex items-center text-sm rounded-lg hover:cursor-pointer lg:text-xl transition ease-in-out duration-75 active:translate-x-[1px] active:translate-y-[1px] active:border-b-2 active:border-r-2 active:border-transparent text-adlerdarkblue font-regular border-b-2 border-r-2 border-adlerdarkblue overflow-hidden box-border cursor-pointer"
          data-testid="Brown 6"
          style="background-color: rgb(166, 148, 125);"
          title="Brown 6"
        />
      </div>
      <div
        class=""
      >
        <button
          class="m-2 border colorpicker-colors justify-center p-1 lg:w-16 lg:h-16 md:w-14 md:h-14 sm:w-10 sm:h-10 w-10 h-10 aspect-square mobile-landscape:w-9 mobile-landscape:h-9 flex items-center text-sm rounded-lg hover:cursor-pointer lg:text-xl transition ease-in-out duration-75 active:translate-x-[1px] active:translate-y-[1px] active:border-b-2 active:border-r-2 active:border-transparent text-adlerdarkblue font-regular border-b-2 border-r-2 border-adlerdarkblue overflow-hidden box-border cursor-pointer"
          data-testid="Brown 7"
          style="background-color: rgb(177, 162, 139);"
          title="Brown 7"
        />
      </div>
      <div
        class=""
      >
        <button
          class="m-2 border colorpicker-colors justify-center p-1 lg:w-16 lg:h-16 md:w-14 md:h-14 sm:w-10 sm:h-10 w-10 h-10 aspect-square mobile-landscape:w-9 mobile-landscape:h-9 flex items-center text-sm rounded-lg hover:cursor-pointer lg:text-xl transition ease-in-out duration-75 active:translate-x-[1px] active:translate-y-[1px] active:border-b-2 active:border-r-2 active:border-transparent text-adlerdarkblue font-regular border-b-2 border-r-2 border-adlerdarkblue overflow-hidden box-border cursor-pointer"
          data-testid="Brown 8"
          style="background-color: rgb(187, 169, 137);"
          title="Brown 8"
        />
      </div>
      <div
        class=""
      >
        <button
          class="m-2 border colorpicker-colors justify-center p-1 lg:w-16 lg:h-16 md:w-14 md:h-14 sm:w-10 sm:h-10 w-10 h-10 aspect-square mobile-landscape:w-9 mobile-landscape:h-9 flex items-center text-sm rounded-lg hover:cursor-pointer lg:text-xl transition ease-in-out duration-75 active:translate-x-[1px] active:translate-y-[1px] active:border-b-2 active:border-r-2 active:border-transparent text-adlerdarkblue font-regular border-b-2 border-r-2 border-adlerdarkblue overflow-hidden box-border cursor-pointer"
          data-testid="Brown 9"
          style="background-color: rgb(125, 67, 55);"
          title="Brown 9"
        />
      </div>
      <div
        class=""
      >
        <button
          class="m-2 border colorpicker-colors justify-center p-1 lg:w-16 lg:h-16 md:w-14 md:h-14 sm:w-10 sm:h-10 w-10 h-10 aspect-square mobile-landscape:w-9 mobile-landscape:h-9 flex items-center text-sm rounded-lg hover:cursor-pointer lg:text-xl transition ease-in-out duration-75 active:translate-x-[1px] active:translate-y-[1px] active:border-b-2 active:border-r-2 active:border-transparent text-adlerdarkblue font-regular border-b-2 border-r-2 border-adlerdarkblue overflow-hidden box-border cursor-pointer"
          data-testid="Brown 10"
          style="background-color: rgb(185, 121, 71);"
          title="Brown 10"
        />
      </div>
      <div
        class=""
      >
        <button
          class="m-2 border colorpicker-colors justify-center p-1 lg:w-16 lg:h-16 md:w-14 md:h-14 sm:w-10 sm:h-10 w-10 h-10 aspect-square mobile-landscape:w-9 mobile-landscape:h-9 flex items-center text-sm rounded-lg hover:cursor-pointer lg:text-xl transition ease-in-out duration-75 active:translate-x-[1px] active:translate-y-[1px] active:border-b-2 active:border-r-2 active:border-transparent text-adlerdarkblue font-regular border-b-2 border-r-2 border-adlerdarkblue overflow-hidden box-border cursor-pointer"
          data-testid="Brown 11"
          style="background-color: rgb(172, 125, 89);"
          title="Brown 11"
        />
      </div>
      <div
        class=""
      >
        <button
          class="m-2 border colorpicker-colors justify-center p-1 lg:w-16 lg:h-16 md:w-14 md:h-14 sm:w-10 sm:h-10 w-10 h-10 aspect-square mobile-landscape:w-9 mobile-landscape:h-9 flex items-center text-sm rounded-lg hover:cursor-pointer lg:text-xl transition ease-in-out duration-75 active:translate-x-[1px] active:translate-y-[1px] active:border-b-2 active:border-r-2 active:border-transparent text-adlerdarkblue font-regular border-b-2 border-r-2 border-adlerdarkblue overflow-hidden box-border cursor-pointer"
          data-testid="Brown 12"
          style="background-color: rgb(103, 127, 136);"
          title="Brown 12"
        />
      </div>
      <div
        class=""
      >
        <button
          class="m-2 border colorpicker-colors justify-center p-1 lg:w-16 lg:h-16 md:w-14 md:h-14 sm:w-10 sm:h-10 w-10 h-10 aspect-square mobile-landscape:w-9 mobile-landscape:h-9 flex items-center text-sm rounded-lg hover:cursor-pointer lg:text-xl transition ease-in-out duration-75 active:translate-x-[1px] active:translate-y-[1px] active:border-b-2 active:border-r-2 active:border-transparent text-adlerdarkblue font-regular border-b-2 border-r-2 border-adlerdarkblue overflow-hidden box-border cursor-pointer"
          data-testid="Brown 13"
          style="background-color: rgb(178, 150, 118);"
          title="Brown 13"
        />
      </div>
      <div
        class=""
      >
        <button
          class="m-2 border colorpicker-colors justify-center p-1 lg:w-16 lg:h-16 md:w-14 md:h-14 sm:w-10 sm:h-10 w-10 h-10 aspect-square mobile-landscape:w-9 mobile-landscape:h-9 flex items-center text-sm rounded-lg hover:cursor-pointer lg:text-xl transition ease-in-out duration-75 active:translate-x-[1px] active:translate-y-[1px] active:border-b-2 active:border-r-2 active:border-transparent text-adlerdarkblue font-regular border-b-2 border-r-2 border-adlerdarkblue overflow-hidden box-border cursor-pointer"
          data-testid="Brown 14"
          style="background-color: rgb(191, 161, 131);"
          title="Brown 14"
        />
      </div>
      <div
        class=""
      >
        <button
          class="m-2 border colorpicker-colors justify-center p-1 lg:w-16 lg:h-16 md:w-14 md:h-14 sm:w-10 sm:h-10 w-10 h-10 aspect-square mobile-landscape:w-9 mobile-landscape:h-9 flex items-center text-sm rounded-lg hover:cursor-pointer lg:text-xl transition ease-in-out duration-75 active:translate-x-[1px] active:translate-y-[1px] active:border-b-2 active:border-r-2 active:border-transparent text-adlerdarkblue font-regular border-b-2 border-r-2 border-adlerdarkblue overflow-hidden box-border cursor-pointer"
          data-testid="Brown 15"
          style="background-color: rgb(201, 178, 166);"
          title="Brown 15"
        />
      </div>
      <div
        class=""
      >
        <button
          class="m-2 border colorpicker-colors justify-center p-1 lg:w-16 lg:h-16 md:w-14 md:h-14 sm:w-10 sm:h-10 w-10 h-10 aspect-square mobile-landscape:w-9 mobile-landscape:h-9 flex items-center text-sm rounded-lg hover:cursor-pointer lg:text-xl transition ease-in-out duration-75 active:translate-x-[1px] active:translate-y-[1px] active:border-b-2 active:border-r-2 active:border-transparent text-adlerdarkblue font-regular border-b-2 border-r-2 border-adlerdarkblue overflow-hidden box-border cursor-pointer"
          data-testid="Brown 16"
          style="background-color: rgb(204, 190, 184);"
          title="Brown 16"
        />
      </div>
      <div
        class=""
      >
        <button
          class="m-2 border colorpicker-colors justify-center p-1 lg:w-16 lg:h-16 md:w-14 md:h-14 sm:w-10 sm:h-10 w-10 h-10 aspect-square mobile-landscape:w-9 mobile-landscape:h-9 flex items-center text-sm rounded-lg hover:cursor-pointer lg:text-xl transition ease-in-out duration-75 active:translate-x-[1px] active:translate-y-[1px] active:border-b-2 active:border-r-2 active:border-transparent text-adlerdarkblue font-regular border-b-2 border-r-2 border-adlerdarkblue overflow-hidden box-border cursor-pointer"
          data-testid="Violet 1"
          style="background-color: rgb(169, 9, 179);"
          title="Violet 1"
        />
      </div>
      <div
        class=""
      >
        <button
          class="m-2 border colorpicker-colors justify-center p-1 lg:w-16 lg:h-16 md:w-14 md:h-14 sm:w-10 sm:h-10 w-10 h-10 aspect-square mobile-landscape:w-9 mobile-landscape:h-9 flex items-center text-sm rounded-lg hover:cursor-pointer lg:text-xl transition ease-in-out duration-75 active:translate-x-[1px] active:translate-y-[1px] active:border-b-2 active:border-r-2 active:border-transparent text-adlerdarkblue font-regular border-b-2 border-r-2 border-adlerdarkblue overflow-hidden box-border cursor-pointer"
          data-testid="Violet 2"
          style="background-color: rgb(197, 94, 202);"
          title="Violet 2"
        />
      </div>
      <div
        class=""
      >
        <button
          class="m-2 border colorpicker-colors justify-center p-1 lg:w-16 lg:h-16 md:w-14 md:h-14 sm:w-10 sm:h-10 w-10 h-10 aspect-square mobile-landscape:w-9 mobile-landscape:h-9 flex items-center text-sm rounded-lg hover:cursor-pointer lg:text-xl transition ease-in-out duration-75 active:translate-x-[1px] active:translate-y-[1px] active:border-b-2 active:border-r-2 active:border-transparent text-adlerdarkblue font-regular border-b-2 border-r-2 border-adlerdarkblue overflow-hidden box-border cursor-pointer"
          data-testid="Violet 3"
          style="background-color: rgb(200, 166, 203);"
          title="Violet 3"
        />
      </div>
      <div
        class=""
      >
        <button
          class="m-2 border colorpicker-colors justify-center p-1 lg:w-16 lg:h-16 md:w-14 md:h-14 sm:w-10 sm:h-10 w-10 h-10 aspect-square mobile-landscape:w-9 mobile-landscape:h-9 flex items-center text-sm rounded-lg hover:cursor-pointer lg:text-xl transition ease-in-out duration-75 active:translate-x-[1px] active:translate-y-[1px] active:border-b-2 active:border-r-2 active:border-transparent text-adlerdarkblue font-regular border-b-2 border-r-2 border-adlerdarkblue overflow-hidden box-border cursor-pointer"
          data-testid="Violet 4"
          style="background-color: rgb(203, 192, 204);"
          title="Violet 4"
        />
      </div>
      <div
        class=""
      >
        <button
          class="m-2 border colorpicker-colors justify-center p-1 lg:w-16 lg:h-16 md:w-14 md:h-14 sm:w-10 sm:h-10 w-10 h-10 aspect-square mobile-landscape:w-9 mobile-landscape:h-9 flex items-center text-sm rounded-lg hover:cursor-pointer lg:text-xl transition ease-in-out duration-75 active:translate-x-[1px] active:translate-y-[1px] active:border-b-2 active:border-r-2 active:border-transparent text-adlerdarkblue font-regular border-b-2 border-r-2 border-adlerdarkblue overflow-hidden box-border cursor-pointer"
          data-testid="Violet 5"
          style="background-color: rgb(80, 12, 140);"
          title="Violet 5"
        />
      </div>
      <div
        class=""
      >
        <button
          class="m-2 border colorpicker-colors justify-center p-1 lg:w-16 lg:h-16 md:w-14 md:h-14 sm:w-10 sm:h-10 w-10 h-10 aspect-square mobile-landscape:w-9 mobile-landscape:h-9 flex items-center text-sm rounded-lg hover:cursor-pointer lg:text-xl transition ease-in-out duration-75 active:translate-x-[1px] active:translate-y-[1px] active:border-b-2 active:border-r-2 active:border-transparent text-adlerdarkblue font-regular border-b-2 border-r-2 border-adlerdarkblue overflow-hidden box-border cursor-pointer"
          data-testid="Violet 6"
          style="background-color: rgb(134, 63, 179);"
          title="Violet 6"
        />
      </div>
      <div
        class=""
      >
        <button
          class="m-2 border colorpicker-colors justify-center p-1 lg:w-16 lg:h-16 md:w-14 md:h-14 sm:w-10 sm:h-10 w-10 h-10 aspect-square mobile-landscape:w-9 mobile-landscape:h-9 flex items-center text-sm rounded-lg hover:cursor-pointer lg:text-xl transition ease-in-out duration-75 active:translate-x-[1px] active:translate-y-[1px] active:border-b-2 active:border-r-2 active:border-transparent text-adlerdarkblue font-regular border-b-2 border-r-2 border-adlerdarkblue overflow-hidden box-border cursor-pointer"
          data-testid="Violet 7"
          style="background-color: rgb(163, 112, 195);"
          title="Violet 7"
        />
      </div>
      <div
        class=""
      >
        <button
          class="m-2 border colorpicker-colors justify-center p-1 lg:w-16 lg:h-16 md:w-14 md:h-14 sm:w-10 sm:h-10 w-10 h-10 aspect-square mobile-landscape:w-9 mobile-landscape:h-9 flex items-center text-sm rounded-lg hover:cursor-pointer lg:text-xl transition ease-in-out duration-75 active:translate-x-[1px] active:translate-y-[1px] active:border-b-2 active:border-r-2 active:border-transparent text-adlerdarkblue font-regular border-b-2 border-r-2 border-adlerdarkblue overflow-hidden box-border cursor-pointer"
          data-testid="Violet 8"
          style="background-color: rgb(189, 170, 203);"
          title="Violet 8"
        />
      </div>
      <div
        class=""
      >
        <button
          class="m-2 border colorpicker-colors justify-center p-1 lg:w-16 lg:h-16 md:w-14 md:h-14 sm:w-10 sm:h-10 w-10 h-10 aspect-square mobile-landscape:w-9 mobile-landscape:h-9 flex items-center text-sm rounded-lg hover:cursor-pointer lg:text-xl transition ease-in-out duration-75 active:translate-x-[1px] active:translate-y-[1px] active:border-b-2 active:border-r-2 active:border-transparent text-adlerdarkblue font-regular border-b-2 border-r-2 border-adlerdarkblue overflow-hidden box-border cursor-pointer"
          data-testid="Green 1"
          style="background-color: rgb(13, 85, 2);"
          title="Green 1"
        />
      </div>
      <div
        class=""
      >
        <button
          class="m-2 border colorpicker-colors justify-center p-1 lg:w-16 lg:h-16 md:w-14 md:h-14 sm:w-10 sm:h-10 w-10 h-10 aspect-square mobile-landscape:w-9 mobile-landscape:h-9 flex items-center text-sm rounded-lg hover:cursor-pointer lg:text-xl transition ease-in-out duration-75 active:translate-x-[1px] active:translate-y-[1px] active:border-b-2 active:border-r-2 active:border-transparent text-adlerdarkblue font-regular border-b-2 border-r-2 border-adlerdarkblue overflow-hidden box-border cursor-pointer"
          data-testid="Green 2"
          style="background-color: rgb(25, 154, 9);"
          title="Green 2"
        />
      </div>
      <div
        class=""
      >
        <button
          class="m-2 border colorpicker-colors justify-center p-1 lg:w-16 lg:h-16 md:w-14 md:h-14 sm:w-10 sm:h-10 w-10 h-10 aspect-square mobile-landscape:w-9 mobile-landscape:h-9 flex items-center text-sm rounded-lg hover:cursor-pointer lg:text-xl transition ease-in-out duration-75 active:translate-x-[1px] active:translate-y-[1px] active:border-b-2 active:border-r-2 active:border-transparent text-adlerdarkblue font-regular border-b-2 border-r-2 border-adlerdarkblue overflow-hidden box-border cursor-pointer"
          data-testid="Green 3"
          style="background-color: rgb(58, 198, 30);"
          title="Green 3"
        />
      </div>
      <div
        class=""
      >
        <button
          class="m-2 border colorpicker-colors justify-center p-1 lg:w-16 lg:h-16 md:w-14 md:h-14 sm:w-10 sm:h-10 w-10 h-10 aspect-square mobile-landscape:w-9 mobile-landscape:h-9 flex items-center text-sm rounded-lg hover:cursor-pointer lg:text-xl transition ease-in-out duration-75 active:translate-x-[1px] active:translate-y-[1px] active:border-b-2 active:border-r-2 active:border-transparent text-adlerdarkblue font-regular border-b-2 border-r-2 border-adlerdarkblue overflow-hidden box-border cursor-pointer"
          data-testid="Green 4"
          style="background-color: rgb(130, 206, 132);"
          title="Green 4"
        />
      </div>
      <div
        class=""
      >
        <button
          class="m-2 border colorpicker-colors justify-center p-1 lg:w-16 lg:h-16 md:w-14 md:h-14 sm:w-10 sm:h-10 w-10 h-10 aspect-square mobile-landscape:w-9 mobile-landscape:h-9 flex items-center text-sm rounded-lg hover:cursor-pointer lg:text-xl transition ease-in-out duration-75 active:translate-x-[1px] active:translate-y-[1px] active:border-b-2 active:border-r-2 active:border-transparent text-adlerdarkblue font-regular border-b-2 border-r-2 border-adlerdarkblue overflow-hidden box-border cursor-pointer"
          data-testid="Green 5"
          style="background-color: rgb(59, 102, 19);"
          title="Green 5"
        />
      </div>
      <div
        class=""
      >
        <button
          class="m-2 border colorpicker-colors justify-center p-1 lg:w-16 lg:h-16 md:w-14 md:h-14 sm:w-10 sm:h-10 w-10 h-10 aspect-square mobile-landscape:w-9 mobile-landscape:h-9 flex items-center text-sm rounded-lg hover:cursor-pointer lg:text-xl transition ease-in-out duration-75 active:translate-x-[1px] active:translate-y-[1px] active:border-b-2 active:border-r-2 active:border-transparent text-adlerdarkblue font-regular border-b-2 border-r-2 border-adlerdarkblue overflow-hidden box-border cursor-pointer"
          data-testid="Green 6"
          style="background-color: rgb(112, 150, 54);"
          title="Green 6"
        />
      </div>
      <div
        class=""
      >
        <button
          class="m-2 border colorpicker-colors justify-center p-1 lg:w-16 lg:h-16 md:w-14 md:h-14 sm:w-10 sm:h-10 w-10 h-10 aspect-square mobile-landscape:w-9 mobile-landscape:h-9 flex items-center text-sm rounded-lg hover:cursor-pointer lg:text-xl transition ease-in-out duration-75 active:translate-x-[1px] active:translate-y-[1px] active:border-b-2 active:border-r-2 active:border-transparent text-adlerdarkblue font-regular border-b-2 border-r-2 border-adlerdarkblue overflow-hidden box-border cursor-pointer"
          data-testid="Green 7"
          style="background-color: rgb(157, 177, 107);"
          title="Green 7"
        />
      </div>
      <div
        class=""
      >
        <button
          class="m-2 border colorpicker-colors justify-center p-1 lg:w-16 lg:h-16 md:w-14 md:h-14 sm:w-10 sm:h-10 w-10 h-10 aspect-square mobile-landscape:w-9 mobile-landscape:h-9 flex items-center text-sm rounded-lg hover:cursor-pointer lg:text-xl transition ease-in-out duration-75 active:translate-x-[1px] active:translate-y-[1px] active:border-b-2 active:border-r-2 active:border-transparent text-adlerdarkblue font-regular border-b-2 border-r-2 border-adlerdarkblue overflow-hidden box-border cursor-pointer"
          data-testid="Green 8"
          style="background-color: rgb(189, 198, 165);"
          title="Green 8"
        />
      </div>
    </div>
  </div>,
  "debug": [Function],
  "findAllByAltText": [Function],
  "findAllByDisplayValue": [Function],
  "findAllByLabelText": [Function],
  "findAllByPlaceholderText": [Function],
  "findAllByRole": [Function],
  "findAllByTestId": [Function],
  "findAllByText": [Function],
  "findAllByTitle": [Function],
  "findByAltText": [Function],
  "findByDisplayValue": [Function],
  "findByLabelText": [Function],
  "findByPlaceholderText": [Function],
  "findByRole": [Function],
  "findByTestId": [Function],
  "findByText": [Function],
  "findByTitle": [Function],
  "getAllByAltText": [Function],
  "getAllByDisplayValue": [Function],
  "getAllByLabelText": [Function],
  "getAllByPlaceholderText": [Function],
  "getAllByRole": [Function],
  "getAllByTestId": [Function],
  "getAllByText": [Function],
  "getAllByTitle": [Function],
  "getByAltText": [Function],
  "getByDisplayValue": [Function],
  "getByLabelText": [Function],
  "getByPlaceholderText": [Function],
  "getByRole": [Function],
  "getByTestId": [Function],
  "getByText": [Function],
  "getByTitle": [Function],
  "queryAllByAltText": [Function],
  "queryAllByDisplayValue": [Function],
  "queryAllByLabelText": [Function],
  "queryAllByPlaceholderText": [Function],
  "queryAllByRole": [Function],
  "queryAllByTestId": [Function],
  "queryAllByText": [Function],
  "queryAllByTitle": [Function],
  "queryByAltText": [Function],
  "queryByDisplayValue": [Function],
  "queryByLabelText": [Function],
  "queryByPlaceholderText": [Function],
  "queryByRole": [Function],
  "queryByTestId": [Function],
  "queryByText": [Function],
  "queryByTitle": [Function],
  "rerender": [Function],
  "unmount": [Function],
}
`;
