// Jest Snapshot v1, https://goo.gl/fbAQLP

exports[`AvatarEditorPreview should render 1`] = `
<div>
  <div
    class=""
  >
    <mockedbabyloncanvas
      class="rounded-xl w-full h-full"
    />
    <div
      class="absolute flex justify-center w-full p-2 space-x-2 bottom-4 portrait:bottom-2"
    >
      <div
        class=""
      >
        <button
          class="justify-center p-1 lg:w-16 lg:h-16 md:w-14 md:h-14 sm:w-10 sm:h-10 w-10 h-10 aspect-square mobile-landscape:w-9 mobile-landscape:h-9 flex items-center text-sm rounded-lg hover:cursor-pointer lg:text-xl transition ease-in-out duration-75 active:translate-x-[1px] active:translate-y-[1px] active:border-b-2 active:border-r-2 active:border-transparent text-adlerdarkblue font-regular border-b-2 border-r-2 border-adlerdarkblue overflow-hidden box-border cursor-pointer bg-buttonbgblue landscape:hover:bg-adleryellow active:bg-adleryellow"
          data-testid="left-turn-button"
          title="Dreht die Avatardarstellung im Uhrzeigersinn"
        >
          <img
            alt="Left Icon"
            class="w-10 xl:w-12 "
            src="left.svg"
          />
        </button>
      </div>
      <div
        class=""
      >
        <button
          class="justify-center p-1 lg:w-16 lg:h-16 md:w-14 md:h-14 sm:w-10 sm:h-10 w-10 h-10 aspect-square mobile-landscape:w-9 mobile-landscape:h-9 flex items-center text-sm rounded-lg hover:cursor-pointer lg:text-xl transition ease-in-out duration-75 active:translate-x-[1px] active:translate-y-[1px] active:border-b-2 active:border-r-2 active:border-transparent text-adlerdarkblue font-regular border-b-2 border-r-2 border-adlerdarkblue overflow-hidden box-border cursor-pointer bg-buttonbgblue landscape:hover:bg-adleryellow active:bg-adleryellow"
          data-testid="zoom-in-button"
          title="Zoomt näher an das Gesicht des Avatars heran"
        >
          <img
            alt="Plus Icon"
            class="w-10 xl:w-12 "
            src="plus.svg"
          />
        </button>
      </div>
      <div
        class=""
      >
        <button
          class="justify-center p-1 lg:w-16 lg:h-16 md:w-14 md:h-14 sm:w-10 sm:h-10 w-10 h-10 aspect-square mobile-landscape:w-9 mobile-landscape:h-9 flex items-center text-sm rounded-lg hover:cursor-pointer lg:text-xl transition ease-in-out duration-75 active:translate-x-[1px] active:translate-y-[1px] active:border-b-2 active:border-r-2 active:border-transparent text-adlerdarkblue font-regular border-b-2 border-r-2 border-adlerdarkblue overflow-hidden box-border cursor-pointer bg-buttonbgblue landscape:hover:bg-adleryellow active:bg-adleryellow"
          data-testid="zoom-out-button"
          title="Zoomt weiter vom Geischt des Avatars heraus"
        >
          <img
            alt="Minus Icon"
            class="w-10 xl:w-12 "
            src="minus.svg"
          />
        </button>
      </div>
      <div
        class=""
      >
        <button
          class="justify-center p-1 lg:w-16 lg:h-16 md:w-14 md:h-14 sm:w-10 sm:h-10 w-10 h-10 aspect-square mobile-landscape:w-9 mobile-landscape:h-9 flex items-center text-sm rounded-lg hover:cursor-pointer lg:text-xl transition ease-in-out duration-75 active:translate-x-[1px] active:translate-y-[1px] active:border-b-2 active:border-r-2 active:border-transparent text-adlerdarkblue font-regular border-b-2 border-r-2 border-adlerdarkblue overflow-hidden box-border cursor-pointer bg-buttonbgblue landscape:hover:bg-adleryellow active:bg-adleryellow"
          data-testid="right-turn-button"
          title="Dreht die Avatardarstellung gegen den Uhrzeigersinn"
        >
          <img
            alt="Right Icon"
            class="w-10 xl:w-12 "
            src="right.svg"
          />
        </button>
      </div>
    </div>
  </div>
  ,
</div>
`;
